Archive member included to satisfy reference by file (symbol)

c:/progra~2/armgnu~1/12977f~1.2mp/bin/../lib/gcc/arm-none-eabi/12.2.1/thumb/v6-m/nofp\libg.a(libc_a-exit.o)
                              c:/progra~2/armgnu~1/12977f~1.2mp/bin/../lib/gcc/arm-none-eabi/12.2.1/thumb/v6-m/nofp/crt0.o (exit)
c:/progra~2/armgnu~1/12977f~1.2mp/bin/../lib/gcc/arm-none-eabi/12.2.1/thumb/v6-m/nofp\libg.a(libc_a-findfp.o)
                              c:/progra~2/armgnu~1/12977f~1.2mp/bin/../lib/gcc/arm-none-eabi/12.2.1/thumb/v6-m/nofp\libg.a(libc_a-exit.o) (__stdio_exit_handler)
c:/progra~2/armgnu~1/12977f~1.2mp/bin/../lib/gcc/arm-none-eabi/12.2.1/thumb/v6-m/nofp\libg.a(libc_a-fwalk.o)
                              c:/progra~2/armgnu~1/12977f~1.2mp/bin/../lib/gcc/arm-none-eabi/12.2.1/thumb/v6-m/nofp\libg.a(libc_a-findfp.o) (_fwalk_sglue)
c:/progra~2/armgnu~1/12977f~1.2mp/bin/../lib/gcc/arm-none-eabi/12.2.1/thumb/v6-m/nofp\libg.a(libc_a-stdio.o)
                              c:/progra~2/armgnu~1/12977f~1.2mp/bin/../lib/gcc/arm-none-eabi/12.2.1/thumb/v6-m/nofp\libg.a(libc_a-findfp.o) (__sread)
c:/progra~2/armgnu~1/12977f~1.2mp/bin/../lib/gcc/arm-none-eabi/12.2.1/thumb/v6-m/nofp\libg.a(libc_a-memset.o)
                              c:/progra~2/armgnu~1/12977f~1.2mp/bin/../lib/gcc/arm-none-eabi/12.2.1/thumb/v6-m/nofp/crt0.o (memset)
c:/progra~2/armgnu~1/12977f~1.2mp/bin/../lib/gcc/arm-none-eabi/12.2.1/thumb/v6-m/nofp\libg.a(libc_a-closer.o)
                              c:/progra~2/armgnu~1/12977f~1.2mp/bin/../lib/gcc/arm-none-eabi/12.2.1/thumb/v6-m/nofp\libg.a(libc_a-stdio.o) (_close_r)
c:/progra~2/armgnu~1/12977f~1.2mp/bin/../lib/gcc/arm-none-eabi/12.2.1/thumb/v6-m/nofp\libg.a(libc_a-reent.o)
                              c:/progra~2/armgnu~1/12977f~1.2mp/bin/../lib/gcc/arm-none-eabi/12.2.1/thumb/v6-m/nofp\libg.a(libc_a-closer.o) (errno)
c:/progra~2/armgnu~1/12977f~1.2mp/bin/../lib/gcc/arm-none-eabi/12.2.1/thumb/v6-m/nofp\libg.a(libc_a-impure.o)
                              c:/progra~2/armgnu~1/12977f~1.2mp/bin/../lib/gcc/arm-none-eabi/12.2.1/thumb/v6-m/nofp\libg.a(libc_a-reent.o) (_impure_ptr)
c:/progra~2/armgnu~1/12977f~1.2mp/bin/../lib/gcc/arm-none-eabi/12.2.1/thumb/v6-m/nofp\libg.a(libc_a-lseekr.o)
                              c:/progra~2/armgnu~1/12977f~1.2mp/bin/../lib/gcc/arm-none-eabi/12.2.1/thumb/v6-m/nofp\libg.a(libc_a-stdio.o) (_lseek_r)
c:/progra~2/armgnu~1/12977f~1.2mp/bin/../lib/gcc/arm-none-eabi/12.2.1/thumb/v6-m/nofp\libg.a(libc_a-readr.o)
                              c:/progra~2/armgnu~1/12977f~1.2mp/bin/../lib/gcc/arm-none-eabi/12.2.1/thumb/v6-m/nofp\libg.a(libc_a-stdio.o) (_read_r)
c:/progra~2/armgnu~1/12977f~1.2mp/bin/../lib/gcc/arm-none-eabi/12.2.1/thumb/v6-m/nofp\libg.a(libc_a-writer.o)
                              c:/progra~2/armgnu~1/12977f~1.2mp/bin/../lib/gcc/arm-none-eabi/12.2.1/thumb/v6-m/nofp\libg.a(libc_a-stdio.o) (_write_r)
c:/progra~2/armgnu~1/12977f~1.2mp/bin/../lib/gcc/arm-none-eabi/12.2.1/thumb/v6-m/nofp\libg.a(libc_a-init.o)
                              c:/progra~2/armgnu~1/12977f~1.2mp/bin/../lib/gcc/arm-none-eabi/12.2.1/thumb/v6-m/nofp/crt0.o (__libc_init_array)
c:/progra~2/armgnu~1/12977f~1.2mp/bin/../lib/gcc/arm-none-eabi/12.2.1/thumb/v6-m/nofp\libg.a(libc_a-lock.o)
                              c:/progra~2/armgnu~1/12977f~1.2mp/bin/../lib/gcc/arm-none-eabi/12.2.1/thumb/v6-m/nofp\libg.a(libc_a-findfp.o) (__retarget_lock_init_recursive)
c:/progra~2/armgnu~1/12977f~1.2mp/bin/../lib/gcc/arm-none-eabi/12.2.1/thumb/v6-m/nofp\libg.a(libc_a-memcpy-stub.o)
                              CMakeFiles/DZ2.elf.dir/src/TEST/test_flash.c.obj (memcpy)
c:/progra~2/armgnu~1/12977f~1.2mp/bin/../lib/gcc/arm-none-eabi/12.2.1/thumb/v6-m/nofp\libg.a(libc_a-__call_atexit.o)
                              c:/progra~2/armgnu~1/12977f~1.2mp/bin/../lib/gcc/arm-none-eabi/12.2.1/thumb/v6-m/nofp\libg.a(libc_a-exit.o) (__call_exitprocs)
c:/progra~2/armgnu~1/12977f~1.2mp/bin/../lib/gcc/arm-none-eabi/12.2.1/thumb/v6-m/nofp\libg.a(libc_a-atexit.o)
                              c:/progra~2/armgnu~1/12977f~1.2mp/bin/../lib/gcc/arm-none-eabi/12.2.1/thumb/v6-m/nofp\libg.a(libc_a-__call_atexit.o) (atexit)
c:/progra~2/armgnu~1/12977f~1.2mp/bin/../lib/gcc/arm-none-eabi/12.2.1/thumb/v6-m/nofp\libg.a(libc_a-freer.o)
                              c:/progra~2/armgnu~1/12977f~1.2mp/bin/../lib/gcc/arm-none-eabi/12.2.1/thumb/v6-m/nofp\libg.a(libc_a-reent.o) (_free_r)
c:/progra~2/armgnu~1/12977f~1.2mp/bin/../lib/gcc/arm-none-eabi/12.2.1/thumb/v6-m/nofp\libg.a(libc_a-mallocr.o)
                              c:/progra~2/armgnu~1/12977f~1.2mp/bin/../lib/gcc/arm-none-eabi/12.2.1/thumb/v6-m/nofp\libg.a(libc_a-findfp.o) (_malloc_r)
c:/progra~2/armgnu~1/12977f~1.2mp/bin/../lib/gcc/arm-none-eabi/12.2.1/thumb/v6-m/nofp\libg.a(libc_a-mlock.o)
                              c:/progra~2/armgnu~1/12977f~1.2mp/bin/../lib/gcc/arm-none-eabi/12.2.1/thumb/v6-m/nofp\libg.a(libc_a-freer.o) (__malloc_lock)
c:/progra~2/armgnu~1/12977f~1.2mp/bin/../lib/gcc/arm-none-eabi/12.2.1/thumb/v6-m/nofp\libg.a(libc_a-fclose.o)
                              c:/progra~2/armgnu~1/12977f~1.2mp/bin/../lib/gcc/arm-none-eabi/12.2.1/thumb/v6-m/nofp\libg.a(libc_a-findfp.o) (_fclose_r)
c:/progra~2/armgnu~1/12977f~1.2mp/bin/../lib/gcc/arm-none-eabi/12.2.1/thumb/v6-m/nofp\libg.a(libc_a-fflush.o)
                              c:/progra~2/armgnu~1/12977f~1.2mp/bin/../lib/gcc/arm-none-eabi/12.2.1/thumb/v6-m/nofp\libg.a(libc_a-fclose.o) (__sflush_r)
c:/progra~2/armgnu~1/12977f~1.2mp/bin/../lib/gcc/arm-none-eabi/12.2.1/thumb/v6-m/nofp\libg.a(libc_a-sbrkr.o)
                              c:/progra~2/armgnu~1/12977f~1.2mp/bin/../lib/gcc/arm-none-eabi/12.2.1/thumb/v6-m/nofp\libg.a(libc_a-freer.o) (_sbrk_r)
c:/progra~2/armgnu~1/12977f~1.2mp/bin/../lib/gcc/arm-none-eabi/12.2.1/thumb/v6-m/nofp\libg.a(libc_a-fini.o)
                              c:/progra~2/armgnu~1/12977f~1.2mp/bin/../lib/gcc/arm-none-eabi/12.2.1/thumb/v6-m/nofp\libg.a(libc_a-__call_atexit.o) (__libc_fini_array)
c:/progra~2/armgnu~1/12977f~1.2mp/bin/../lib/gcc/arm-none-eabi/12.2.1/thumb/v6-m/nofp\libg.a(libc_a-sysconf.o)
                              c:/progra~2/armgnu~1/12977f~1.2mp/bin/../lib/gcc/arm-none-eabi/12.2.1/thumb/v6-m/nofp\libg.a(libc_a-freer.o) (sysconf)
c:/progra~2/armgnu~1/12977f~1.2mp/bin/../lib/gcc/arm-none-eabi/12.2.1/thumb/v6-m/nofp\libg.a(libc_a-__atexit.o)
                              c:/progra~2/armgnu~1/12977f~1.2mp/bin/../lib/gcc/arm-none-eabi/12.2.1/thumb/v6-m/nofp\libg.a(libc_a-atexit.o) (__register_exitproc)
c:/progra~2/armgnu~1/12977f~1.2mp/bin/../lib/gcc/arm-none-eabi/12.2.1/thumb/v6-m/nofp\libg.a(libc_a-errno.o)
                              c:/progra~2/armgnu~1/12977f~1.2mp/bin/../lib/gcc/arm-none-eabi/12.2.1/thumb/v6-m/nofp\libg.a(libc_a-sysconf.o) (__errno)
c:/progra~2/armgnu~1/12977f~1.2mp/bin/../lib/gcc/arm-none-eabi/12.2.1/thumb/v6-m/nofp\libgcc.a(_udivsi3.o)
                              c:/progra~2/armgnu~1/12977f~1.2mp/bin/../lib/gcc/arm-none-eabi/12.2.1/thumb/v6-m/nofp\libg.a(libc_a-freer.o) (__aeabi_uidiv)
c:/progra~2/armgnu~1/12977f~1.2mp/bin/../lib/gcc/arm-none-eabi/12.2.1/thumb/v6-m/nofp\libgcc.a(_dvmd_tls.o)
                              c:/progra~2/armgnu~1/12977f~1.2mp/bin/../lib/gcc/arm-none-eabi/12.2.1/thumb/v6-m/nofp\libgcc.a(_udivsi3.o) (__aeabi_idiv0)

Discarded input sections

 .text          0x00000000        0x0 c:/progra~2/armgnu~1/12977f~1.2mp/bin/../lib/gcc/arm-none-eabi/12.2.1/thumb/v6-m/nofp/crti.o
 .data          0x00000000        0x0 c:/progra~2/armgnu~1/12977f~1.2mp/bin/../lib/gcc/arm-none-eabi/12.2.1/thumb/v6-m/nofp/crti.o
 .bss           0x00000000        0x0 c:/progra~2/armgnu~1/12977f~1.2mp/bin/../lib/gcc/arm-none-eabi/12.2.1/thumb/v6-m/nofp/crti.o
 .text          0x00000000        0x0 c:/progra~2/armgnu~1/12977f~1.2mp/bin/../lib/gcc/arm-none-eabi/12.2.1/thumb/v6-m/nofp/crtbegin.o
 .data          0x00000000        0x0 c:/progra~2/armgnu~1/12977f~1.2mp/bin/../lib/gcc/arm-none-eabi/12.2.1/thumb/v6-m/nofp/crtbegin.o
 .bss           0x00000000        0x0 c:/progra~2/armgnu~1/12977f~1.2mp/bin/../lib/gcc/arm-none-eabi/12.2.1/thumb/v6-m/nofp/crtbegin.o
 .rodata.all_implied_fbits
                0x00000000       0x24 c:/progra~2/armgnu~1/12977f~1.2mp/bin/../lib/gcc/arm-none-eabi/12.2.1/thumb/v6-m/nofp/crtbegin.o
 .data.__dso_handle
                0x00000000        0x4 c:/progra~2/armgnu~1/12977f~1.2mp/bin/../lib/gcc/arm-none-eabi/12.2.1/thumb/v6-m/nofp/crtbegin.o
 .text          0x00000000       0x80 c:/progra~2/armgnu~1/12977f~1.2mp/bin/../lib/gcc/arm-none-eabi/12.2.1/thumb/v6-m/nofp/crt0.o
 .data          0x00000000        0x0 c:/progra~2/armgnu~1/12977f~1.2mp/bin/../lib/gcc/arm-none-eabi/12.2.1/thumb/v6-m/nofp/crt0.o
 .bss           0x00000000        0x0 c:/progra~2/armgnu~1/12977f~1.2mp/bin/../lib/gcc/arm-none-eabi/12.2.1/thumb/v6-m/nofp/crt0.o
 .ARM.extab     0x00000000        0x0 c:/progra~2/armgnu~1/12977f~1.2mp/bin/../lib/gcc/arm-none-eabi/12.2.1/thumb/v6-m/nofp/crt0.o
 .ARM.exidx     0x00000000       0x10 c:/progra~2/armgnu~1/12977f~1.2mp/bin/../lib/gcc/arm-none-eabi/12.2.1/thumb/v6-m/nofp/crt0.o
 .debug_line_str
                0x00000000       0xe2 c:/progra~2/armgnu~1/12977f~1.2mp/bin/../lib/gcc/arm-none-eabi/12.2.1/thumb/v6-m/nofp/crt0.o
 .ARM.attributes
                0x00000000       0x1b c:/progra~2/armgnu~1/12977f~1.2mp/bin/../lib/gcc/arm-none-eabi/12.2.1/thumb/v6-m/nofp/crt0.o
 .text          0x00000000        0x0 CMakeFiles/DZ2.elf.dir/src/BUFFER/buffer.c.obj
 .data          0x00000000        0x0 CMakeFiles/DZ2.elf.dir/src/BUFFER/buffer.c.obj
 .bss           0x00000000        0x0 CMakeFiles/DZ2.elf.dir/src/BUFFER/buffer.c.obj
 .text.advance_head_pointer
                0x00000000       0x54 CMakeFiles/DZ2.elf.dir/src/BUFFER/buffer.c.obj
 .text.circular_buf_empty
                0x00000000       0x30 CMakeFiles/DZ2.elf.dir/src/BUFFER/buffer.c.obj
 .text.circular_buf_init_reset
                0x00000000       0x1c CMakeFiles/DZ2.elf.dir/src/BUFFER/buffer.c.obj
 .text.circular_buf_size
                0x00000000       0x50 CMakeFiles/DZ2.elf.dir/src/BUFFER/buffer.c.obj
 .text.circular_buf_put
                0x00000000       0x12 CMakeFiles/DZ2.elf.dir/src/BUFFER/buffer.c.obj
 .text.circular_buf_try_put
                0x00000000       0x28 CMakeFiles/DZ2.elf.dir/src/BUFFER/buffer.c.obj
 .text.circular_buf_get
                0x00000000       0x44 CMakeFiles/DZ2.elf.dir/src/BUFFER/buffer.c.obj
 .debug_info    0x00000000      0x332 CMakeFiles/DZ2.elf.dir/src/BUFFER/buffer.c.obj
 .debug_abbrev  0x00000000      0x18d CMakeFiles/DZ2.elf.dir/src/BUFFER/buffer.c.obj
 .debug_loclists
                0x00000000      0x1e5 CMakeFiles/DZ2.elf.dir/src/BUFFER/buffer.c.obj
 .debug_aranges
                0x00000000       0x50 CMakeFiles/DZ2.elf.dir/src/BUFFER/buffer.c.obj
 .debug_rnglists
                0x00000000       0x5b CMakeFiles/DZ2.elf.dir/src/BUFFER/buffer.c.obj
 .debug_line    0x00000000      0x2ea CMakeFiles/DZ2.elf.dir/src/BUFFER/buffer.c.obj
 .debug_str     0x00000000      0x2de CMakeFiles/DZ2.elf.dir/src/BUFFER/buffer.c.obj
 .comment       0x00000000       0x56 CMakeFiles/DZ2.elf.dir/src/BUFFER/buffer.c.obj
 .debug_frame   0x00000000       0x9c CMakeFiles/DZ2.elf.dir/src/BUFFER/buffer.c.obj
 .ARM.attributes
                0x00000000       0x2c CMakeFiles/DZ2.elf.dir/src/BUFFER/buffer.c.obj
 .text          0x00000000        0x0 CMakeFiles/DZ2.elf.dir/src/BUTTON_PRESS_HANDLER/button.c.obj
 .data          0x00000000        0x0 CMakeFiles/DZ2.elf.dir/src/BUTTON_PRESS_HANDLER/button.c.obj
 .bss           0x00000000        0x0 CMakeFiles/DZ2.elf.dir/src/BUTTON_PRESS_HANDLER/button.c.obj
 .text          0x00000000        0x0 CMakeFiles/DZ2.elf.dir/src/DMA_USART1/dma.c.obj
 .data          0x00000000        0x0 CMakeFiles/DZ2.elf.dir/src/DMA_USART1/dma.c.obj
 .bss           0x00000000        0x0 CMakeFiles/DZ2.elf.dir/src/DMA_USART1/dma.c.obj
 .text          0x00000000        0x0 CMakeFiles/DZ2.elf.dir/src/DMA_USART1/usart1.c.obj
 .data          0x00000000        0x0 CMakeFiles/DZ2.elf.dir/src/DMA_USART1/usart1.c.obj
 .bss           0x00000000        0x0 CMakeFiles/DZ2.elf.dir/src/DMA_USART1/usart1.c.obj
 .text          0x00000000        0x0 CMakeFiles/DZ2.elf.dir/src/FLASH/flash.c.obj
 .data          0x00000000        0x0 CMakeFiles/DZ2.elf.dir/src/FLASH/flash.c.obj
 .bss           0x00000000        0x0 CMakeFiles/DZ2.elf.dir/src/FLASH/flash.c.obj
 .text.unlock_flash
                0x00000000       0x28 CMakeFiles/DZ2.elf.dir/src/FLASH/flash.c.obj
 .text.lock_flash
                0x00000000       0x10 CMakeFiles/DZ2.elf.dir/src/FLASH/flash.c.obj
 .text.double_uint8_to_uint16
                0x00000000        0x6 CMakeFiles/DZ2.elf.dir/src/FLASH/flash.c.obj
 .text.write_flash_data_buffer
                0x00000000       0x7c CMakeFiles/DZ2.elf.dir/src/FLASH/flash.c.obj
 .text.write_flash_data
                0x00000000       0xb0 CMakeFiles/DZ2.elf.dir/src/FLASH/flash.c.obj
 .text.read_flash_data_buffer
                0x00000000       0x54 CMakeFiles/DZ2.elf.dir/src/FLASH/flash.c.obj
 .text.read_flash_data
                0x00000000       0x80 CMakeFiles/DZ2.elf.dir/src/FLASH/flash.c.obj
 .bss.call_number.0
                0x00000000        0x2 CMakeFiles/DZ2.elf.dir/src/FLASH/flash.c.obj
 .data.even_entry.1
                0x00000000        0x1 CMakeFiles/DZ2.elf.dir/src/FLASH/flash.c.obj
 .bss.call_number.2
                0x00000000        0x2 CMakeFiles/DZ2.elf.dir/src/FLASH/flash.c.obj
 .data.even_entry.3
                0x00000000        0x1 CMakeFiles/DZ2.elf.dir/src/FLASH/flash.c.obj
 .debug_info    0x00000000      0x44d CMakeFiles/DZ2.elf.dir/src/FLASH/flash.c.obj
 .debug_abbrev  0x00000000      0x190 CMakeFiles/DZ2.elf.dir/src/FLASH/flash.c.obj
 .debug_loclists
                0x00000000      0x158 CMakeFiles/DZ2.elf.dir/src/FLASH/flash.c.obj
 .debug_aranges
                0x00000000       0x50 CMakeFiles/DZ2.elf.dir/src/FLASH/flash.c.obj
 .debug_rnglists
                0x00000000       0x39 CMakeFiles/DZ2.elf.dir/src/FLASH/flash.c.obj
 .debug_line    0x00000000      0x4de CMakeFiles/DZ2.elf.dir/src/FLASH/flash.c.obj
 .debug_str     0x00000000      0x34f CMakeFiles/DZ2.elf.dir/src/FLASH/flash.c.obj
 .comment       0x00000000       0x56 CMakeFiles/DZ2.elf.dir/src/FLASH/flash.c.obj
 .debug_frame   0x00000000       0xb4 CMakeFiles/DZ2.elf.dir/src/FLASH/flash.c.obj
 .ARM.attributes
                0x00000000       0x2c CMakeFiles/DZ2.elf.dir/src/FLASH/flash.c.obj
 .text          0x00000000        0x0 CMakeFiles/DZ2.elf.dir/src/GPIO/setup_GPIO.c.obj
 .data          0x00000000        0x0 CMakeFiles/DZ2.elf.dir/src/GPIO/setup_GPIO.c.obj
 .bss           0x00000000        0x0 CMakeFiles/DZ2.elf.dir/src/GPIO/setup_GPIO.c.obj
 .text          0x00000000       0x14 CMakeFiles/DZ2.elf.dir/src/Startup/startup_stm32f051r8tx.s.obj
 .data          0x00000000        0x0 CMakeFiles/DZ2.elf.dir/src/Startup/startup_stm32f051r8tx.s.obj
 .bss           0x00000000        0x0 CMakeFiles/DZ2.elf.dir/src/Startup/startup_stm32f051r8tx.s.obj
 .text          0x00000000        0x0 CMakeFiles/DZ2.elf.dir/src/TEST/test_flash.c.obj
 .data          0x00000000        0x0 CMakeFiles/DZ2.elf.dir/src/TEST/test_flash.c.obj
 .bss           0x00000000        0x0 CMakeFiles/DZ2.elf.dir/src/TEST/test_flash.c.obj
 .rodata.test_flash.str1.4
                0x00000000      0x401 CMakeFiles/DZ2.elf.dir/src/TEST/test_flash.c.obj
 .text.test_flash
                0x00000000       0x74 CMakeFiles/DZ2.elf.dir/src/TEST/test_flash.c.obj
 .debug_info    0x00000000      0x29f CMakeFiles/DZ2.elf.dir/src/TEST/test_flash.c.obj
 .debug_abbrev  0x00000000      0x12e CMakeFiles/DZ2.elf.dir/src/TEST/test_flash.c.obj
 .debug_loclists
                0x00000000       0x21 CMakeFiles/DZ2.elf.dir/src/TEST/test_flash.c.obj
 .debug_aranges
                0x00000000       0x20 CMakeFiles/DZ2.elf.dir/src/TEST/test_flash.c.obj
 .debug_rnglists
                0x00000000       0x13 CMakeFiles/DZ2.elf.dir/src/TEST/test_flash.c.obj
 .debug_line    0x00000000      0x1f5 CMakeFiles/DZ2.elf.dir/src/TEST/test_flash.c.obj
 .debug_str     0x00000000      0x2e8 CMakeFiles/DZ2.elf.dir/src/TEST/test_flash.c.obj
 .comment       0x00000000       0x56 CMakeFiles/DZ2.elf.dir/src/TEST/test_flash.c.obj
 .debug_frame   0x00000000       0x2c CMakeFiles/DZ2.elf.dir/src/TEST/test_flash.c.obj
 .ARM.attributes
                0x00000000       0x2c CMakeFiles/DZ2.elf.dir/src/TEST/test_flash.c.obj
 .text          0x00000000        0x0 CMakeFiles/DZ2.elf.dir/src/main.c.obj
 .data          0x00000000        0x0 CMakeFiles/DZ2.elf.dir/src/main.c.obj
 .bss           0x00000000        0x0 CMakeFiles/DZ2.elf.dir/src/main.c.obj
 .text          0x00000000        0x0 c:/progra~2/armgnu~1/12977f~1.2mp/bin/../lib/gcc/arm-none-eabi/12.2.1/thumb/v6-m/nofp\libg.a(libc_a-exit.o)
 .data          0x00000000        0x0 c:/progra~2/armgnu~1/12977f~1.2mp/bin/../lib/gcc/arm-none-eabi/12.2.1/thumb/v6-m/nofp\libg.a(libc_a-exit.o)
 .bss           0x00000000        0x0 c:/progra~2/armgnu~1/12977f~1.2mp/bin/../lib/gcc/arm-none-eabi/12.2.1/thumb/v6-m/nofp\libg.a(libc_a-exit.o)
 .text.exit     0x00000000       0x20 c:/progra~2/armgnu~1/12977f~1.2mp/bin/../lib/gcc/arm-none-eabi/12.2.1/thumb/v6-m/nofp\libg.a(libc_a-exit.o)
 .debug_frame   0x00000000       0x28 c:/progra~2/armgnu~1/12977f~1.2mp/bin/../lib/gcc/arm-none-eabi/12.2.1/thumb/v6-m/nofp\libg.a(libc_a-exit.o)
 .ARM.attributes
                0x00000000       0x2c c:/progra~2/armgnu~1/12977f~1.2mp/bin/../lib/gcc/arm-none-eabi/12.2.1/thumb/v6-m/nofp\libg.a(libc_a-exit.o)
 .text          0x00000000        0x0 c:/progra~2/armgnu~1/12977f~1.2mp/bin/../lib/gcc/arm-none-eabi/12.2.1/thumb/v6-m/nofp\libg.a(libc_a-findfp.o)
 .data          0x00000000        0x0 c:/progra~2/armgnu~1/12977f~1.2mp/bin/../lib/gcc/arm-none-eabi/12.2.1/thumb/v6-m/nofp\libg.a(libc_a-findfp.o)
 .bss           0x00000000        0x0 c:/progra~2/armgnu~1/12977f~1.2mp/bin/../lib/gcc/arm-none-eabi/12.2.1/thumb/v6-m/nofp\libg.a(libc_a-findfp.o)
 .text.stdio_exit_handler
                0x00000000       0x1c c:/progra~2/armgnu~1/12977f~1.2mp/bin/../lib/gcc/arm-none-eabi/12.2.1/thumb/v6-m/nofp\libg.a(libc_a-findfp.o)
 .text.cleanup_stdio
                0x00000000       0x3c c:/progra~2/armgnu~1/12977f~1.2mp/bin/../lib/gcc/arm-none-eabi/12.2.1/thumb/v6-m/nofp\libg.a(libc_a-findfp.o)
 .text.__fp_lock
                0x00000000       0x1c c:/progra~2/armgnu~1/12977f~1.2mp/bin/../lib/gcc/arm-none-eabi/12.2.1/thumb/v6-m/nofp\libg.a(libc_a-findfp.o)
 .text.__fp_unlock
                0x00000000       0x1c c:/progra~2/armgnu~1/12977f~1.2mp/bin/../lib/gcc/arm-none-eabi/12.2.1/thumb/v6-m/nofp\libg.a(libc_a-findfp.o)
 .text.global_stdio_init.part.0
                0x00000000      0x118 c:/progra~2/armgnu~1/12977f~1.2mp/bin/../lib/gcc/arm-none-eabi/12.2.1/thumb/v6-m/nofp\libg.a(libc_a-findfp.o)
 .text.__sfp    0x00000000       0xc8 c:/progra~2/armgnu~1/12977f~1.2mp/bin/../lib/gcc/arm-none-eabi/12.2.1/thumb/v6-m/nofp\libg.a(libc_a-findfp.o)
 .text.__sinit  0x00000000       0x38 c:/progra~2/armgnu~1/12977f~1.2mp/bin/../lib/gcc/arm-none-eabi/12.2.1/thumb/v6-m/nofp\libg.a(libc_a-findfp.o)
 .text.__sfp_lock_acquire
                0x00000000       0x10 c:/progra~2/armgnu~1/12977f~1.2mp/bin/../lib/gcc/arm-none-eabi/12.2.1/thumb/v6-m/nofp\libg.a(libc_a-findfp.o)
 .text.__sfp_lock_release
                0x00000000       0x10 c:/progra~2/armgnu~1/12977f~1.2mp/bin/../lib/gcc/arm-none-eabi/12.2.1/thumb/v6-m/nofp\libg.a(libc_a-findfp.o)
 .text.__fp_lock_all
                0x00000000       0x20 c:/progra~2/armgnu~1/12977f~1.2mp/bin/../lib/gcc/arm-none-eabi/12.2.1/thumb/v6-m/nofp\libg.a(libc_a-findfp.o)
 .text.__fp_unlock_all
                0x00000000       0x20 c:/progra~2/armgnu~1/12977f~1.2mp/bin/../lib/gcc/arm-none-eabi/12.2.1/thumb/v6-m/nofp\libg.a(libc_a-findfp.o)
 .data.__sglue  0x00000000        0xc c:/progra~2/armgnu~1/12977f~1.2mp/bin/../lib/gcc/arm-none-eabi/12.2.1/thumb/v6-m/nofp\libg.a(libc_a-findfp.o)
 .bss.__sf      0x00000000      0x138 c:/progra~2/armgnu~1/12977f~1.2mp/bin/../lib/gcc/arm-none-eabi/12.2.1/thumb/v6-m/nofp\libg.a(libc_a-findfp.o)
 .bss.__stdio_exit_handler
                0x00000000        0x4 c:/progra~2/armgnu~1/12977f~1.2mp/bin/../lib/gcc/arm-none-eabi/12.2.1/thumb/v6-m/nofp\libg.a(libc_a-findfp.o)
 .debug_frame   0x00000000      0x138 c:/progra~2/armgnu~1/12977f~1.2mp/bin/../lib/gcc/arm-none-eabi/12.2.1/thumb/v6-m/nofp\libg.a(libc_a-findfp.o)
 .ARM.attributes
                0x00000000       0x2c c:/progra~2/armgnu~1/12977f~1.2mp/bin/../lib/gcc/arm-none-eabi/12.2.1/thumb/v6-m/nofp\libg.a(libc_a-findfp.o)
 .text          0x00000000        0x0 c:/progra~2/armgnu~1/12977f~1.2mp/bin/../lib/gcc/arm-none-eabi/12.2.1/thumb/v6-m/nofp\libg.a(libc_a-fwalk.o)
 .data          0x00000000        0x0 c:/progra~2/armgnu~1/12977f~1.2mp/bin/../lib/gcc/arm-none-eabi/12.2.1/thumb/v6-m/nofp\libg.a(libc_a-fwalk.o)
 .bss           0x00000000        0x0 c:/progra~2/armgnu~1/12977f~1.2mp/bin/../lib/gcc/arm-none-eabi/12.2.1/thumb/v6-m/nofp\libg.a(libc_a-fwalk.o)
 .text._fwalk_sglue
                0x00000000       0x44 c:/progra~2/armgnu~1/12977f~1.2mp/bin/../lib/gcc/arm-none-eabi/12.2.1/thumb/v6-m/nofp\libg.a(libc_a-fwalk.o)
 .debug_frame   0x00000000       0x38 c:/progra~2/armgnu~1/12977f~1.2mp/bin/../lib/gcc/arm-none-eabi/12.2.1/thumb/v6-m/nofp\libg.a(libc_a-fwalk.o)
 .ARM.attributes
                0x00000000       0x2c c:/progra~2/armgnu~1/12977f~1.2mp/bin/../lib/gcc/arm-none-eabi/12.2.1/thumb/v6-m/nofp\libg.a(libc_a-fwalk.o)
 .text          0x00000000        0x0 c:/progra~2/armgnu~1/12977f~1.2mp/bin/../lib/gcc/arm-none-eabi/12.2.1/thumb/v6-m/nofp\libg.a(libc_a-stdio.o)
 .data          0x00000000        0x0 c:/progra~2/armgnu~1/12977f~1.2mp/bin/../lib/gcc/arm-none-eabi/12.2.1/thumb/v6-m/nofp\libg.a(libc_a-stdio.o)
 .bss           0x00000000        0x0 c:/progra~2/armgnu~1/12977f~1.2mp/bin/../lib/gcc/arm-none-eabi/12.2.1/thumb/v6-m/nofp\libg.a(libc_a-stdio.o)
 .text.__sread  0x00000000       0x28 c:/progra~2/armgnu~1/12977f~1.2mp/bin/../lib/gcc/arm-none-eabi/12.2.1/thumb/v6-m/nofp\libg.a(libc_a-stdio.o)
 .text.__seofread
                0x00000000        0x4 c:/progra~2/armgnu~1/12977f~1.2mp/bin/../lib/gcc/arm-none-eabi/12.2.1/thumb/v6-m/nofp\libg.a(libc_a-stdio.o)
 .text.__swrite
                0x00000000       0x40 c:/progra~2/armgnu~1/12977f~1.2mp/bin/../lib/gcc/arm-none-eabi/12.2.1/thumb/v6-m/nofp\libg.a(libc_a-stdio.o)
 .text.__sseek  0x00000000       0x30 c:/progra~2/armgnu~1/12977f~1.2mp/bin/../lib/gcc/arm-none-eabi/12.2.1/thumb/v6-m/nofp\libg.a(libc_a-stdio.o)
 .text.__sclose
                0x00000000        0xc c:/progra~2/armgnu~1/12977f~1.2mp/bin/../lib/gcc/arm-none-eabi/12.2.1/thumb/v6-m/nofp\libg.a(libc_a-stdio.o)
 .debug_frame   0x00000000       0x90 c:/progra~2/armgnu~1/12977f~1.2mp/bin/../lib/gcc/arm-none-eabi/12.2.1/thumb/v6-m/nofp\libg.a(libc_a-stdio.o)
 .ARM.attributes
                0x00000000       0x2c c:/progra~2/armgnu~1/12977f~1.2mp/bin/../lib/gcc/arm-none-eabi/12.2.1/thumb/v6-m/nofp\libg.a(libc_a-stdio.o)
 .text          0x00000000        0x0 c:/progra~2/armgnu~1/12977f~1.2mp/bin/../lib/gcc/arm-none-eabi/12.2.1/thumb/v6-m/nofp\libg.a(libc_a-memset.o)
 .data          0x00000000        0x0 c:/progra~2/armgnu~1/12977f~1.2mp/bin/../lib/gcc/arm-none-eabi/12.2.1/thumb/v6-m/nofp\libg.a(libc_a-memset.o)
 .bss           0x00000000        0x0 c:/progra~2/armgnu~1/12977f~1.2mp/bin/../lib/gcc/arm-none-eabi/12.2.1/thumb/v6-m/nofp\libg.a(libc_a-memset.o)
 .text.memset   0x00000000       0xa8 c:/progra~2/armgnu~1/12977f~1.2mp/bin/../lib/gcc/arm-none-eabi/12.2.1/thumb/v6-m/nofp\libg.a(libc_a-memset.o)
 .debug_frame   0x00000000       0x30 c:/progra~2/armgnu~1/12977f~1.2mp/bin/../lib/gcc/arm-none-eabi/12.2.1/thumb/v6-m/nofp\libg.a(libc_a-memset.o)
 .ARM.attributes
                0x00000000       0x2c c:/progra~2/armgnu~1/12977f~1.2mp/bin/../lib/gcc/arm-none-eabi/12.2.1/thumb/v6-m/nofp\libg.a(libc_a-memset.o)
 .text          0x00000000        0x0 c:/progra~2/armgnu~1/12977f~1.2mp/bin/../lib/gcc/arm-none-eabi/12.2.1/thumb/v6-m/nofp\libg.a(libc_a-closer.o)
 .data          0x00000000        0x0 c:/progra~2/armgnu~1/12977f~1.2mp/bin/../lib/gcc/arm-none-eabi/12.2.1/thumb/v6-m/nofp\libg.a(libc_a-closer.o)
 .bss           0x00000000        0x0 c:/progra~2/armgnu~1/12977f~1.2mp/bin/../lib/gcc/arm-none-eabi/12.2.1/thumb/v6-m/nofp\libg.a(libc_a-closer.o)
 .text._close_r
                0x00000000       0x24 c:/progra~2/armgnu~1/12977f~1.2mp/bin/../lib/gcc/arm-none-eabi/12.2.1/thumb/v6-m/nofp\libg.a(libc_a-closer.o)
 .debug_frame   0x00000000       0x2c c:/progra~2/armgnu~1/12977f~1.2mp/bin/../lib/gcc/arm-none-eabi/12.2.1/thumb/v6-m/nofp\libg.a(libc_a-closer.o)
 .ARM.attributes
                0x00000000       0x2c c:/progra~2/armgnu~1/12977f~1.2mp/bin/../lib/gcc/arm-none-eabi/12.2.1/thumb/v6-m/nofp\libg.a(libc_a-closer.o)
 .text          0x00000000        0x0 c:/progra~2/armgnu~1/12977f~1.2mp/bin/../lib/gcc/arm-none-eabi/12.2.1/thumb/v6-m/nofp\libg.a(libc_a-reent.o)
 .data          0x00000000        0x0 c:/progra~2/armgnu~1/12977f~1.2mp/bin/../lib/gcc/arm-none-eabi/12.2.1/thumb/v6-m/nofp\libg.a(libc_a-reent.o)
 .bss           0x00000000        0x0 c:/progra~2/armgnu~1/12977f~1.2mp/bin/../lib/gcc/arm-none-eabi/12.2.1/thumb/v6-m/nofp\libg.a(libc_a-reent.o)
 .text._reclaim_reent
                0x00000000       0x60 c:/progra~2/armgnu~1/12977f~1.2mp/bin/../lib/gcc/arm-none-eabi/12.2.1/thumb/v6-m/nofp\libg.a(libc_a-reent.o)
 .bss.errno     0x00000000        0x4 c:/progra~2/armgnu~1/12977f~1.2mp/bin/../lib/gcc/arm-none-eabi/12.2.1/thumb/v6-m/nofp\libg.a(libc_a-reent.o)
 .debug_frame   0x00000000       0x2c c:/progra~2/armgnu~1/12977f~1.2mp/bin/../lib/gcc/arm-none-eabi/12.2.1/thumb/v6-m/nofp\libg.a(libc_a-reent.o)
 .ARM.attributes
                0x00000000       0x2c c:/progra~2/armgnu~1/12977f~1.2mp/bin/../lib/gcc/arm-none-eabi/12.2.1/thumb/v6-m/nofp\libg.a(libc_a-reent.o)
 .text          0x00000000        0x0 c:/progra~2/armgnu~1/12977f~1.2mp/bin/../lib/gcc/arm-none-eabi/12.2.1/thumb/v6-m/nofp\libg.a(libc_a-impure.o)
 .data          0x00000000        0x0 c:/progra~2/armgnu~1/12977f~1.2mp/bin/../lib/gcc/arm-none-eabi/12.2.1/thumb/v6-m/nofp\libg.a(libc_a-impure.o)
 .bss           0x00000000        0x0 c:/progra~2/armgnu~1/12977f~1.2mp/bin/../lib/gcc/arm-none-eabi/12.2.1/thumb/v6-m/nofp\libg.a(libc_a-impure.o)
 .data._impure_ptr
                0x00000000        0x4 c:/progra~2/armgnu~1/12977f~1.2mp/bin/../lib/gcc/arm-none-eabi/12.2.1/thumb/v6-m/nofp\libg.a(libc_a-impure.o)
 .data._impure_data
                0x00000000      0x120 c:/progra~2/armgnu~1/12977f~1.2mp/bin/../lib/gcc/arm-none-eabi/12.2.1/thumb/v6-m/nofp\libg.a(libc_a-impure.o)
 .ARM.attributes
                0x00000000       0x2c c:/progra~2/armgnu~1/12977f~1.2mp/bin/../lib/gcc/arm-none-eabi/12.2.1/thumb/v6-m/nofp\libg.a(libc_a-impure.o)
 .text          0x00000000        0x0 c:/progra~2/armgnu~1/12977f~1.2mp/bin/../lib/gcc/arm-none-eabi/12.2.1/thumb/v6-m/nofp\libg.a(libc_a-lseekr.o)
 .data          0x00000000        0x0 c:/progra~2/armgnu~1/12977f~1.2mp/bin/../lib/gcc/arm-none-eabi/12.2.1/thumb/v6-m/nofp\libg.a(libc_a-lseekr.o)
 .bss           0x00000000        0x0 c:/progra~2/armgnu~1/12977f~1.2mp/bin/../lib/gcc/arm-none-eabi/12.2.1/thumb/v6-m/nofp\libg.a(libc_a-lseekr.o)
 .text._lseek_r
                0x00000000       0x28 c:/progra~2/armgnu~1/12977f~1.2mp/bin/../lib/gcc/arm-none-eabi/12.2.1/thumb/v6-m/nofp\libg.a(libc_a-lseekr.o)
 .debug_frame   0x00000000       0x2c c:/progra~2/armgnu~1/12977f~1.2mp/bin/../lib/gcc/arm-none-eabi/12.2.1/thumb/v6-m/nofp\libg.a(libc_a-lseekr.o)
 .ARM.attributes
                0x00000000       0x2c c:/progra~2/armgnu~1/12977f~1.2mp/bin/../lib/gcc/arm-none-eabi/12.2.1/thumb/v6-m/nofp\libg.a(libc_a-lseekr.o)
 .text          0x00000000        0x0 c:/progra~2/armgnu~1/12977f~1.2mp/bin/../lib/gcc/arm-none-eabi/12.2.1/thumb/v6-m/nofp\libg.a(libc_a-readr.o)
 .data          0x00000000        0x0 c:/progra~2/armgnu~1/12977f~1.2mp/bin/../lib/gcc/arm-none-eabi/12.2.1/thumb/v6-m/nofp\libg.a(libc_a-readr.o)
 .bss           0x00000000        0x0 c:/progra~2/armgnu~1/12977f~1.2mp/bin/../lib/gcc/arm-none-eabi/12.2.1/thumb/v6-m/nofp\libg.a(libc_a-readr.o)
 .text._read_r  0x00000000       0x28 c:/progra~2/armgnu~1/12977f~1.2mp/bin/../lib/gcc/arm-none-eabi/12.2.1/thumb/v6-m/nofp\libg.a(libc_a-readr.o)
 .debug_frame   0x00000000       0x2c c:/progra~2/armgnu~1/12977f~1.2mp/bin/../lib/gcc/arm-none-eabi/12.2.1/thumb/v6-m/nofp\libg.a(libc_a-readr.o)
 .ARM.attributes
                0x00000000       0x2c c:/progra~2/armgnu~1/12977f~1.2mp/bin/../lib/gcc/arm-none-eabi/12.2.1/thumb/v6-m/nofp\libg.a(libc_a-readr.o)
 .text          0x00000000        0x0 c:/progra~2/armgnu~1/12977f~1.2mp/bin/../lib/gcc/arm-none-eabi/12.2.1/thumb/v6-m/nofp\libg.a(libc_a-writer.o)
 .data          0x00000000        0x0 c:/progra~2/armgnu~1/12977f~1.2mp/bin/../lib/gcc/arm-none-eabi/12.2.1/thumb/v6-m/nofp\libg.a(libc_a-writer.o)
 .bss           0x00000000        0x0 c:/progra~2/armgnu~1/12977f~1.2mp/bin/../lib/gcc/arm-none-eabi/12.2.1/thumb/v6-m/nofp\libg.a(libc_a-writer.o)
 .text._write_r
                0x00000000       0x28 c:/progra~2/armgnu~1/12977f~1.2mp/bin/../lib/gcc/arm-none-eabi/12.2.1/thumb/v6-m/nofp\libg.a(libc_a-writer.o)
 .debug_frame   0x00000000       0x2c c:/progra~2/armgnu~1/12977f~1.2mp/bin/../lib/gcc/arm-none-eabi/12.2.1/thumb/v6-m/nofp\libg.a(libc_a-writer.o)
 .ARM.attributes
                0x00000000       0x2c c:/progra~2/armgnu~1/12977f~1.2mp/bin/../lib/gcc/arm-none-eabi/12.2.1/thumb/v6-m/nofp\libg.a(libc_a-writer.o)
 .text          0x00000000        0x0 c:/progra~2/armgnu~1/12977f~1.2mp/bin/../lib/gcc/arm-none-eabi/12.2.1/thumb/v6-m/nofp\libg.a(libc_a-init.o)
 .data          0x00000000        0x0 c:/progra~2/armgnu~1/12977f~1.2mp/bin/../lib/gcc/arm-none-eabi/12.2.1/thumb/v6-m/nofp\libg.a(libc_a-init.o)
 .bss           0x00000000        0x0 c:/progra~2/armgnu~1/12977f~1.2mp/bin/../lib/gcc/arm-none-eabi/12.2.1/thumb/v6-m/nofp\libg.a(libc_a-init.o)
 .text          0x00000000        0x0 c:/progra~2/armgnu~1/12977f~1.2mp/bin/../lib/gcc/arm-none-eabi/12.2.1/thumb/v6-m/nofp\libg.a(libc_a-lock.o)
 .data          0x00000000        0x0 c:/progra~2/armgnu~1/12977f~1.2mp/bin/../lib/gcc/arm-none-eabi/12.2.1/thumb/v6-m/nofp\libg.a(libc_a-lock.o)
 .bss           0x00000000        0x0 c:/progra~2/armgnu~1/12977f~1.2mp/bin/../lib/gcc/arm-none-eabi/12.2.1/thumb/v6-m/nofp\libg.a(libc_a-lock.o)
 .text.__retarget_lock_init
                0x00000000        0x4 c:/progra~2/armgnu~1/12977f~1.2mp/bin/../lib/gcc/arm-none-eabi/12.2.1/thumb/v6-m/nofp\libg.a(libc_a-lock.o)
 .text.__retarget_lock_init_recursive
                0x00000000        0x4 c:/progra~2/armgnu~1/12977f~1.2mp/bin/../lib/gcc/arm-none-eabi/12.2.1/thumb/v6-m/nofp\libg.a(libc_a-lock.o)
 .text.__retarget_lock_close
                0x00000000        0x4 c:/progra~2/armgnu~1/12977f~1.2mp/bin/../lib/gcc/arm-none-eabi/12.2.1/thumb/v6-m/nofp\libg.a(libc_a-lock.o)
 .text.__retarget_lock_close_recursive
                0x00000000        0x4 c:/progra~2/armgnu~1/12977f~1.2mp/bin/../lib/gcc/arm-none-eabi/12.2.1/thumb/v6-m/nofp\libg.a(libc_a-lock.o)
 .text.__retarget_lock_acquire
                0x00000000        0x4 c:/progra~2/armgnu~1/12977f~1.2mp/bin/../lib/gcc/arm-none-eabi/12.2.1/thumb/v6-m/nofp\libg.a(libc_a-lock.o)
 .text.__retarget_lock_try_acquire
                0x00000000        0x4 c:/progra~2/armgnu~1/12977f~1.2mp/bin/../lib/gcc/arm-none-eabi/12.2.1/thumb/v6-m/nofp\libg.a(libc_a-lock.o)
 .text.__retarget_lock_try_acquire_recursive
                0x00000000        0x4 c:/progra~2/armgnu~1/12977f~1.2mp/bin/../lib/gcc/arm-none-eabi/12.2.1/thumb/v6-m/nofp\libg.a(libc_a-lock.o)
 .text.__retarget_lock_release
                0x00000000        0x4 c:/progra~2/armgnu~1/12977f~1.2mp/bin/../lib/gcc/arm-none-eabi/12.2.1/thumb/v6-m/nofp\libg.a(libc_a-lock.o)
 .bss.__lock___arc4random_mutex
                0x00000000        0x1 c:/progra~2/armgnu~1/12977f~1.2mp/bin/../lib/gcc/arm-none-eabi/12.2.1/thumb/v6-m/nofp\libg.a(libc_a-lock.o)
 .bss.__lock___dd_hash_mutex
                0x00000000        0x1 c:/progra~2/armgnu~1/12977f~1.2mp/bin/../lib/gcc/arm-none-eabi/12.2.1/thumb/v6-m/nofp\libg.a(libc_a-lock.o)
 .bss.__lock___tz_mutex
                0x00000000        0x1 c:/progra~2/armgnu~1/12977f~1.2mp/bin/../lib/gcc/arm-none-eabi/12.2.1/thumb/v6-m/nofp\libg.a(libc_a-lock.o)
 .bss.__lock___env_recursive_mutex
                0x00000000        0x1 c:/progra~2/armgnu~1/12977f~1.2mp/bin/../lib/gcc/arm-none-eabi/12.2.1/thumb/v6-m/nofp\libg.a(libc_a-lock.o)
 .bss.__lock___malloc_recursive_mutex
                0x00000000        0x1 c:/progra~2/armgnu~1/12977f~1.2mp/bin/../lib/gcc/arm-none-eabi/12.2.1/thumb/v6-m/nofp\libg.a(libc_a-lock.o)
 .bss.__lock___at_quick_exit_mutex
                0x00000000        0x1 c:/progra~2/armgnu~1/12977f~1.2mp/bin/../lib/gcc/arm-none-eabi/12.2.1/thumb/v6-m/nofp\libg.a(libc_a-lock.o)
 .bss.__lock___sfp_recursive_mutex
                0x00000000        0x1 c:/progra~2/armgnu~1/12977f~1.2mp/bin/../lib/gcc/arm-none-eabi/12.2.1/thumb/v6-m/nofp\libg.a(libc_a-lock.o)
 .text          0x00000000        0x0 c:/progra~2/armgnu~1/12977f~1.2mp/bin/../lib/gcc/arm-none-eabi/12.2.1/thumb/v6-m/nofp\libg.a(libc_a-memcpy-stub.o)
 .data          0x00000000        0x0 c:/progra~2/armgnu~1/12977f~1.2mp/bin/../lib/gcc/arm-none-eabi/12.2.1/thumb/v6-m/nofp\libg.a(libc_a-memcpy-stub.o)
 .bss           0x00000000        0x0 c:/progra~2/armgnu~1/12977f~1.2mp/bin/../lib/gcc/arm-none-eabi/12.2.1/thumb/v6-m/nofp\libg.a(libc_a-memcpy-stub.o)
 .text.memcpy   0x00000000       0x90 c:/progra~2/armgnu~1/12977f~1.2mp/bin/../lib/gcc/arm-none-eabi/12.2.1/thumb/v6-m/nofp\libg.a(libc_a-memcpy-stub.o)
 .debug_frame   0x00000000       0x30 c:/progra~2/armgnu~1/12977f~1.2mp/bin/../lib/gcc/arm-none-eabi/12.2.1/thumb/v6-m/nofp\libg.a(libc_a-memcpy-stub.o)
 .ARM.attributes
                0x00000000       0x2c c:/progra~2/armgnu~1/12977f~1.2mp/bin/../lib/gcc/arm-none-eabi/12.2.1/thumb/v6-m/nofp\libg.a(libc_a-memcpy-stub.o)
 .text          0x00000000        0x0 c:/progra~2/armgnu~1/12977f~1.2mp/bin/../lib/gcc/arm-none-eabi/12.2.1/thumb/v6-m/nofp\libg.a(libc_a-__call_atexit.o)
 .data          0x00000000        0x0 c:/progra~2/armgnu~1/12977f~1.2mp/bin/../lib/gcc/arm-none-eabi/12.2.1/thumb/v6-m/nofp\libg.a(libc_a-__call_atexit.o)
 .bss           0x00000000        0x0 c:/progra~2/armgnu~1/12977f~1.2mp/bin/../lib/gcc/arm-none-eabi/12.2.1/thumb/v6-m/nofp\libg.a(libc_a-__call_atexit.o)
 .text.__call_exitprocs
                0x00000000       0xe8 c:/progra~2/armgnu~1/12977f~1.2mp/bin/../lib/gcc/arm-none-eabi/12.2.1/thumb/v6-m/nofp\libg.a(libc_a-__call_atexit.o)
 .text          0x00000000        0x0 c:/progra~2/armgnu~1/12977f~1.2mp/bin/../lib/gcc/arm-none-eabi/12.2.1/thumb/v6-m/nofp\libg.a(libc_a-atexit.o)
 .data          0x00000000        0x0 c:/progra~2/armgnu~1/12977f~1.2mp/bin/../lib/gcc/arm-none-eabi/12.2.1/thumb/v6-m/nofp\libg.a(libc_a-atexit.o)
 .bss           0x00000000        0x0 c:/progra~2/armgnu~1/12977f~1.2mp/bin/../lib/gcc/arm-none-eabi/12.2.1/thumb/v6-m/nofp\libg.a(libc_a-atexit.o)
 .text          0x00000000        0x0 c:/progra~2/armgnu~1/12977f~1.2mp/bin/../lib/gcc/arm-none-eabi/12.2.1/thumb/v6-m/nofp\libg.a(libc_a-freer.o)
 .data          0x00000000        0x0 c:/progra~2/armgnu~1/12977f~1.2mp/bin/../lib/gcc/arm-none-eabi/12.2.1/thumb/v6-m/nofp\libg.a(libc_a-freer.o)
 .bss           0x00000000        0x0 c:/progra~2/armgnu~1/12977f~1.2mp/bin/../lib/gcc/arm-none-eabi/12.2.1/thumb/v6-m/nofp\libg.a(libc_a-freer.o)
 .text._malloc_trim_r
                0x00000000       0xb4 c:/progra~2/armgnu~1/12977f~1.2mp/bin/../lib/gcc/arm-none-eabi/12.2.1/thumb/v6-m/nofp\libg.a(libc_a-freer.o)
 .text._free_r  0x00000000      0x1d4 c:/progra~2/armgnu~1/12977f~1.2mp/bin/../lib/gcc/arm-none-eabi/12.2.1/thumb/v6-m/nofp\libg.a(libc_a-freer.o)
 .debug_frame   0x00000000       0x5c c:/progra~2/armgnu~1/12977f~1.2mp/bin/../lib/gcc/arm-none-eabi/12.2.1/thumb/v6-m/nofp\libg.a(libc_a-freer.o)
 .ARM.attributes
                0x00000000       0x2c c:/progra~2/armgnu~1/12977f~1.2mp/bin/../lib/gcc/arm-none-eabi/12.2.1/thumb/v6-m/nofp\libg.a(libc_a-freer.o)
 .text          0x00000000        0x0 c:/progra~2/armgnu~1/12977f~1.2mp/bin/../lib/gcc/arm-none-eabi/12.2.1/thumb/v6-m/nofp\libg.a(libc_a-mallocr.o)
 .data          0x00000000        0x0 c:/progra~2/armgnu~1/12977f~1.2mp/bin/../lib/gcc/arm-none-eabi/12.2.1/thumb/v6-m/nofp\libg.a(libc_a-mallocr.o)
 .bss           0x00000000        0x0 c:/progra~2/armgnu~1/12977f~1.2mp/bin/../lib/gcc/arm-none-eabi/12.2.1/thumb/v6-m/nofp\libg.a(libc_a-mallocr.o)
 .text._malloc_r
                0x00000000      0x5c4 c:/progra~2/armgnu~1/12977f~1.2mp/bin/../lib/gcc/arm-none-eabi/12.2.1/thumb/v6-m/nofp\libg.a(libc_a-mallocr.o)
 .bss.__malloc_current_mallinfo
                0x00000000       0x28 c:/progra~2/armgnu~1/12977f~1.2mp/bin/../lib/gcc/arm-none-eabi/12.2.1/thumb/v6-m/nofp\libg.a(libc_a-mallocr.o)
 .bss.__malloc_max_total_mem
                0x00000000        0x4 c:/progra~2/armgnu~1/12977f~1.2mp/bin/../lib/gcc/arm-none-eabi/12.2.1/thumb/v6-m/nofp\libg.a(libc_a-mallocr.o)
 .bss.__malloc_max_sbrked_mem
                0x00000000        0x4 c:/progra~2/armgnu~1/12977f~1.2mp/bin/../lib/gcc/arm-none-eabi/12.2.1/thumb/v6-m/nofp\libg.a(libc_a-mallocr.o)
 .data.__malloc_sbrk_base
                0x00000000        0x4 c:/progra~2/armgnu~1/12977f~1.2mp/bin/../lib/gcc/arm-none-eabi/12.2.1/thumb/v6-m/nofp\libg.a(libc_a-mallocr.o)
 .bss.__malloc_top_pad
                0x00000000        0x4 c:/progra~2/armgnu~1/12977f~1.2mp/bin/../lib/gcc/arm-none-eabi/12.2.1/thumb/v6-m/nofp\libg.a(libc_a-mallocr.o)
 .data.__malloc_trim_threshold
                0x00000000        0x4 c:/progra~2/armgnu~1/12977f~1.2mp/bin/../lib/gcc/arm-none-eabi/12.2.1/thumb/v6-m/nofp\libg.a(libc_a-mallocr.o)
 .data.__malloc_av_
                0x00000000      0x408 c:/progra~2/armgnu~1/12977f~1.2mp/bin/../lib/gcc/arm-none-eabi/12.2.1/thumb/v6-m/nofp\libg.a(libc_a-mallocr.o)
 .debug_frame   0x00000000       0x3c c:/progra~2/armgnu~1/12977f~1.2mp/bin/../lib/gcc/arm-none-eabi/12.2.1/thumb/v6-m/nofp\libg.a(libc_a-mallocr.o)
 .ARM.attributes
                0x00000000       0x2c c:/progra~2/armgnu~1/12977f~1.2mp/bin/../lib/gcc/arm-none-eabi/12.2.1/thumb/v6-m/nofp\libg.a(libc_a-mallocr.o)
 .text          0x00000000        0x0 c:/progra~2/armgnu~1/12977f~1.2mp/bin/../lib/gcc/arm-none-eabi/12.2.1/thumb/v6-m/nofp\libg.a(libc_a-mlock.o)
 .data          0x00000000        0x0 c:/progra~2/armgnu~1/12977f~1.2mp/bin/../lib/gcc/arm-none-eabi/12.2.1/thumb/v6-m/nofp\libg.a(libc_a-mlock.o)
 .bss           0x00000000        0x0 c:/progra~2/armgnu~1/12977f~1.2mp/bin/../lib/gcc/arm-none-eabi/12.2.1/thumb/v6-m/nofp\libg.a(libc_a-mlock.o)
 .text.__malloc_lock
                0x00000000       0x10 c:/progra~2/armgnu~1/12977f~1.2mp/bin/../lib/gcc/arm-none-eabi/12.2.1/thumb/v6-m/nofp\libg.a(libc_a-mlock.o)
 .text.__malloc_unlock
                0x00000000       0x10 c:/progra~2/armgnu~1/12977f~1.2mp/bin/../lib/gcc/arm-none-eabi/12.2.1/thumb/v6-m/nofp\libg.a(libc_a-mlock.o)
 .debug_frame   0x00000000       0x40 c:/progra~2/armgnu~1/12977f~1.2mp/bin/../lib/gcc/arm-none-eabi/12.2.1/thumb/v6-m/nofp\libg.a(libc_a-mlock.o)
 .ARM.attributes
                0x00000000       0x2c c:/progra~2/armgnu~1/12977f~1.2mp/bin/../lib/gcc/arm-none-eabi/12.2.1/thumb/v6-m/nofp\libg.a(libc_a-mlock.o)
 .text          0x00000000        0x0 c:/progra~2/armgnu~1/12977f~1.2mp/bin/../lib/gcc/arm-none-eabi/12.2.1/thumb/v6-m/nofp\libg.a(libc_a-fclose.o)
 .data          0x00000000        0x0 c:/progra~2/armgnu~1/12977f~1.2mp/bin/../lib/gcc/arm-none-eabi/12.2.1/thumb/v6-m/nofp\libg.a(libc_a-fclose.o)
 .bss           0x00000000        0x0 c:/progra~2/armgnu~1/12977f~1.2mp/bin/../lib/gcc/arm-none-eabi/12.2.1/thumb/v6-m/nofp\libg.a(libc_a-fclose.o)
 .text._fclose_r
                0x00000000       0xd0 c:/progra~2/armgnu~1/12977f~1.2mp/bin/../lib/gcc/arm-none-eabi/12.2.1/thumb/v6-m/nofp\libg.a(libc_a-fclose.o)
 .text.fclose   0x00000000       0x14 c:/progra~2/armgnu~1/12977f~1.2mp/bin/../lib/gcc/arm-none-eabi/12.2.1/thumb/v6-m/nofp\libg.a(libc_a-fclose.o)
 .debug_frame   0x00000000       0x44 c:/progra~2/armgnu~1/12977f~1.2mp/bin/../lib/gcc/arm-none-eabi/12.2.1/thumb/v6-m/nofp\libg.a(libc_a-fclose.o)
 .ARM.attributes
                0x00000000       0x2c c:/progra~2/armgnu~1/12977f~1.2mp/bin/../lib/gcc/arm-none-eabi/12.2.1/thumb/v6-m/nofp\libg.a(libc_a-fclose.o)
 .text          0x00000000        0x0 c:/progra~2/armgnu~1/12977f~1.2mp/bin/../lib/gcc/arm-none-eabi/12.2.1/thumb/v6-m/nofp\libg.a(libc_a-fflush.o)
 .data          0x00000000        0x0 c:/progra~2/armgnu~1/12977f~1.2mp/bin/../lib/gcc/arm-none-eabi/12.2.1/thumb/v6-m/nofp\libg.a(libc_a-fflush.o)
 .bss           0x00000000        0x0 c:/progra~2/armgnu~1/12977f~1.2mp/bin/../lib/gcc/arm-none-eabi/12.2.1/thumb/v6-m/nofp\libg.a(libc_a-fflush.o)
 .text.__sflush_r
                0x00000000      0x148 c:/progra~2/armgnu~1/12977f~1.2mp/bin/../lib/gcc/arm-none-eabi/12.2.1/thumb/v6-m/nofp\libg.a(libc_a-fflush.o)
 .text._fflush_r
                0x00000000       0x68 c:/progra~2/armgnu~1/12977f~1.2mp/bin/../lib/gcc/arm-none-eabi/12.2.1/thumb/v6-m/nofp\libg.a(libc_a-fflush.o)
 .text.fflush   0x00000000       0x7c c:/progra~2/armgnu~1/12977f~1.2mp/bin/../lib/gcc/arm-none-eabi/12.2.1/thumb/v6-m/nofp\libg.a(libc_a-fflush.o)
 .debug_frame   0x00000000       0x6c c:/progra~2/armgnu~1/12977f~1.2mp/bin/../lib/gcc/arm-none-eabi/12.2.1/thumb/v6-m/nofp\libg.a(libc_a-fflush.o)
 .ARM.attributes
                0x00000000       0x2c c:/progra~2/armgnu~1/12977f~1.2mp/bin/../lib/gcc/arm-none-eabi/12.2.1/thumb/v6-m/nofp\libg.a(libc_a-fflush.o)
 .text          0x00000000        0x0 c:/progra~2/armgnu~1/12977f~1.2mp/bin/../lib/gcc/arm-none-eabi/12.2.1/thumb/v6-m/nofp\libg.a(libc_a-sbrkr.o)
 .data          0x00000000        0x0 c:/progra~2/armgnu~1/12977f~1.2mp/bin/../lib/gcc/arm-none-eabi/12.2.1/thumb/v6-m/nofp\libg.a(libc_a-sbrkr.o)
 .bss           0x00000000        0x0 c:/progra~2/armgnu~1/12977f~1.2mp/bin/../lib/gcc/arm-none-eabi/12.2.1/thumb/v6-m/nofp\libg.a(libc_a-sbrkr.o)
 .text._sbrk_r  0x00000000       0x24 c:/progra~2/armgnu~1/12977f~1.2mp/bin/../lib/gcc/arm-none-eabi/12.2.1/thumb/v6-m/nofp\libg.a(libc_a-sbrkr.o)
 .debug_frame   0x00000000       0x2c c:/progra~2/armgnu~1/12977f~1.2mp/bin/../lib/gcc/arm-none-eabi/12.2.1/thumb/v6-m/nofp\libg.a(libc_a-sbrkr.o)
 .ARM.attributes
                0x00000000       0x2c c:/progra~2/armgnu~1/12977f~1.2mp/bin/../lib/gcc/arm-none-eabi/12.2.1/thumb/v6-m/nofp\libg.a(libc_a-sbrkr.o)
 .text          0x00000000        0x0 c:/progra~2/armgnu~1/12977f~1.2mp/bin/../lib/gcc/arm-none-eabi/12.2.1/thumb/v6-m/nofp\libg.a(libc_a-fini.o)
 .data          0x00000000        0x0 c:/progra~2/armgnu~1/12977f~1.2mp/bin/../lib/gcc/arm-none-eabi/12.2.1/thumb/v6-m/nofp\libg.a(libc_a-fini.o)
 .bss           0x00000000        0x0 c:/progra~2/armgnu~1/12977f~1.2mp/bin/../lib/gcc/arm-none-eabi/12.2.1/thumb/v6-m/nofp\libg.a(libc_a-fini.o)
 .text          0x00000000        0x0 c:/progra~2/armgnu~1/12977f~1.2mp/bin/../lib/gcc/arm-none-eabi/12.2.1/thumb/v6-m/nofp\libg.a(libc_a-sysconf.o)
 .data          0x00000000        0x0 c:/progra~2/armgnu~1/12977f~1.2mp/bin/../lib/gcc/arm-none-eabi/12.2.1/thumb/v6-m/nofp\libg.a(libc_a-sysconf.o)
 .bss           0x00000000        0x0 c:/progra~2/armgnu~1/12977f~1.2mp/bin/../lib/gcc/arm-none-eabi/12.2.1/thumb/v6-m/nofp\libg.a(libc_a-sysconf.o)
 .text.sysconf  0x00000000       0x1c c:/progra~2/armgnu~1/12977f~1.2mp/bin/../lib/gcc/arm-none-eabi/12.2.1/thumb/v6-m/nofp\libg.a(libc_a-sysconf.o)
 .debug_frame   0x00000000       0x28 c:/progra~2/armgnu~1/12977f~1.2mp/bin/../lib/gcc/arm-none-eabi/12.2.1/thumb/v6-m/nofp\libg.a(libc_a-sysconf.o)
 .ARM.attributes
                0x00000000       0x2c c:/progra~2/armgnu~1/12977f~1.2mp/bin/../lib/gcc/arm-none-eabi/12.2.1/thumb/v6-m/nofp\libg.a(libc_a-sysconf.o)
 .text          0x00000000        0x0 c:/progra~2/armgnu~1/12977f~1.2mp/bin/../lib/gcc/arm-none-eabi/12.2.1/thumb/v6-m/nofp\libg.a(libc_a-__atexit.o)
 .data          0x00000000        0x0 c:/progra~2/armgnu~1/12977f~1.2mp/bin/../lib/gcc/arm-none-eabi/12.2.1/thumb/v6-m/nofp\libg.a(libc_a-__atexit.o)
 .bss           0x00000000        0x0 c:/progra~2/armgnu~1/12977f~1.2mp/bin/../lib/gcc/arm-none-eabi/12.2.1/thumb/v6-m/nofp\libg.a(libc_a-__atexit.o)
 .text          0x00000000        0x0 c:/progra~2/armgnu~1/12977f~1.2mp/bin/../lib/gcc/arm-none-eabi/12.2.1/thumb/v6-m/nofp\libg.a(libc_a-errno.o)
 .data          0x00000000        0x0 c:/progra~2/armgnu~1/12977f~1.2mp/bin/../lib/gcc/arm-none-eabi/12.2.1/thumb/v6-m/nofp\libg.a(libc_a-errno.o)
 .bss           0x00000000        0x0 c:/progra~2/armgnu~1/12977f~1.2mp/bin/../lib/gcc/arm-none-eabi/12.2.1/thumb/v6-m/nofp\libg.a(libc_a-errno.o)
 .text.__errno  0x00000000        0xc c:/progra~2/armgnu~1/12977f~1.2mp/bin/../lib/gcc/arm-none-eabi/12.2.1/thumb/v6-m/nofp\libg.a(libc_a-errno.o)
 .debug_frame   0x00000000       0x20 c:/progra~2/armgnu~1/12977f~1.2mp/bin/../lib/gcc/arm-none-eabi/12.2.1/thumb/v6-m/nofp\libg.a(libc_a-errno.o)
 .ARM.attributes
                0x00000000       0x2c c:/progra~2/armgnu~1/12977f~1.2mp/bin/../lib/gcc/arm-none-eabi/12.2.1/thumb/v6-m/nofp\libg.a(libc_a-errno.o)
 .text          0x00000000      0x114 c:/progra~2/armgnu~1/12977f~1.2mp/bin/../lib/gcc/arm-none-eabi/12.2.1/thumb/v6-m/nofp\libgcc.a(_udivsi3.o)
 .data          0x00000000        0x0 c:/progra~2/armgnu~1/12977f~1.2mp/bin/../lib/gcc/arm-none-eabi/12.2.1/thumb/v6-m/nofp\libgcc.a(_udivsi3.o)
 .bss           0x00000000        0x0 c:/progra~2/armgnu~1/12977f~1.2mp/bin/../lib/gcc/arm-none-eabi/12.2.1/thumb/v6-m/nofp\libgcc.a(_udivsi3.o)
 .debug_frame   0x00000000       0x20 c:/progra~2/armgnu~1/12977f~1.2mp/bin/../lib/gcc/arm-none-eabi/12.2.1/thumb/v6-m/nofp\libgcc.a(_udivsi3.o)
 .debug_line_str
                0x00000000       0xd9 c:/progra~2/armgnu~1/12977f~1.2mp/bin/../lib/gcc/arm-none-eabi/12.2.1/thumb/v6-m/nofp\libgcc.a(_udivsi3.o)
 .ARM.attributes
                0x00000000       0x1e c:/progra~2/armgnu~1/12977f~1.2mp/bin/../lib/gcc/arm-none-eabi/12.2.1/thumb/v6-m/nofp\libgcc.a(_udivsi3.o)
 .text          0x00000000        0x4 c:/progra~2/armgnu~1/12977f~1.2mp/bin/../lib/gcc/arm-none-eabi/12.2.1/thumb/v6-m/nofp\libgcc.a(_dvmd_tls.o)
 .data          0x00000000        0x0 c:/progra~2/armgnu~1/12977f~1.2mp/bin/../lib/gcc/arm-none-eabi/12.2.1/thumb/v6-m/nofp\libgcc.a(_dvmd_tls.o)
 .bss           0x00000000        0x0 c:/progra~2/armgnu~1/12977f~1.2mp/bin/../lib/gcc/arm-none-eabi/12.2.1/thumb/v6-m/nofp\libgcc.a(_dvmd_tls.o)
 .debug_line_str
                0x00000000       0xd9 c:/progra~2/armgnu~1/12977f~1.2mp/bin/../lib/gcc/arm-none-eabi/12.2.1/thumb/v6-m/nofp\libgcc.a(_dvmd_tls.o)
 .ARM.attributes
                0x00000000       0x1e c:/progra~2/armgnu~1/12977f~1.2mp/bin/../lib/gcc/arm-none-eabi/12.2.1/thumb/v6-m/nofp\libgcc.a(_dvmd_tls.o)
 .text          0x00000000        0x0 c:/progra~2/armgnu~1/12977f~1.2mp/bin/../lib/gcc/arm-none-eabi/12.2.1/thumb/v6-m/nofp/crtend.o
 .data          0x00000000        0x0 c:/progra~2/armgnu~1/12977f~1.2mp/bin/../lib/gcc/arm-none-eabi/12.2.1/thumb/v6-m/nofp/crtend.o
 .bss           0x00000000        0x0 c:/progra~2/armgnu~1/12977f~1.2mp/bin/../lib/gcc/arm-none-eabi/12.2.1/thumb/v6-m/nofp/crtend.o
 .rodata.all_implied_fbits
                0x00000000       0x24 c:/progra~2/armgnu~1/12977f~1.2mp/bin/../lib/gcc/arm-none-eabi/12.2.1/thumb/v6-m/nofp/crtend.o
 .eh_frame      0x00000000        0x4 c:/progra~2/armgnu~1/12977f~1.2mp/bin/../lib/gcc/arm-none-eabi/12.2.1/thumb/v6-m/nofp/crtend.o
 .text          0x00000000        0x0 c:/progra~2/armgnu~1/12977f~1.2mp/bin/../lib/gcc/arm-none-eabi/12.2.1/thumb/v6-m/nofp/crtn.o
 .data          0x00000000        0x0 c:/progra~2/armgnu~1/12977f~1.2mp/bin/../lib/gcc/arm-none-eabi/12.2.1/thumb/v6-m/nofp/crtn.o
 .bss           0x00000000        0x0 c:/progra~2/armgnu~1/12977f~1.2mp/bin/../lib/gcc/arm-none-eabi/12.2.1/thumb/v6-m/nofp/crtn.o

Memory Configuration

Name             Origin             Length             Attributes
RAM              0x20000000         0x00002000         xrw
FLASH            0x08000000         0x00010000         xr
*default*        0x00000000         0xffffffff

Linker script and memory map

LOAD c:/progra~2/armgnu~1/12977f~1.2mp/bin/../lib/gcc/arm-none-eabi/12.2.1/thumb/v6-m/nofp/crti.o
LOAD c:/progra~2/armgnu~1/12977f~1.2mp/bin/../lib/gcc/arm-none-eabi/12.2.1/thumb/v6-m/nofp/crtbegin.o
LOAD c:/progra~2/armgnu~1/12977f~1.2mp/bin/../lib/gcc/arm-none-eabi/12.2.1/thumb/v6-m/nofp/crt0.o
LOAD CMakeFiles/DZ2.elf.dir/src/BUFFER/buffer.c.obj
LOAD CMakeFiles/DZ2.elf.dir/src/BUTTON_PRESS_HANDLER/button.c.obj
LOAD CMakeFiles/DZ2.elf.dir/src/DMA_USART1/dma.c.obj
LOAD CMakeFiles/DZ2.elf.dir/src/DMA_USART1/usart1.c.obj
LOAD CMakeFiles/DZ2.elf.dir/src/FLASH/flash.c.obj
LOAD CMakeFiles/DZ2.elf.dir/src/GPIO/setup_GPIO.c.obj
LOAD CMakeFiles/DZ2.elf.dir/src/Startup/startup_stm32f051r8tx.s.obj
LOAD CMakeFiles/DZ2.elf.dir/src/TEST/test_flash.c.obj
LOAD CMakeFiles/DZ2.elf.dir/src/main.c.obj
START GROUP
LOAD c:/progra~2/armgnu~1/12977f~1.2mp/bin/../lib/gcc/arm-none-eabi/12.2.1/thumb/v6-m/nofp\libgcc.a
LOAD c:/progra~2/armgnu~1/12977f~1.2mp/bin/../lib/gcc/arm-none-eabi/12.2.1/thumb/v6-m/nofp\libg.a
LOAD c:/progra~2/armgnu~1/12977f~1.2mp/bin/../lib/gcc/arm-none-eabi/12.2.1/thumb/v6-m/nofp\libc.a
END GROUP
LOAD c:/progra~2/armgnu~1/12977f~1.2mp/bin/../lib/gcc/arm-none-eabi/12.2.1/thumb/v6-m/nofp/crtend.o
LOAD c:/progra~2/armgnu~1/12977f~1.2mp/bin/../lib/gcc/arm-none-eabi/12.2.1/thumb/v6-m/nofp/crtn.o
                0x20002000                        _estack = (ORIGIN (RAM) + LENGTH (RAM))
                0x00000200                        _Min_Heap_Size = 0x200
                0x00000400                        _Min_Stack_Size = 0x400

.isr_vector     0x08000000       0xc0
                0x08000000                        . = ALIGN (0x4)
 *(.isr_vector)
 .isr_vector    0x08000000       0xc0 CMakeFiles/DZ2.elf.dir/src/Startup/startup_stm32f051r8tx.s.obj
                0x08000000                g_pfnVectors
                0x080000c0                        . = ALIGN (0x4)

.text           0x080000c0      0x7ec
                0x080000c0                        . = ALIGN (0x4)
 *(.text)
 *(.text*)
 .text.deregister_tm_clones
                0x080000c0       0x20 c:/progra~2/armgnu~1/12977f~1.2mp/bin/../lib/gcc/arm-none-eabi/12.2.1/thumb/v6-m/nofp/crtbegin.o
 .text.register_tm_clones
                0x080000e0       0x28 c:/progra~2/armgnu~1/12977f~1.2mp/bin/../lib/gcc/arm-none-eabi/12.2.1/thumb/v6-m/nofp/crtbegin.o
 .text.__do_global_dtors_aux
                0x08000108       0x2c c:/progra~2/armgnu~1/12977f~1.2mp/bin/../lib/gcc/arm-none-eabi/12.2.1/thumb/v6-m/nofp/crtbegin.o
 .text.frame_dummy
                0x08000134       0x24 c:/progra~2/armgnu~1/12977f~1.2mp/bin/../lib/gcc/arm-none-eabi/12.2.1/thumb/v6-m/nofp/crtbegin.o
 .text.setup_TIM2_CONTACT_BOUNCE
                0x08000158       0x54 CMakeFiles/DZ2.elf.dir/src/BUTTON_PRESS_HANDLER/button.c.obj
 .text.setup_TIM3_COMMAND_CHOOSE_AWAIT
                0x080001ac       0x60 CMakeFiles/DZ2.elf.dir/src/BUTTON_PRESS_HANDLER/button.c.obj
 .text.setup_TIM14_BLINK_LED
                0x0800020c       0x60 CMakeFiles/DZ2.elf.dir/src/BUTTON_PRESS_HANDLER/button.c.obj
 .text.setup_TIM15_COMMAND_CHOOSE
                0x0800026c       0x60 CMakeFiles/DZ2.elf.dir/src/BUTTON_PRESS_HANDLER/button.c.obj
 .text.setup_EXTI0_BUTTON_INTERRUPT
                0x080002cc       0x38 CMakeFiles/DZ2.elf.dir/src/BUTTON_PRESS_HANDLER/button.c.obj
 .text.EXTI0_1_IRQHandler
                0x08000304       0x8c CMakeFiles/DZ2.elf.dir/src/BUTTON_PRESS_HANDLER/button.c.obj
                0x08000304                EXTI0_1_IRQHandler
 .text.TIM2_IRQHandler
                0x08000390       0x64 CMakeFiles/DZ2.elf.dir/src/BUTTON_PRESS_HANDLER/button.c.obj
                0x08000390                TIM2_IRQHandler
 .text.TIM3_IRQHandler
                0x080003f4       0x64 CMakeFiles/DZ2.elf.dir/src/BUTTON_PRESS_HANDLER/button.c.obj
                0x080003f4                TIM3_IRQHandler
 .text.TIM14_IRQHandler
                0x08000458       0x48 CMakeFiles/DZ2.elf.dir/src/BUTTON_PRESS_HANDLER/button.c.obj
                0x08000458                TIM14_IRQHandler
 .text.TIM15_IRQHandler
                0x080004a0       0x74 CMakeFiles/DZ2.elf.dir/src/BUTTON_PRESS_HANDLER/button.c.obj
                0x080004a0                TIM15_IRQHandler
 .text.setup_BUTTON
                0x08000514       0x28 CMakeFiles/DZ2.elf.dir/src/BUTTON_PRESS_HANDLER/button.c.obj
                0x08000514                setup_BUTTON
 .text.setup_DMA_TX
                0x0800053c       0x38 CMakeFiles/DZ2.elf.dir/src/DMA_USART1/dma.c.obj
 .text.setup_DMA_RX
                0x08000574       0x38 CMakeFiles/DZ2.elf.dir/src/DMA_USART1/dma.c.obj
 .text.setup_DMA_EN
                0x080005ac       0x40 CMakeFiles/DZ2.elf.dir/src/DMA_USART1/dma.c.obj
 .text.DMA1_Channel2_3_IRQHandler
                0x080005ec       0x2c CMakeFiles/DZ2.elf.dir/src/DMA_USART1/dma.c.obj
                0x080005ec                DMA1_Channel2_3_IRQHandler
 .text.setup_DMA
                0x08000618       0x24 CMakeFiles/DZ2.elf.dir/src/DMA_USART1/dma.c.obj
                0x08000618                setup_DMA
 .text.setup_USART1_GPIO
                0x0800063c       0x1a CMakeFiles/DZ2.elf.dir/src/DMA_USART1/usart1.c.obj
                0x0800063c                setup_USART1_GPIO
 *fill*         0x08000656        0x2 
 .text.setup_USART1_GENERAL
                0x08000658       0x28 CMakeFiles/DZ2.elf.dir/src/DMA_USART1/usart1.c.obj
                0x08000658                setup_USART1_GENERAL
 .text.setup_USART1
                0x08000680       0x1c CMakeFiles/DZ2.elf.dir/src/DMA_USART1/usart1.c.obj
                0x08000680                setup_USART1
 .text.setup_GPIO
                0x0800069c       0x38 CMakeFiles/DZ2.elf.dir/src/GPIO/setup_GPIO.c.obj
                0x0800069c                setup_GPIO
 .text.Reset_Handler
                0x080006d4       0x4c CMakeFiles/DZ2.elf.dir/src/Startup/startup_stm32f051r8tx.s.obj
                0x080006d4                Reset_Handler
 .text.Default_Handler
                0x08000720        0x2 CMakeFiles/DZ2.elf.dir/src/Startup/startup_stm32f051r8tx.s.obj
                0x08000720                TIM1_CC_IRQHandler
                0x08000720                TSC_IRQHandler
                0x08000720                HardFault_Handler
                0x08000720                ADC1_COMP_IRQHandler
                0x08000720                SysTick_Handler
                0x08000720                PVD_IRQHandler
                0x08000720                PendSV_Handler
                0x08000720                NMI_Handler
                0x08000720                I2C1_IRQHandler
                0x08000720                RCC_CRS_IRQHandler
                0x08000720                SPI1_IRQHandler
                0x08000720                TIM6_DAC_IRQHandler
                0x08000720                EXTI2_3_IRQHandler
                0x08000720                I2C2_IRQHandler
                0x08000720                TIM17_IRQHandler
                0x08000720                CEC_CAN_IRQHandler
                0x08000720                RTC_IRQHandler
                0x08000720                TIM16_IRQHandler
                0x08000720                EXTI4_15_IRQHandler
                0x08000720                DMA1_Channel1_IRQHandler
                0x08000720                Default_Handler
                0x08000720                DMA1_Channel4_5_IRQHandler
                0x08000720                SPI2_IRQHandler
                0x08000720                SVC_Handler
                0x08000720                WWDG_IRQHandler
                0x08000720                USART2_IRQHandler
                0x08000720                FLASH_IRQHandler
                0x08000720                USART1_IRQHandler
                0x08000720                TIM1_BRK_UP_TRG_COM_IRQHandler
 *fill*         0x08000722        0x2 
 .text.setup_PERIPHERALS
                0x08000724       0x20 CMakeFiles/DZ2.elf.dir/src/main.c.obj
                0x08000724                setup_PERIPHERALS
 .text.main     0x08000744        0x8 CMakeFiles/DZ2.elf.dir/src/main.c.obj
                0x08000744                main
 .text.__libc_init_array
                0x0800074c       0x48 c:/progra~2/armgnu~1/12977f~1.2mp/bin/../lib/gcc/arm-none-eabi/12.2.1/thumb/v6-m/nofp\libg.a(libc_a-init.o)
                0x0800074c                __libc_init_array
 .text.__retarget_lock_acquire_recursive
                0x08000794        0x4 c:/progra~2/armgnu~1/12977f~1.2mp/bin/../lib/gcc/arm-none-eabi/12.2.1/thumb/v6-m/nofp\libg.a(libc_a-lock.o)
                0x08000794                __retarget_lock_acquire_recursive
 .text.__retarget_lock_release_recursive
                0x08000798        0x4 c:/progra~2/armgnu~1/12977f~1.2mp/bin/../lib/gcc/arm-none-eabi/12.2.1/thumb/v6-m/nofp\libg.a(libc_a-lock.o)
                0x08000798                __retarget_lock_release_recursive
 .text.startup.register_fini
                0x0800079c       0x18 c:/progra~2/armgnu~1/12977f~1.2mp/bin/../lib/gcc/arm-none-eabi/12.2.1/thumb/v6-m/nofp\libg.a(libc_a-__call_atexit.o)
 .text.atexit   0x080007b4       0x10 c:/progra~2/armgnu~1/12977f~1.2mp/bin/../lib/gcc/arm-none-eabi/12.2.1/thumb/v6-m/nofp\libg.a(libc_a-atexit.o)
                0x080007b4                atexit
 .text.__libc_fini_array
                0x080007c4       0x28 c:/progra~2/armgnu~1/12977f~1.2mp/bin/../lib/gcc/arm-none-eabi/12.2.1/thumb/v6-m/nofp\libg.a(libc_a-fini.o)
                0x080007c4                __libc_fini_array
 .text.__register_exitproc
                0x080007ec       0xa8 c:/progra~2/armgnu~1/12977f~1.2mp/bin/../lib/gcc/arm-none-eabi/12.2.1/thumb/v6-m/nofp\libg.a(libc_a-__atexit.o)
                0x080007ec                __register_exitproc
 *(.glue_7)
 .glue_7        0x08000894        0x0 linker stubs
 *(.glue_7t)
 .glue_7t       0x08000894        0x0 linker stubs
 *(.eh_frame)
 .eh_frame      0x08000894        0x0 c:/progra~2/armgnu~1/12977f~1.2mp/bin/../lib/gcc/arm-none-eabi/12.2.1/thumb/v6-m/nofp/crtbegin.o
 *(.init)
 .init          0x08000894        0x4 c:/progra~2/armgnu~1/12977f~1.2mp/bin/../lib/gcc/arm-none-eabi/12.2.1/thumb/v6-m/nofp/crti.o
                0x08000894                _init
 .init          0x08000898        0x8 c:/progra~2/armgnu~1/12977f~1.2mp/bin/../lib/gcc/arm-none-eabi/12.2.1/thumb/v6-m/nofp/crtn.o
 *(.fini)
 .fini          0x080008a0        0x4 c:/progra~2/armgnu~1/12977f~1.2mp/bin/../lib/gcc/arm-none-eabi/12.2.1/thumb/v6-m/nofp/crti.o
                0x080008a0                _fini
 .fini          0x080008a4        0x8 c:/progra~2/armgnu~1/12977f~1.2mp/bin/../lib/gcc/arm-none-eabi/12.2.1/thumb/v6-m/nofp/crtn.o
                0x080008ac                        . = ALIGN (0x4)
                0x080008ac                        _etext = .

.vfp11_veneer   0x080008ac        0x0
 .vfp11_veneer  0x080008ac        0x0 linker stubs

.v4_bx          0x080008ac        0x0
 .v4_bx         0x080008ac        0x0 linker stubs

.iplt           0x080008ac        0x0
 .iplt          0x080008ac        0x0 c:/progra~2/armgnu~1/12977f~1.2mp/bin/../lib/gcc/arm-none-eabi/12.2.1/thumb/v6-m/nofp/crtbegin.o

.rel.dyn        0x080008ac        0x0
 .rel.iplt      0x080008ac        0x0 c:/progra~2/armgnu~1/12977f~1.2mp/bin/../lib/gcc/arm-none-eabi/12.2.1/thumb/v6-m/nofp/crtbegin.o

.rodata         0x080008ac        0x0
                0x080008ac                        . = ALIGN (0x4)
 *(.rodata)
 *(.rodata*)
                0x080008ac                        . = ALIGN (0x4)

.ARM.extab      0x080008ac        0x0
                0x080008ac                        . = ALIGN (0x4)
 *(.ARM.extab* .gnu.linkonce.armextab.*)
                0x080008ac                        . = ALIGN (0x4)

.ARM            0x080008ac        0x0
                0x080008ac                        . = ALIGN (0x4)
                0x080008ac                        __exidx_start = .
 *(.ARM.exidx*)
                0x080008ac                        __exidx_end = .
                0x080008ac                        . = ALIGN (0x4)

.preinit_array  0x080008ac        0x0
                0x080008ac                        . = ALIGN (0x4)
                0x080008ac                        PROVIDE (__preinit_array_start = .)
 *(.preinit_array*)
                0x080008ac                        PROVIDE (__preinit_array_end = .)
                0x080008ac                        . = ALIGN (0x4)

.init_array     0x080008ac        0x8
                0x080008ac                        . = ALIGN (0x4)
                0x080008ac                        PROVIDE (__init_array_start = .)
 *(SORT_BY_NAME(.init_array.*))
 .init_array.00000
                0x080008ac        0x4 c:/progra~2/armgnu~1/12977f~1.2mp/bin/../lib/gcc/arm-none-eabi/12.2.1/thumb/v6-m/nofp\libg.a(libc_a-__call_atexit.o)
 *(.init_array*)
 .init_array    0x080008b0        0x4 c:/progra~2/armgnu~1/12977f~1.2mp/bin/../lib/gcc/arm-none-eabi/12.2.1/thumb/v6-m/nofp/crtbegin.o
                0x080008b4                        PROVIDE (__init_array_end = .)
                0x080008b4                        . = ALIGN (0x4)

.fini_array     0x080008b4        0x4
                0x080008b4                        . = ALIGN (0x4)
                0x080008b4                        PROVIDE (__fini_array_start = .)
 *(SORT_BY_NAME(.fini_array.*))
 *(.fini_array*)
 .fini_array    0x080008b4        0x4 c:/progra~2/armgnu~1/12977f~1.2mp/bin/../lib/gcc/arm-none-eabi/12.2.1/thumb/v6-m/nofp/crtbegin.o
                0x080008b8                        PROVIDE (__fini_array_end = .)
                0x080008b8                        . = ALIGN (0x4)
                0x080008b8                        _sidata = LOADADDR (.data)

.data           0x20000000        0x8 load address 0x080008b8
                0x20000000                        . = ALIGN (0x4)
                0x20000000                        _sdata = .
 *(.data)
 *(.data*)
 .data.init_timers
                0x20000000        0x4 CMakeFiles/DZ2.elf.dir/src/BUTTON_PRESS_HANDLER/button.c.obj
 .data.__atexit_recursive_mutex
                0x20000004        0x4 c:/progra~2/armgnu~1/12977f~1.2mp/bin/../lib/gcc/arm-none-eabi/12.2.1/thumb/v6-m/nofp\libg.a(libc_a-__call_atexit.o)
                0x20000004                __atexit_recursive_mutex
 *(.RamFunc)
 *(.RamFunc*)
                0x20000008                        . = ALIGN (0x4)
                0x20000008                        _edata = .

.tm_clone_table
                0x20000008        0x0 load address 0x080008c0
 .tm_clone_table
                0x20000008        0x0 c:/progra~2/armgnu~1/12977f~1.2mp/bin/../lib/gcc/arm-none-eabi/12.2.1/thumb/v6-m/nofp/crtbegin.o
 .tm_clone_table
                0x20000008        0x0 c:/progra~2/armgnu~1/12977f~1.2mp/bin/../lib/gcc/arm-none-eabi/12.2.1/thumb/v6-m/nofp/crtend.o

.igot.plt       0x20000008        0x0 load address 0x080008c0
 .igot.plt      0x20000008        0x0 c:/progra~2/armgnu~1/12977f~1.2mp/bin/../lib/gcc/arm-none-eabi/12.2.1/thumb/v6-m/nofp/crtbegin.o
                0x20000008                        . = ALIGN (0x4)

.bss            0x20000008      0x9cc load address 0x080008c0
                0x20000008                        _sbss = .
                0x20000008                        __bss_start__ = _sbss
 *(.bss)
 *(.bss*)
 .bss.completed.1
                0x20000008        0x1 c:/progra~2/armgnu~1/12977f~1.2mp/bin/../lib/gcc/arm-none-eabi/12.2.1/thumb/v6-m/nofp/crtbegin.o
 *fill*         0x20000009        0x3 
 .bss.object.0  0x2000000c       0x18 c:/progra~2/armgnu~1/12977f~1.2mp/bin/../lib/gcc/arm-none-eabi/12.2.1/thumb/v6-m/nofp/crtbegin.o
 .bss.command   0x20000024        0x1 CMakeFiles/DZ2.elf.dir/src/BUTTON_PRESS_HANDLER/button.c.obj
                0x20000024                command
 *fill*         0x20000025        0x3 
 .bss.btn       0x20000028        0x4 CMakeFiles/DZ2.elf.dir/src/BUTTON_PRESS_HANDLER/button.c.obj
 .bss.rx_buffer
                0x2000002c      0x406 CMakeFiles/DZ2.elf.dir/src/main.c.obj
                0x2000002c                rx_buffer
 *fill*         0x20000432        0x2 
 .bss.tx_buffer
                0x20000434      0x406 CMakeFiles/DZ2.elf.dir/src/main.c.obj
                0x20000434                tx_buffer
 *fill*         0x2000083a        0x2 
 .bss.__lock___atexit_recursive_mutex
                0x2000083c        0x1 c:/progra~2/armgnu~1/12977f~1.2mp/bin/../lib/gcc/arm-none-eabi/12.2.1/thumb/v6-m/nofp\libg.a(libc_a-lock.o)
                0x2000083c                __lock___atexit_recursive_mutex
 *fill*         0x2000083d        0x3 
 .bss.__atexit  0x20000840        0x4 c:/progra~2/armgnu~1/12977f~1.2mp/bin/../lib/gcc/arm-none-eabi/12.2.1/thumb/v6-m/nofp\libg.a(libc_a-__call_atexit.o)
                0x20000840                __atexit
 .bss.__atexit0
                0x20000844      0x190 c:/progra~2/armgnu~1/12977f~1.2mp/bin/../lib/gcc/arm-none-eabi/12.2.1/thumb/v6-m/nofp\libg.a(libc_a-__atexit.o)
                0x20000844                __atexit0
 *(COMMON)
                0x200009d4                        . = ALIGN (0x4)
                0x200009d4                        _ebss = .
                0x200009d4                        __bss_end__ = _ebss

._user_heap_stack
                0x200009d4      0x604 load address 0x080008c0
                0x200009d8                        . = ALIGN (0x8)
 *fill*         0x200009d4        0x4 
                [!provide]                        PROVIDE (end = .)
                [!provide]                        PROVIDE (_end = .)
                0x20000bd8                        . = (. + _Min_Heap_Size)
 *fill*         0x200009d8      0x200 
                0x20000fd8                        . = (. + _Min_Stack_Size)
 *fill*         0x20000bd8      0x400 
                0x20000fd8                        . = ALIGN (0x8)

/DISCARD/
 libc.a(*)
 libm.a(*)
 libgcc.a(*)

.ARM.attributes
                0x00000000       0x28
 *(.ARM.attributes)
 .ARM.attributes
                0x00000000       0x1e c:/progra~2/armgnu~1/12977f~1.2mp/bin/../lib/gcc/arm-none-eabi/12.2.1/thumb/v6-m/nofp/crti.o
 .ARM.attributes
                0x0000001e       0x2c c:/progra~2/armgnu~1/12977f~1.2mp/bin/../lib/gcc/arm-none-eabi/12.2.1/thumb/v6-m/nofp/crtbegin.o
 .ARM.attributes
                0x0000004a       0x2c CMakeFiles/DZ2.elf.dir/src/BUTTON_PRESS_HANDLER/button.c.obj
 .ARM.attributes
                0x00000076       0x2c CMakeFiles/DZ2.elf.dir/src/DMA_USART1/dma.c.obj
 .ARM.attributes
                0x000000a2       0x2c CMakeFiles/DZ2.elf.dir/src/DMA_USART1/usart1.c.obj
 .ARM.attributes
                0x000000ce       0x2c CMakeFiles/DZ2.elf.dir/src/GPIO/setup_GPIO.c.obj
 .ARM.attributes
                0x000000fa       0x21 CMakeFiles/DZ2.elf.dir/src/Startup/startup_stm32f051r8tx.s.obj
 .ARM.attributes
                0x0000011b       0x2c CMakeFiles/DZ2.elf.dir/src/main.c.obj
 .ARM.attributes
                0x00000147       0x2c c:/progra~2/armgnu~1/12977f~1.2mp/bin/../lib/gcc/arm-none-eabi/12.2.1/thumb/v6-m/nofp\libg.a(libc_a-init.o)
 .ARM.attributes
                0x00000173       0x2c c:/progra~2/armgnu~1/12977f~1.2mp/bin/../lib/gcc/arm-none-eabi/12.2.1/thumb/v6-m/nofp\libg.a(libc_a-lock.o)
 .ARM.attributes
                0x0000019f       0x2c c:/progra~2/armgnu~1/12977f~1.2mp/bin/../lib/gcc/arm-none-eabi/12.2.1/thumb/v6-m/nofp\libg.a(libc_a-__call_atexit.o)
 .ARM.attributes
                0x000001cb       0x2c c:/progra~2/armgnu~1/12977f~1.2mp/bin/../lib/gcc/arm-none-eabi/12.2.1/thumb/v6-m/nofp\libg.a(libc_a-atexit.o)
 .ARM.attributes
                0x000001f7       0x2c c:/progra~2/armgnu~1/12977f~1.2mp/bin/../lib/gcc/arm-none-eabi/12.2.1/thumb/v6-m/nofp\libg.a(libc_a-fini.o)
 .ARM.attributes
                0x00000223       0x2c c:/progra~2/armgnu~1/12977f~1.2mp/bin/../lib/gcc/arm-none-eabi/12.2.1/thumb/v6-m/nofp\libg.a(libc_a-__atexit.o)
 .ARM.attributes
                0x0000024f       0x2c c:/progra~2/armgnu~1/12977f~1.2mp/bin/../lib/gcc/arm-none-eabi/12.2.1/thumb/v6-m/nofp/crtend.o
 .ARM.attributes
                0x0000027b       0x1e c:/progra~2/armgnu~1/12977f~1.2mp/bin/../lib/gcc/arm-none-eabi/12.2.1/thumb/v6-m/nofp/crtn.o
OUTPUT(DZ2.elf elf32-littlearm)
LOAD linker stubs
LOAD c:/progra~2/armgnu~1/12977f~1.2mp/bin/../lib/gcc/arm-none-eabi/12.2.1/thumb/v6-m/nofp\libc.a
LOAD c:/progra~2/armgnu~1/12977f~1.2mp/bin/../lib/gcc/arm-none-eabi/12.2.1/thumb/v6-m/nofp\libm.a
LOAD c:/progra~2/armgnu~1/12977f~1.2mp/bin/../lib/gcc/arm-none-eabi/12.2.1/thumb/v6-m/nofp\libgcc.a

.debug_info     0x00000000     0x180b
 .debug_info    0x00000000      0xa20 CMakeFiles/DZ2.elf.dir/src/BUTTON_PRESS_HANDLER/button.c.obj
 .debug_info    0x00000a20      0x6de CMakeFiles/DZ2.elf.dir/src/DMA_USART1/dma.c.obj
 .debug_info    0x000010fe      0x310 CMakeFiles/DZ2.elf.dir/src/DMA_USART1/usart1.c.obj
 .debug_info    0x0000140e      0x1f8 CMakeFiles/DZ2.elf.dir/src/GPIO/setup_GPIO.c.obj
 .debug_info    0x00001606       0x30 CMakeFiles/DZ2.elf.dir/src/Startup/startup_stm32f051r8tx.s.obj
 .debug_info    0x00001636      0x1d5 CMakeFiles/DZ2.elf.dir/src/main.c.obj

.debug_abbrev   0x00000000      0x779
 .debug_abbrev  0x00000000      0x24f CMakeFiles/DZ2.elf.dir/src/BUTTON_PRESS_HANDLER/button.c.obj
 .debug_abbrev  0x0000024f      0x24d CMakeFiles/DZ2.elf.dir/src/DMA_USART1/dma.c.obj
 .debug_abbrev  0x0000049c       0xd8 CMakeFiles/DZ2.elf.dir/src/DMA_USART1/usart1.c.obj
 .debug_abbrev  0x00000574       0xb3 CMakeFiles/DZ2.elf.dir/src/GPIO/setup_GPIO.c.obj
 .debug_abbrev  0x00000627       0x24 CMakeFiles/DZ2.elf.dir/src/Startup/startup_stm32f051r8tx.s.obj
 .debug_abbrev  0x0000064b      0x12e CMakeFiles/DZ2.elf.dir/src/main.c.obj

.debug_loclists
                0x00000000      0x125
 .debug_loclists
                0x00000000       0xc0 CMakeFiles/DZ2.elf.dir/src/BUTTON_PRESS_HANDLER/button.c.obj
 .debug_loclists
                0x000000c0       0x65 CMakeFiles/DZ2.elf.dir/src/DMA_USART1/dma.c.obj

.debug_aranges  0x00000000      0x150
 .debug_aranges
                0x00000000       0x70 CMakeFiles/DZ2.elf.dir/src/BUTTON_PRESS_HANDLER/button.c.obj
 .debug_aranges
                0x00000070       0x40 CMakeFiles/DZ2.elf.dir/src/DMA_USART1/dma.c.obj
 .debug_aranges
                0x000000b0       0x30 CMakeFiles/DZ2.elf.dir/src/DMA_USART1/usart1.c.obj
 .debug_aranges
                0x000000e0       0x20 CMakeFiles/DZ2.elf.dir/src/GPIO/setup_GPIO.c.obj
 .debug_aranges
                0x00000100       0x28 CMakeFiles/DZ2.elf.dir/src/Startup/startup_stm32f051r8tx.s.obj
 .debug_aranges
                0x00000128       0x28 CMakeFiles/DZ2.elf.dir/src/main.c.obj

.debug_rnglists
                0x00000000       0xdf
 .debug_rnglists
                0x00000000       0x50 CMakeFiles/DZ2.elf.dir/src/BUTTON_PRESS_HANDLER/button.c.obj
 .debug_rnglists
                0x00000050       0x2b CMakeFiles/DZ2.elf.dir/src/DMA_USART1/dma.c.obj
 .debug_rnglists
                0x0000007b       0x1f CMakeFiles/DZ2.elf.dir/src/DMA_USART1/usart1.c.obj
 .debug_rnglists
                0x0000009a       0x13 CMakeFiles/DZ2.elf.dir/src/GPIO/setup_GPIO.c.obj
 .debug_rnglists
                0x000000ad       0x19 CMakeFiles/DZ2.elf.dir/src/Startup/startup_stm32f051r8tx.s.obj
 .debug_rnglists
                0x000000c6       0x19 CMakeFiles/DZ2.elf.dir/src/main.c.obj

.debug_line     0x00000000     0x105a
 .debug_line    0x00000000      0x603 CMakeFiles/DZ2.elf.dir/src/BUTTON_PRESS_HANDLER/button.c.obj
 .debug_line    0x00000603      0x347 CMakeFiles/DZ2.elf.dir/src/DMA_USART1/dma.c.obj
 .debug_line    0x0000094a      0x203 CMakeFiles/DZ2.elf.dir/src/DMA_USART1/usart1.c.obj
 .debug_line    0x00000b4d      0x1b9 CMakeFiles/DZ2.elf.dir/src/GPIO/setup_GPIO.c.obj
 .debug_line    0x00000d06       0x7a CMakeFiles/DZ2.elf.dir/src/Startup/startup_stm32f051r8tx.s.obj
 .debug_line    0x00000d80      0x2da CMakeFiles/DZ2.elf.dir/src/main.c.obj

.debug_str      0x00000000      0x9e5
 .debug_str     0x00000000      0x6c8 CMakeFiles/DZ2.elf.dir/src/BUTTON_PRESS_HANDLER/button.c.obj
                                0x71a (size before relaxing)
 .debug_str     0x000006c8      0x113 CMakeFiles/DZ2.elf.dir/src/DMA_USART1/dma.c.obj
                                0x5a9 (size before relaxing)
 .debug_str     0x000007db       0x92 CMakeFiles/DZ2.elf.dir/src/DMA_USART1/usart1.c.obj
                                0x302 (size before relaxing)
 .debug_str     0x0000086d       0x67 CMakeFiles/DZ2.elf.dir/src/GPIO/setup_GPIO.c.obj
                                0x297 (size before relaxing)
 .debug_str     0x000008d4       0x86 CMakeFiles/DZ2.elf.dir/src/Startup/startup_stm32f051r8tx.s.obj
                                 0xde (size before relaxing)
 .debug_str     0x0000095a       0x8b CMakeFiles/DZ2.elf.dir/src/main.c.obj
                                0x292 (size before relaxing)

.comment        0x00000000       0x55
 .comment       0x00000000       0x55 CMakeFiles/DZ2.elf.dir/src/BUTTON_PRESS_HANDLER/button.c.obj
                                 0x56 (size before relaxing)
 .comment       0x00000055       0x56 CMakeFiles/DZ2.elf.dir/src/DMA_USART1/dma.c.obj
 .comment       0x00000055       0x56 CMakeFiles/DZ2.elf.dir/src/DMA_USART1/usart1.c.obj
 .comment       0x00000055       0x56 CMakeFiles/DZ2.elf.dir/src/GPIO/setup_GPIO.c.obj
 .comment       0x00000055       0x56 CMakeFiles/DZ2.elf.dir/src/main.c.obj

.debug_frame    0x00000000      0x394
 .debug_frame   0x00000000       0xc8 CMakeFiles/DZ2.elf.dir/src/BUTTON_PRESS_HANDLER/button.c.obj
 .debug_frame   0x000000c8       0x68 CMakeFiles/DZ2.elf.dir/src/DMA_USART1/dma.c.obj
 .debug_frame   0x00000130       0x48 CMakeFiles/DZ2.elf.dir/src/DMA_USART1/usart1.c.obj
 .debug_frame   0x00000178       0x20 CMakeFiles/DZ2.elf.dir/src/GPIO/setup_GPIO.c.obj
 .debug_frame   0x00000198       0x40 CMakeFiles/DZ2.elf.dir/src/main.c.obj
 .debug_frame   0x000001d8       0x2c c:/progra~2/armgnu~1/12977f~1.2mp/bin/../lib/gcc/arm-none-eabi/12.2.1/thumb/v6-m/nofp\libg.a(libc_a-init.o)
 .debug_frame   0x00000204       0xb0 c:/progra~2/armgnu~1/12977f~1.2mp/bin/../lib/gcc/arm-none-eabi/12.2.1/thumb/v6-m/nofp\libg.a(libc_a-lock.o)
 .debug_frame   0x000002b4       0x54 c:/progra~2/armgnu~1/12977f~1.2mp/bin/../lib/gcc/arm-none-eabi/12.2.1/thumb/v6-m/nofp\libg.a(libc_a-__call_atexit.o)
 .debug_frame   0x00000308       0x28 c:/progra~2/armgnu~1/12977f~1.2mp/bin/../lib/gcc/arm-none-eabi/12.2.1/thumb/v6-m/nofp\libg.a(libc_a-atexit.o)
 .debug_frame   0x00000330       0x2c c:/progra~2/armgnu~1/12977f~1.2mp/bin/../lib/gcc/arm-none-eabi/12.2.1/thumb/v6-m/nofp\libg.a(libc_a-fini.o)
 .debug_frame   0x0000035c       0x38 c:/progra~2/armgnu~1/12977f~1.2mp/bin/../lib/gcc/arm-none-eabi/12.2.1/thumb/v6-m/nofp\libg.a(libc_a-__atexit.o)

.debug_line_str
                0x00000000       0xc2
 .debug_line_str
                0x00000000       0xc2 CMakeFiles/DZ2.elf.dir/src/Startup/startup_stm32f051r8tx.s.obj
