Archive member included to satisfy reference by file (symbol)

c:/progra~2/armgnu~1/12977f~1.2mp/bin/../lib/gcc/arm-none-eabi/12.2.1/thumb/v6-m/nofp\libg.a(libc_a-exit.o)
                              c:/progra~2/armgnu~1/12977f~1.2mp/bin/../lib/gcc/arm-none-eabi/12.2.1/thumb/v6-m/nofp/crt0.o (exit)
c:/progra~2/armgnu~1/12977f~1.2mp/bin/../lib/gcc/arm-none-eabi/12.2.1/thumb/v6-m/nofp\libg.a(libc_a-findfp.o)
                              c:/progra~2/armgnu~1/12977f~1.2mp/bin/../lib/gcc/arm-none-eabi/12.2.1/thumb/v6-m/nofp\libg.a(libc_a-exit.o) (__stdio_exit_handler)
c:/progra~2/armgnu~1/12977f~1.2mp/bin/../lib/gcc/arm-none-eabi/12.2.1/thumb/v6-m/nofp\libg.a(libc_a-fwalk.o)
                              c:/progra~2/armgnu~1/12977f~1.2mp/bin/../lib/gcc/arm-none-eabi/12.2.1/thumb/v6-m/nofp\libg.a(libc_a-findfp.o) (_fwalk_sglue)
c:/progra~2/armgnu~1/12977f~1.2mp/bin/../lib/gcc/arm-none-eabi/12.2.1/thumb/v6-m/nofp\libg.a(libc_a-stdio.o)
                              c:/progra~2/armgnu~1/12977f~1.2mp/bin/../lib/gcc/arm-none-eabi/12.2.1/thumb/v6-m/nofp\libg.a(libc_a-findfp.o) (__sread)
c:/progra~2/armgnu~1/12977f~1.2mp/bin/../lib/gcc/arm-none-eabi/12.2.1/thumb/v6-m/nofp\libg.a(libc_a-memset.o)
                              c:/progra~2/armgnu~1/12977f~1.2mp/bin/../lib/gcc/arm-none-eabi/12.2.1/thumb/v6-m/nofp/crt0.o (memset)
c:/progra~2/armgnu~1/12977f~1.2mp/bin/../lib/gcc/arm-none-eabi/12.2.1/thumb/v6-m/nofp\libg.a(libc_a-closer.o)
                              c:/progra~2/armgnu~1/12977f~1.2mp/bin/../lib/gcc/arm-none-eabi/12.2.1/thumb/v6-m/nofp\libg.a(libc_a-stdio.o) (_close_r)
c:/progra~2/armgnu~1/12977f~1.2mp/bin/../lib/gcc/arm-none-eabi/12.2.1/thumb/v6-m/nofp\libg.a(libc_a-reent.o)
                              c:/progra~2/armgnu~1/12977f~1.2mp/bin/../lib/gcc/arm-none-eabi/12.2.1/thumb/v6-m/nofp\libg.a(libc_a-closer.o) (errno)
c:/progra~2/armgnu~1/12977f~1.2mp/bin/../lib/gcc/arm-none-eabi/12.2.1/thumb/v6-m/nofp\libg.a(libc_a-impure.o)
                              c:/progra~2/armgnu~1/12977f~1.2mp/bin/../lib/gcc/arm-none-eabi/12.2.1/thumb/v6-m/nofp\libg.a(libc_a-reent.o) (_impure_ptr)
c:/progra~2/armgnu~1/12977f~1.2mp/bin/../lib/gcc/arm-none-eabi/12.2.1/thumb/v6-m/nofp\libg.a(libc_a-lseekr.o)
                              c:/progra~2/armgnu~1/12977f~1.2mp/bin/../lib/gcc/arm-none-eabi/12.2.1/thumb/v6-m/nofp\libg.a(libc_a-stdio.o) (_lseek_r)
c:/progra~2/armgnu~1/12977f~1.2mp/bin/../lib/gcc/arm-none-eabi/12.2.1/thumb/v6-m/nofp\libg.a(libc_a-readr.o)
                              c:/progra~2/armgnu~1/12977f~1.2mp/bin/../lib/gcc/arm-none-eabi/12.2.1/thumb/v6-m/nofp\libg.a(libc_a-stdio.o) (_read_r)
c:/progra~2/armgnu~1/12977f~1.2mp/bin/../lib/gcc/arm-none-eabi/12.2.1/thumb/v6-m/nofp\libg.a(libc_a-writer.o)
                              c:/progra~2/armgnu~1/12977f~1.2mp/bin/../lib/gcc/arm-none-eabi/12.2.1/thumb/v6-m/nofp\libg.a(libc_a-stdio.o) (_write_r)
c:/progra~2/armgnu~1/12977f~1.2mp/bin/../lib/gcc/arm-none-eabi/12.2.1/thumb/v6-m/nofp\libg.a(libc_a-init.o)
                              c:/progra~2/armgnu~1/12977f~1.2mp/bin/../lib/gcc/arm-none-eabi/12.2.1/thumb/v6-m/nofp/crt0.o (__libc_init_array)
c:/progra~2/armgnu~1/12977f~1.2mp/bin/../lib/gcc/arm-none-eabi/12.2.1/thumb/v6-m/nofp\libg.a(libc_a-lock.o)
                              c:/progra~2/armgnu~1/12977f~1.2mp/bin/../lib/gcc/arm-none-eabi/12.2.1/thumb/v6-m/nofp\libg.a(libc_a-findfp.o) (__retarget_lock_init_recursive)
c:/progra~2/armgnu~1/12977f~1.2mp/bin/../lib/gcc/arm-none-eabi/12.2.1/thumb/v6-m/nofp\libg.a(libc_a-__call_atexit.o)
                              c:/progra~2/armgnu~1/12977f~1.2mp/bin/../lib/gcc/arm-none-eabi/12.2.1/thumb/v6-m/nofp\libg.a(libc_a-exit.o) (__call_exitprocs)
c:/progra~2/armgnu~1/12977f~1.2mp/bin/../lib/gcc/arm-none-eabi/12.2.1/thumb/v6-m/nofp\libg.a(libc_a-atexit.o)
                              c:/progra~2/armgnu~1/12977f~1.2mp/bin/../lib/gcc/arm-none-eabi/12.2.1/thumb/v6-m/nofp\libg.a(libc_a-__call_atexit.o) (atexit)
c:/progra~2/armgnu~1/12977f~1.2mp/bin/../lib/gcc/arm-none-eabi/12.2.1/thumb/v6-m/nofp\libg.a(libc_a-freer.o)
                              c:/progra~2/armgnu~1/12977f~1.2mp/bin/../lib/gcc/arm-none-eabi/12.2.1/thumb/v6-m/nofp\libg.a(libc_a-reent.o) (_free_r)
c:/progra~2/armgnu~1/12977f~1.2mp/bin/../lib/gcc/arm-none-eabi/12.2.1/thumb/v6-m/nofp\libg.a(libc_a-mallocr.o)
                              c:/progra~2/armgnu~1/12977f~1.2mp/bin/../lib/gcc/arm-none-eabi/12.2.1/thumb/v6-m/nofp\libg.a(libc_a-findfp.o) (_malloc_r)
c:/progra~2/armgnu~1/12977f~1.2mp/bin/../lib/gcc/arm-none-eabi/12.2.1/thumb/v6-m/nofp\libg.a(libc_a-mlock.o)
                              c:/progra~2/armgnu~1/12977f~1.2mp/bin/../lib/gcc/arm-none-eabi/12.2.1/thumb/v6-m/nofp\libg.a(libc_a-freer.o) (__malloc_lock)
c:/progra~2/armgnu~1/12977f~1.2mp/bin/../lib/gcc/arm-none-eabi/12.2.1/thumb/v6-m/nofp\libg.a(libc_a-fclose.o)
                              c:/progra~2/armgnu~1/12977f~1.2mp/bin/../lib/gcc/arm-none-eabi/12.2.1/thumb/v6-m/nofp\libg.a(libc_a-findfp.o) (_fclose_r)
c:/progra~2/armgnu~1/12977f~1.2mp/bin/../lib/gcc/arm-none-eabi/12.2.1/thumb/v6-m/nofp\libg.a(libc_a-fflush.o)
                              c:/progra~2/armgnu~1/12977f~1.2mp/bin/../lib/gcc/arm-none-eabi/12.2.1/thumb/v6-m/nofp\libg.a(libc_a-fclose.o) (__sflush_r)
c:/progra~2/armgnu~1/12977f~1.2mp/bin/../lib/gcc/arm-none-eabi/12.2.1/thumb/v6-m/nofp\libg.a(libc_a-sbrkr.o)
                              c:/progra~2/armgnu~1/12977f~1.2mp/bin/../lib/gcc/arm-none-eabi/12.2.1/thumb/v6-m/nofp\libg.a(libc_a-freer.o) (_sbrk_r)
c:/progra~2/armgnu~1/12977f~1.2mp/bin/../lib/gcc/arm-none-eabi/12.2.1/thumb/v6-m/nofp\libg.a(libc_a-fini.o)
                              c:/progra~2/armgnu~1/12977f~1.2mp/bin/../lib/gcc/arm-none-eabi/12.2.1/thumb/v6-m/nofp\libg.a(libc_a-__call_atexit.o) (__libc_fini_array)
c:/progra~2/armgnu~1/12977f~1.2mp/bin/../lib/gcc/arm-none-eabi/12.2.1/thumb/v6-m/nofp\libg.a(libc_a-sysconf.o)
                              c:/progra~2/armgnu~1/12977f~1.2mp/bin/../lib/gcc/arm-none-eabi/12.2.1/thumb/v6-m/nofp\libg.a(libc_a-freer.o) (sysconf)
c:/progra~2/armgnu~1/12977f~1.2mp/bin/../lib/gcc/arm-none-eabi/12.2.1/thumb/v6-m/nofp\libg.a(libc_a-__atexit.o)
                              c:/progra~2/armgnu~1/12977f~1.2mp/bin/../lib/gcc/arm-none-eabi/12.2.1/thumb/v6-m/nofp\libg.a(libc_a-atexit.o) (__register_exitproc)
c:/progra~2/armgnu~1/12977f~1.2mp/bin/../lib/gcc/arm-none-eabi/12.2.1/thumb/v6-m/nofp\libg.a(libc_a-errno.o)
                              c:/progra~2/armgnu~1/12977f~1.2mp/bin/../lib/gcc/arm-none-eabi/12.2.1/thumb/v6-m/nofp\libg.a(libc_a-sysconf.o) (__errno)
c:/progra~2/armgnu~1/12977f~1.2mp/bin/../lib/gcc/arm-none-eabi/12.2.1/thumb/v6-m/nofp\libgcc.a(_udivsi3.o)
                              c:/progra~2/armgnu~1/12977f~1.2mp/bin/../lib/gcc/arm-none-eabi/12.2.1/thumb/v6-m/nofp\libg.a(libc_a-freer.o) (__aeabi_uidiv)
c:/progra~2/armgnu~1/12977f~1.2mp/bin/../lib/gcc/arm-none-eabi/12.2.1/thumb/v6-m/nofp\libgcc.a(_dvmd_tls.o)
                              c:/progra~2/armgnu~1/12977f~1.2mp/bin/../lib/gcc/arm-none-eabi/12.2.1/thumb/v6-m/nofp\libgcc.a(_udivsi3.o) (__aeabi_idiv0)

Discarded input sections

 .text          0x00000000        0x0 c:/progra~2/armgnu~1/12977f~1.2mp/bin/../lib/gcc/arm-none-eabi/12.2.1/thumb/v6-m/nofp/crti.o
 .data          0x00000000        0x0 c:/progra~2/armgnu~1/12977f~1.2mp/bin/../lib/gcc/arm-none-eabi/12.2.1/thumb/v6-m/nofp/crti.o
 .bss           0x00000000        0x0 c:/progra~2/armgnu~1/12977f~1.2mp/bin/../lib/gcc/arm-none-eabi/12.2.1/thumb/v6-m/nofp/crti.o
 .text          0x00000000        0x0 c:/progra~2/armgnu~1/12977f~1.2mp/bin/../lib/gcc/arm-none-eabi/12.2.1/thumb/v6-m/nofp/crtbegin.o
 .data          0x00000000        0x0 c:/progra~2/armgnu~1/12977f~1.2mp/bin/../lib/gcc/arm-none-eabi/12.2.1/thumb/v6-m/nofp/crtbegin.o
 .bss           0x00000000        0x0 c:/progra~2/armgnu~1/12977f~1.2mp/bin/../lib/gcc/arm-none-eabi/12.2.1/thumb/v6-m/nofp/crtbegin.o
 .rodata.all_implied_fbits
                0x00000000       0x24 c:/progra~2/armgnu~1/12977f~1.2mp/bin/../lib/gcc/arm-none-eabi/12.2.1/thumb/v6-m/nofp/crtbegin.o
 .data.__dso_handle
                0x00000000        0x4 c:/progra~2/armgnu~1/12977f~1.2mp/bin/../lib/gcc/arm-none-eabi/12.2.1/thumb/v6-m/nofp/crtbegin.o
 .text          0x00000000       0x80 c:/progra~2/armgnu~1/12977f~1.2mp/bin/../lib/gcc/arm-none-eabi/12.2.1/thumb/v6-m/nofp/crt0.o
 .data          0x00000000        0x0 c:/progra~2/armgnu~1/12977f~1.2mp/bin/../lib/gcc/arm-none-eabi/12.2.1/thumb/v6-m/nofp/crt0.o
 .bss           0x00000000        0x0 c:/progra~2/armgnu~1/12977f~1.2mp/bin/../lib/gcc/arm-none-eabi/12.2.1/thumb/v6-m/nofp/crt0.o
 .ARM.extab     0x00000000        0x0 c:/progra~2/armgnu~1/12977f~1.2mp/bin/../lib/gcc/arm-none-eabi/12.2.1/thumb/v6-m/nofp/crt0.o
 .ARM.exidx     0x00000000       0x10 c:/progra~2/armgnu~1/12977f~1.2mp/bin/../lib/gcc/arm-none-eabi/12.2.1/thumb/v6-m/nofp/crt0.o
 .debug_line_str
                0x00000000       0xe2 c:/progra~2/armgnu~1/12977f~1.2mp/bin/../lib/gcc/arm-none-eabi/12.2.1/thumb/v6-m/nofp/crt0.o
 .ARM.attributes
                0x00000000       0x1b c:/progra~2/armgnu~1/12977f~1.2mp/bin/../lib/gcc/arm-none-eabi/12.2.1/thumb/v6-m/nofp/crt0.o
 .text          0x00000000        0x0 CMakeFiles/DZ2.elf.dir/src/BUFFER/buffer.c.obj
 .data          0x00000000        0x0 CMakeFiles/DZ2.elf.dir/src/BUFFER/buffer.c.obj
 .bss           0x00000000        0x0 CMakeFiles/DZ2.elf.dir/src/BUFFER/buffer.c.obj
 .text.advance_head_pointer
                0x00000000       0x54 CMakeFiles/DZ2.elf.dir/src/BUFFER/buffer.c.obj
 .text.circular_buf_empty
                0x00000000       0x30 CMakeFiles/DZ2.elf.dir/src/BUFFER/buffer.c.obj
 .text.circular_buf_init_reset
                0x00000000       0x1c CMakeFiles/DZ2.elf.dir/src/BUFFER/buffer.c.obj
 .text.circular_buf_size
                0x00000000       0x50 CMakeFiles/DZ2.elf.dir/src/BUFFER/buffer.c.obj
 .text.circular_buf_put
                0x00000000       0x12 CMakeFiles/DZ2.elf.dir/src/BUFFER/buffer.c.obj
 .text.circular_buf_try_put
                0x00000000       0x28 CMakeFiles/DZ2.elf.dir/src/BUFFER/buffer.c.obj
 .text.circular_buf_get
                0x00000000       0x44 CMakeFiles/DZ2.elf.dir/src/BUFFER/buffer.c.obj
 .debug_info    0x00000000      0x332 CMakeFiles/DZ2.elf.dir/src/BUFFER/buffer.c.obj
 .debug_abbrev  0x00000000      0x18d CMakeFiles/DZ2.elf.dir/src/BUFFER/buffer.c.obj
 .debug_loclists
                0x00000000      0x1e5 CMakeFiles/DZ2.elf.dir/src/BUFFER/buffer.c.obj
 .debug_aranges
                0x00000000       0x50 CMakeFiles/DZ2.elf.dir/src/BUFFER/buffer.c.obj
 .debug_rnglists
                0x00000000       0x5b CMakeFiles/DZ2.elf.dir/src/BUFFER/buffer.c.obj
 .debug_line    0x00000000      0x2ea CMakeFiles/DZ2.elf.dir/src/BUFFER/buffer.c.obj
 .debug_str     0x00000000      0x2de CMakeFiles/DZ2.elf.dir/src/BUFFER/buffer.c.obj
 .comment       0x00000000       0x56 CMakeFiles/DZ2.elf.dir/src/BUFFER/buffer.c.obj
 .debug_frame   0x00000000       0x9c CMakeFiles/DZ2.elf.dir/src/BUFFER/buffer.c.obj
 .ARM.attributes
                0x00000000       0x2c CMakeFiles/DZ2.elf.dir/src/BUFFER/buffer.c.obj
 .text          0x00000000        0x0 CMakeFiles/DZ2.elf.dir/src/BUTTON/button.c.obj
 .data          0x00000000        0x0 CMakeFiles/DZ2.elf.dir/src/BUTTON/button.c.obj
 .bss           0x00000000        0x0 CMakeFiles/DZ2.elf.dir/src/BUTTON/button.c.obj
 .text          0x00000000        0x0 CMakeFiles/DZ2.elf.dir/src/DMA/dma.c.obj
 .data          0x00000000        0x0 CMakeFiles/DZ2.elf.dir/src/DMA/dma.c.obj
 .bss           0x00000000        0x0 CMakeFiles/DZ2.elf.dir/src/DMA/dma.c.obj
 .text          0x00000000        0x0 CMakeFiles/DZ2.elf.dir/src/FLASH/flash.c.obj
 .data          0x00000000        0x0 CMakeFiles/DZ2.elf.dir/src/FLASH/flash.c.obj
 .bss           0x00000000        0x0 CMakeFiles/DZ2.elf.dir/src/FLASH/flash.c.obj
 .text.unlock_flash
                0x00000000       0x28 CMakeFiles/DZ2.elf.dir/src/FLASH/flash.c.obj
 .text.lock_flash
                0x00000000       0x10 CMakeFiles/DZ2.elf.dir/src/FLASH/flash.c.obj
 .text.double_uint8_to_uint16
                0x00000000        0x6 CMakeFiles/DZ2.elf.dir/src/FLASH/flash.c.obj
 .text.write_flash_data
                0x00000000       0x7c CMakeFiles/DZ2.elf.dir/src/FLASH/flash.c.obj
 .text.read_flash_data
                0x00000000       0x54 CMakeFiles/DZ2.elf.dir/src/FLASH/flash.c.obj
 .debug_info    0x00000000      0x352 CMakeFiles/DZ2.elf.dir/src/FLASH/flash.c.obj
 .debug_abbrev  0x00000000      0x16a CMakeFiles/DZ2.elf.dir/src/FLASH/flash.c.obj
 .debug_loclists
                0x00000000       0xf3 CMakeFiles/DZ2.elf.dir/src/FLASH/flash.c.obj
 .debug_aranges
                0x00000000       0x40 CMakeFiles/DZ2.elf.dir/src/FLASH/flash.c.obj
 .debug_rnglists
                0x00000000       0x2b CMakeFiles/DZ2.elf.dir/src/FLASH/flash.c.obj
 .debug_line    0x00000000      0x37e CMakeFiles/DZ2.elf.dir/src/FLASH/flash.c.obj
 .debug_str     0x00000000      0x304 CMakeFiles/DZ2.elf.dir/src/FLASH/flash.c.obj
 .comment       0x00000000       0x56 CMakeFiles/DZ2.elf.dir/src/FLASH/flash.c.obj
 .debug_frame   0x00000000       0x7c CMakeFiles/DZ2.elf.dir/src/FLASH/flash.c.obj
 .ARM.attributes
                0x00000000       0x2c CMakeFiles/DZ2.elf.dir/src/FLASH/flash.c.obj
 .text          0x00000000        0x0 CMakeFiles/DZ2.elf.dir/src/GPIO/setup_GPIO.c.obj
 .data          0x00000000        0x0 CMakeFiles/DZ2.elf.dir/src/GPIO/setup_GPIO.c.obj
 .bss           0x00000000        0x0 CMakeFiles/DZ2.elf.dir/src/GPIO/setup_GPIO.c.obj
 .text          0x00000000       0x14 CMakeFiles/DZ2.elf.dir/src/Startup/startup_stm32f051r8tx.s.obj
 .data          0x00000000        0x0 CMakeFiles/DZ2.elf.dir/src/Startup/startup_stm32f051r8tx.s.obj
 .bss           0x00000000        0x0 CMakeFiles/DZ2.elf.dir/src/Startup/startup_stm32f051r8tx.s.obj
 .text          0x00000000        0x0 CMakeFiles/DZ2.elf.dir/src/USART1/usart1_setup.c.obj
 .data          0x00000000        0x0 CMakeFiles/DZ2.elf.dir/src/USART1/usart1_setup.c.obj
 .bss           0x00000000        0x0 CMakeFiles/DZ2.elf.dir/src/USART1/usart1_setup.c.obj
 .text          0x00000000        0x0 CMakeFiles/DZ2.elf.dir/src/main.c.obj
 .data          0x00000000        0x0 CMakeFiles/DZ2.elf.dir/src/main.c.obj
 .bss           0x00000000        0x0 CMakeFiles/DZ2.elf.dir/src/main.c.obj
 .text.TEST_FLASH
                0x00000000       0x50 CMakeFiles/DZ2.elf.dir/src/main.c.obj
 .data.sample_1024
                0x00000000      0x401 CMakeFiles/DZ2.elf.dir/src/main.c.obj
 .text          0x00000000        0x0 c:/progra~2/armgnu~1/12977f~1.2mp/bin/../lib/gcc/arm-none-eabi/12.2.1/thumb/v6-m/nofp\libg.a(libc_a-exit.o)
 .data          0x00000000        0x0 c:/progra~2/armgnu~1/12977f~1.2mp/bin/../lib/gcc/arm-none-eabi/12.2.1/thumb/v6-m/nofp\libg.a(libc_a-exit.o)
 .bss           0x00000000        0x0 c:/progra~2/armgnu~1/12977f~1.2mp/bin/../lib/gcc/arm-none-eabi/12.2.1/thumb/v6-m/nofp\libg.a(libc_a-exit.o)
 .text.exit     0x00000000       0x20 c:/progra~2/armgnu~1/12977f~1.2mp/bin/../lib/gcc/arm-none-eabi/12.2.1/thumb/v6-m/nofp\libg.a(libc_a-exit.o)
 .debug_frame   0x00000000       0x28 c:/progra~2/armgnu~1/12977f~1.2mp/bin/../lib/gcc/arm-none-eabi/12.2.1/thumb/v6-m/nofp\libg.a(libc_a-exit.o)
 .ARM.attributes
                0x00000000       0x2c c:/progra~2/armgnu~1/12977f~1.2mp/bin/../lib/gcc/arm-none-eabi/12.2.1/thumb/v6-m/nofp\libg.a(libc_a-exit.o)
 .text          0x00000000        0x0 c:/progra~2/armgnu~1/12977f~1.2mp/bin/../lib/gcc/arm-none-eabi/12.2.1/thumb/v6-m/nofp\libg.a(libc_a-findfp.o)
 .data          0x00000000        0x0 c:/progra~2/armgnu~1/12977f~1.2mp/bin/../lib/gcc/arm-none-eabi/12.2.1/thumb/v6-m/nofp\libg.a(libc_a-findfp.o)
 .bss           0x00000000        0x0 c:/progra~2/armgnu~1/12977f~1.2mp/bin/../lib/gcc/arm-none-eabi/12.2.1/thumb/v6-m/nofp\libg.a(libc_a-findfp.o)
 .text.stdio_exit_handler
                0x00000000       0x1c c:/progra~2/armgnu~1/12977f~1.2mp/bin/../lib/gcc/arm-none-eabi/12.2.1/thumb/v6-m/nofp\libg.a(libc_a-findfp.o)
 .text.cleanup_stdio
                0x00000000       0x3c c:/progra~2/armgnu~1/12977f~1.2mp/bin/../lib/gcc/arm-none-eabi/12.2.1/thumb/v6-m/nofp\libg.a(libc_a-findfp.o)
 .text.__fp_lock
                0x00000000       0x1c c:/progra~2/armgnu~1/12977f~1.2mp/bin/../lib/gcc/arm-none-eabi/12.2.1/thumb/v6-m/nofp\libg.a(libc_a-findfp.o)
 .text.__fp_unlock
                0x00000000       0x1c c:/progra~2/armgnu~1/12977f~1.2mp/bin/../lib/gcc/arm-none-eabi/12.2.1/thumb/v6-m/nofp\libg.a(libc_a-findfp.o)
 .text.global_stdio_init.part.0
                0x00000000      0x118 c:/progra~2/armgnu~1/12977f~1.2mp/bin/../lib/gcc/arm-none-eabi/12.2.1/thumb/v6-m/nofp\libg.a(libc_a-findfp.o)
 .text.__sfp    0x00000000       0xc8 c:/progra~2/armgnu~1/12977f~1.2mp/bin/../lib/gcc/arm-none-eabi/12.2.1/thumb/v6-m/nofp\libg.a(libc_a-findfp.o)
 .text.__sinit  0x00000000       0x38 c:/progra~2/armgnu~1/12977f~1.2mp/bin/../lib/gcc/arm-none-eabi/12.2.1/thumb/v6-m/nofp\libg.a(libc_a-findfp.o)
 .text.__sfp_lock_acquire
                0x00000000       0x10 c:/progra~2/armgnu~1/12977f~1.2mp/bin/../lib/gcc/arm-none-eabi/12.2.1/thumb/v6-m/nofp\libg.a(libc_a-findfp.o)
 .text.__sfp_lock_release
                0x00000000       0x10 c:/progra~2/armgnu~1/12977f~1.2mp/bin/../lib/gcc/arm-none-eabi/12.2.1/thumb/v6-m/nofp\libg.a(libc_a-findfp.o)
 .text.__fp_lock_all
                0x00000000       0x20 c:/progra~2/armgnu~1/12977f~1.2mp/bin/../lib/gcc/arm-none-eabi/12.2.1/thumb/v6-m/nofp\libg.a(libc_a-findfp.o)
 .text.__fp_unlock_all
                0x00000000       0x20 c:/progra~2/armgnu~1/12977f~1.2mp/bin/../lib/gcc/arm-none-eabi/12.2.1/thumb/v6-m/nofp\libg.a(libc_a-findfp.o)
 .data.__sglue  0x00000000        0xc c:/progra~2/armgnu~1/12977f~1.2mp/bin/../lib/gcc/arm-none-eabi/12.2.1/thumb/v6-m/nofp\libg.a(libc_a-findfp.o)
 .bss.__sf      0x00000000      0x138 c:/progra~2/armgnu~1/12977f~1.2mp/bin/../lib/gcc/arm-none-eabi/12.2.1/thumb/v6-m/nofp\libg.a(libc_a-findfp.o)
 .bss.__stdio_exit_handler
                0x00000000        0x4 c:/progra~2/armgnu~1/12977f~1.2mp/bin/../lib/gcc/arm-none-eabi/12.2.1/thumb/v6-m/nofp\libg.a(libc_a-findfp.o)
 .debug_frame   0x00000000      0x138 c:/progra~2/armgnu~1/12977f~1.2mp/bin/../lib/gcc/arm-none-eabi/12.2.1/thumb/v6-m/nofp\libg.a(libc_a-findfp.o)
 .ARM.attributes
                0x00000000       0x2c c:/progra~2/armgnu~1/12977f~1.2mp/bin/../lib/gcc/arm-none-eabi/12.2.1/thumb/v6-m/nofp\libg.a(libc_a-findfp.o)
 .text          0x00000000        0x0 c:/progra~2/armgnu~1/12977f~1.2mp/bin/../lib/gcc/arm-none-eabi/12.2.1/thumb/v6-m/nofp\libg.a(libc_a-fwalk.o)
 .data          0x00000000        0x0 c:/progra~2/armgnu~1/12977f~1.2mp/bin/../lib/gcc/arm-none-eabi/12.2.1/thumb/v6-m/nofp\libg.a(libc_a-fwalk.o)
 .bss           0x00000000        0x0 c:/progra~2/armgnu~1/12977f~1.2mp/bin/../lib/gcc/arm-none-eabi/12.2.1/thumb/v6-m/nofp\libg.a(libc_a-fwalk.o)
 .text._fwalk_sglue
                0x00000000       0x44 c:/progra~2/armgnu~1/12977f~1.2mp/bin/../lib/gcc/arm-none-eabi/12.2.1/thumb/v6-m/nofp\libg.a(libc_a-fwalk.o)
 .debug_frame   0x00000000       0x38 c:/progra~2/armgnu~1/12977f~1.2mp/bin/../lib/gcc/arm-none-eabi/12.2.1/thumb/v6-m/nofp\libg.a(libc_a-fwalk.o)
 .ARM.attributes
                0x00000000       0x2c c:/progra~2/armgnu~1/12977f~1.2mp/bin/../lib/gcc/arm-none-eabi/12.2.1/thumb/v6-m/nofp\libg.a(libc_a-fwalk.o)
 .text          0x00000000        0x0 c:/progra~2/armgnu~1/12977f~1.2mp/bin/../lib/gcc/arm-none-eabi/12.2.1/thumb/v6-m/nofp\libg.a(libc_a-stdio.o)
 .data          0x00000000        0x0 c:/progra~2/armgnu~1/12977f~1.2mp/bin/../lib/gcc/arm-none-eabi/12.2.1/thumb/v6-m/nofp\libg.a(libc_a-stdio.o)
 .bss           0x00000000        0x0 c:/progra~2/armgnu~1/12977f~1.2mp/bin/../lib/gcc/arm-none-eabi/12.2.1/thumb/v6-m/nofp\libg.a(libc_a-stdio.o)
 .text.__sread  0x00000000       0x28 c:/progra~2/armgnu~1/12977f~1.2mp/bin/../lib/gcc/arm-none-eabi/12.2.1/thumb/v6-m/nofp\libg.a(libc_a-stdio.o)
 .text.__seofread
                0x00000000        0x4 c:/progra~2/armgnu~1/12977f~1.2mp/bin/../lib/gcc/arm-none-eabi/12.2.1/thumb/v6-m/nofp\libg.a(libc_a-stdio.o)
 .text.__swrite
                0x00000000       0x40 c:/progra~2/armgnu~1/12977f~1.2mp/bin/../lib/gcc/arm-none-eabi/12.2.1/thumb/v6-m/nofp\libg.a(libc_a-stdio.o)
 .text.__sseek  0x00000000       0x30 c:/progra~2/armgnu~1/12977f~1.2mp/bin/../lib/gcc/arm-none-eabi/12.2.1/thumb/v6-m/nofp\libg.a(libc_a-stdio.o)
 .text.__sclose
                0x00000000        0xc c:/progra~2/armgnu~1/12977f~1.2mp/bin/../lib/gcc/arm-none-eabi/12.2.1/thumb/v6-m/nofp\libg.a(libc_a-stdio.o)
 .debug_frame   0x00000000       0x90 c:/progra~2/armgnu~1/12977f~1.2mp/bin/../lib/gcc/arm-none-eabi/12.2.1/thumb/v6-m/nofp\libg.a(libc_a-stdio.o)
 .ARM.attributes
                0x00000000       0x2c c:/progra~2/armgnu~1/12977f~1.2mp/bin/../lib/gcc/arm-none-eabi/12.2.1/thumb/v6-m/nofp\libg.a(libc_a-stdio.o)
 .text          0x00000000        0x0 c:/progra~2/armgnu~1/12977f~1.2mp/bin/../lib/gcc/arm-none-eabi/12.2.1/thumb/v6-m/nofp\libg.a(libc_a-memset.o)
 .data          0x00000000        0x0 c:/progra~2/armgnu~1/12977f~1.2mp/bin/../lib/gcc/arm-none-eabi/12.2.1/thumb/v6-m/nofp\libg.a(libc_a-memset.o)
 .bss           0x00000000        0x0 c:/progra~2/armgnu~1/12977f~1.2mp/bin/../lib/gcc/arm-none-eabi/12.2.1/thumb/v6-m/nofp\libg.a(libc_a-memset.o)
 .text.memset   0x00000000       0xa8 c:/progra~2/armgnu~1/12977f~1.2mp/bin/../lib/gcc/arm-none-eabi/12.2.1/thumb/v6-m/nofp\libg.a(libc_a-memset.o)
 .debug_frame   0x00000000       0x30 c:/progra~2/armgnu~1/12977f~1.2mp/bin/../lib/gcc/arm-none-eabi/12.2.1/thumb/v6-m/nofp\libg.a(libc_a-memset.o)
 .ARM.attributes
                0x00000000       0x2c c:/progra~2/armgnu~1/12977f~1.2mp/bin/../lib/gcc/arm-none-eabi/12.2.1/thumb/v6-m/nofp\libg.a(libc_a-memset.o)
 .text          0x00000000        0x0 c:/progra~2/armgnu~1/12977f~1.2mp/bin/../lib/gcc/arm-none-eabi/12.2.1/thumb/v6-m/nofp\libg.a(libc_a-closer.o)
 .data          0x00000000        0x0 c:/progra~2/armgnu~1/12977f~1.2mp/bin/../lib/gcc/arm-none-eabi/12.2.1/thumb/v6-m/nofp\libg.a(libc_a-closer.o)
 .bss           0x00000000        0x0 c:/progra~2/armgnu~1/12977f~1.2mp/bin/../lib/gcc/arm-none-eabi/12.2.1/thumb/v6-m/nofp\libg.a(libc_a-closer.o)
 .text._close_r
                0x00000000       0x24 c:/progra~2/armgnu~1/12977f~1.2mp/bin/../lib/gcc/arm-none-eabi/12.2.1/thumb/v6-m/nofp\libg.a(libc_a-closer.o)
 .debug_frame   0x00000000       0x2c c:/progra~2/armgnu~1/12977f~1.2mp/bin/../lib/gcc/arm-none-eabi/12.2.1/thumb/v6-m/nofp\libg.a(libc_a-closer.o)
 .ARM.attributes
                0x00000000       0x2c c:/progra~2/armgnu~1/12977f~1.2mp/bin/../lib/gcc/arm-none-eabi/12.2.1/thumb/v6-m/nofp\libg.a(libc_a-closer.o)
 .text          0x00000000        0x0 c:/progra~2/armgnu~1/12977f~1.2mp/bin/../lib/gcc/arm-none-eabi/12.2.1/thumb/v6-m/nofp\libg.a(libc_a-reent.o)
 .data          0x00000000        0x0 c:/progra~2/armgnu~1/12977f~1.2mp/bin/../lib/gcc/arm-none-eabi/12.2.1/thumb/v6-m/nofp\libg.a(libc_a-reent.o)
 .bss           0x00000000        0x0 c:/progra~2/armgnu~1/12977f~1.2mp/bin/../lib/gcc/arm-none-eabi/12.2.1/thumb/v6-m/nofp\libg.a(libc_a-reent.o)
 .text._reclaim_reent
                0x00000000       0x60 c:/progra~2/armgnu~1/12977f~1.2mp/bin/../lib/gcc/arm-none-eabi/12.2.1/thumb/v6-m/nofp\libg.a(libc_a-reent.o)
 .bss.errno     0x00000000        0x4 c:/progra~2/armgnu~1/12977f~1.2mp/bin/../lib/gcc/arm-none-eabi/12.2.1/thumb/v6-m/nofp\libg.a(libc_a-reent.o)
 .debug_frame   0x00000000       0x2c c:/progra~2/armgnu~1/12977f~1.2mp/bin/../lib/gcc/arm-none-eabi/12.2.1/thumb/v6-m/nofp\libg.a(libc_a-reent.o)
 .ARM.attributes
                0x00000000       0x2c c:/progra~2/armgnu~1/12977f~1.2mp/bin/../lib/gcc/arm-none-eabi/12.2.1/thumb/v6-m/nofp\libg.a(libc_a-reent.o)
 .text          0x00000000        0x0 c:/progra~2/armgnu~1/12977f~1.2mp/bin/../lib/gcc/arm-none-eabi/12.2.1/thumb/v6-m/nofp\libg.a(libc_a-impure.o)
 .data          0x00000000        0x0 c:/progra~2/armgnu~1/12977f~1.2mp/bin/../lib/gcc/arm-none-eabi/12.2.1/thumb/v6-m/nofp\libg.a(libc_a-impure.o)
 .bss           0x00000000        0x0 c:/progra~2/armgnu~1/12977f~1.2mp/bin/../lib/gcc/arm-none-eabi/12.2.1/thumb/v6-m/nofp\libg.a(libc_a-impure.o)
 .data._impure_ptr
                0x00000000        0x4 c:/progra~2/armgnu~1/12977f~1.2mp/bin/../lib/gcc/arm-none-eabi/12.2.1/thumb/v6-m/nofp\libg.a(libc_a-impure.o)
 .data._impure_data
                0x00000000      0x120 c:/progra~2/armgnu~1/12977f~1.2mp/bin/../lib/gcc/arm-none-eabi/12.2.1/thumb/v6-m/nofp\libg.a(libc_a-impure.o)
 .ARM.attributes
                0x00000000       0x2c c:/progra~2/armgnu~1/12977f~1.2mp/bin/../lib/gcc/arm-none-eabi/12.2.1/thumb/v6-m/nofp\libg.a(libc_a-impure.o)
 .text          0x00000000        0x0 c:/progra~2/armgnu~1/12977f~1.2mp/bin/../lib/gcc/arm-none-eabi/12.2.1/thumb/v6-m/nofp\libg.a(libc_a-lseekr.o)
 .data          0x00000000        0x0 c:/progra~2/armgnu~1/12977f~1.2mp/bin/../lib/gcc/arm-none-eabi/12.2.1/thumb/v6-m/nofp\libg.a(libc_a-lseekr.o)
 .bss           0x00000000        0x0 c:/progra~2/armgnu~1/12977f~1.2mp/bin/../lib/gcc/arm-none-eabi/12.2.1/thumb/v6-m/nofp\libg.a(libc_a-lseekr.o)
 .text._lseek_r
                0x00000000       0x28 c:/progra~2/armgnu~1/12977f~1.2mp/bin/../lib/gcc/arm-none-eabi/12.2.1/thumb/v6-m/nofp\libg.a(libc_a-lseekr.o)
 .debug_frame   0x00000000       0x2c c:/progra~2/armgnu~1/12977f~1.2mp/bin/../lib/gcc/arm-none-eabi/12.2.1/thumb/v6-m/nofp\libg.a(libc_a-lseekr.o)
 .ARM.attributes
                0x00000000       0x2c c:/progra~2/armgnu~1/12977f~1.2mp/bin/../lib/gcc/arm-none-eabi/12.2.1/thumb/v6-m/nofp\libg.a(libc_a-lseekr.o)
 .text          0x00000000        0x0 c:/progra~2/armgnu~1/12977f~1.2mp/bin/../lib/gcc/arm-none-eabi/12.2.1/thumb/v6-m/nofp\libg.a(libc_a-readr.o)
 .data          0x00000000        0x0 c:/progra~2/armgnu~1/12977f~1.2mp/bin/../lib/gcc/arm-none-eabi/12.2.1/thumb/v6-m/nofp\libg.a(libc_a-readr.o)
 .bss           0x00000000        0x0 c:/progra~2/armgnu~1/12977f~1.2mp/bin/../lib/gcc/arm-none-eabi/12.2.1/thumb/v6-m/nofp\libg.a(libc_a-readr.o)
 .text._read_r  0x00000000       0x28 c:/progra~2/armgnu~1/12977f~1.2mp/bin/../lib/gcc/arm-none-eabi/12.2.1/thumb/v6-m/nofp\libg.a(libc_a-readr.o)
 .debug_frame   0x00000000       0x2c c:/progra~2/armgnu~1/12977f~1.2mp/bin/../lib/gcc/arm-none-eabi/12.2.1/thumb/v6-m/nofp\libg.a(libc_a-readr.o)
 .ARM.attributes
                0x00000000       0x2c c:/progra~2/armgnu~1/12977f~1.2mp/bin/../lib/gcc/arm-none-eabi/12.2.1/thumb/v6-m/nofp\libg.a(libc_a-readr.o)
 .text          0x00000000        0x0 c:/progra~2/armgnu~1/12977f~1.2mp/bin/../lib/gcc/arm-none-eabi/12.2.1/thumb/v6-m/nofp\libg.a(libc_a-writer.o)
 .data          0x00000000        0x0 c:/progra~2/armgnu~1/12977f~1.2mp/bin/../lib/gcc/arm-none-eabi/12.2.1/thumb/v6-m/nofp\libg.a(libc_a-writer.o)
 .bss           0x00000000        0x0 c:/progra~2/armgnu~1/12977f~1.2mp/bin/../lib/gcc/arm-none-eabi/12.2.1/thumb/v6-m/nofp\libg.a(libc_a-writer.o)
 .text._write_r
                0x00000000       0x28 c:/progra~2/armgnu~1/12977f~1.2mp/bin/../lib/gcc/arm-none-eabi/12.2.1/thumb/v6-m/nofp\libg.a(libc_a-writer.o)
 .debug_frame   0x00000000       0x2c c:/progra~2/armgnu~1/12977f~1.2mp/bin/../lib/gcc/arm-none-eabi/12.2.1/thumb/v6-m/nofp\libg.a(libc_a-writer.o)
 .ARM.attributes
                0x00000000       0x2c c:/progra~2/armgnu~1/12977f~1.2mp/bin/../lib/gcc/arm-none-eabi/12.2.1/thumb/v6-m/nofp\libg.a(libc_a-writer.o)
 .text          0x00000000        0x0 c:/progra~2/armgnu~1/12977f~1.2mp/bin/../lib/gcc/arm-none-eabi/12.2.1/thumb/v6-m/nofp\libg.a(libc_a-init.o)
 .data          0x00000000        0x0 c:/progra~2/armgnu~1/12977f~1.2mp/bin/../lib/gcc/arm-none-eabi/12.2.1/thumb/v6-m/nofp\libg.a(libc_a-init.o)
 .bss           0x00000000        0x0 c:/progra~2/armgnu~1/12977f~1.2mp/bin/../lib/gcc/arm-none-eabi/12.2.1/thumb/v6-m/nofp\libg.a(libc_a-init.o)
 .text          0x00000000        0x0 c:/progra~2/armgnu~1/12977f~1.2mp/bin/../lib/gcc/arm-none-eabi/12.2.1/thumb/v6-m/nofp\libg.a(libc_a-lock.o)
 .data          0x00000000        0x0 c:/progra~2/armgnu~1/12977f~1.2mp/bin/../lib/gcc/arm-none-eabi/12.2.1/thumb/v6-m/nofp\libg.a(libc_a-lock.o)
 .bss           0x00000000        0x0 c:/progra~2/armgnu~1/12977f~1.2mp/bin/../lib/gcc/arm-none-eabi/12.2.1/thumb/v6-m/nofp\libg.a(libc_a-lock.o)
 .text.__retarget_lock_init
                0x00000000        0x4 c:/progra~2/armgnu~1/12977f~1.2mp/bin/../lib/gcc/arm-none-eabi/12.2.1/thumb/v6-m/nofp\libg.a(libc_a-lock.o)
 .text.__retarget_lock_init_recursive
                0x00000000        0x4 c:/progra~2/armgnu~1/12977f~1.2mp/bin/../lib/gcc/arm-none-eabi/12.2.1/thumb/v6-m/nofp\libg.a(libc_a-lock.o)
 .text.__retarget_lock_close
                0x00000000        0x4 c:/progra~2/armgnu~1/12977f~1.2mp/bin/../lib/gcc/arm-none-eabi/12.2.1/thumb/v6-m/nofp\libg.a(libc_a-lock.o)
 .text.__retarget_lock_close_recursive
                0x00000000        0x4 c:/progra~2/armgnu~1/12977f~1.2mp/bin/../lib/gcc/arm-none-eabi/12.2.1/thumb/v6-m/nofp\libg.a(libc_a-lock.o)
 .text.__retarget_lock_acquire
                0x00000000        0x4 c:/progra~2/armgnu~1/12977f~1.2mp/bin/../lib/gcc/arm-none-eabi/12.2.1/thumb/v6-m/nofp\libg.a(libc_a-lock.o)
 .text.__retarget_lock_try_acquire
                0x00000000        0x4 c:/progra~2/armgnu~1/12977f~1.2mp/bin/../lib/gcc/arm-none-eabi/12.2.1/thumb/v6-m/nofp\libg.a(libc_a-lock.o)
 .text.__retarget_lock_try_acquire_recursive
                0x00000000        0x4 c:/progra~2/armgnu~1/12977f~1.2mp/bin/../lib/gcc/arm-none-eabi/12.2.1/thumb/v6-m/nofp\libg.a(libc_a-lock.o)
 .text.__retarget_lock_release
                0x00000000        0x4 c:/progra~2/armgnu~1/12977f~1.2mp/bin/../lib/gcc/arm-none-eabi/12.2.1/thumb/v6-m/nofp\libg.a(libc_a-lock.o)
 .bss.__lock___arc4random_mutex
                0x00000000        0x1 c:/progra~2/armgnu~1/12977f~1.2mp/bin/../lib/gcc/arm-none-eabi/12.2.1/thumb/v6-m/nofp\libg.a(libc_a-lock.o)
 .bss.__lock___dd_hash_mutex
                0x00000000        0x1 c:/progra~2/armgnu~1/12977f~1.2mp/bin/../lib/gcc/arm-none-eabi/12.2.1/thumb/v6-m/nofp\libg.a(libc_a-lock.o)
 .bss.__lock___tz_mutex
                0x00000000        0x1 c:/progra~2/armgnu~1/12977f~1.2mp/bin/../lib/gcc/arm-none-eabi/12.2.1/thumb/v6-m/nofp\libg.a(libc_a-lock.o)
 .bss.__lock___env_recursive_mutex
                0x00000000        0x1 c:/progra~2/armgnu~1/12977f~1.2mp/bin/../lib/gcc/arm-none-eabi/12.2.1/thumb/v6-m/nofp\libg.a(libc_a-lock.o)
 .bss.__lock___malloc_recursive_mutex
                0x00000000        0x1 c:/progra~2/armgnu~1/12977f~1.2mp/bin/../lib/gcc/arm-none-eabi/12.2.1/thumb/v6-m/nofp\libg.a(libc_a-lock.o)
 .bss.__lock___at_quick_exit_mutex
                0x00000000        0x1 c:/progra~2/armgnu~1/12977f~1.2mp/bin/../lib/gcc/arm-none-eabi/12.2.1/thumb/v6-m/nofp\libg.a(libc_a-lock.o)
 .bss.__lock___sfp_recursive_mutex
                0x00000000        0x1 c:/progra~2/armgnu~1/12977f~1.2mp/bin/../lib/gcc/arm-none-eabi/12.2.1/thumb/v6-m/nofp\libg.a(libc_a-lock.o)
 .text          0x00000000        0x0 c:/progra~2/armgnu~1/12977f~1.2mp/bin/../lib/gcc/arm-none-eabi/12.2.1/thumb/v6-m/nofp\libg.a(libc_a-__call_atexit.o)
 .data          0x00000000        0x0 c:/progra~2/armgnu~1/12977f~1.2mp/bin/../lib/gcc/arm-none-eabi/12.2.1/thumb/v6-m/nofp\libg.a(libc_a-__call_atexit.o)
 .bss           0x00000000        0x0 c:/progra~2/armgnu~1/12977f~1.2mp/bin/../lib/gcc/arm-none-eabi/12.2.1/thumb/v6-m/nofp\libg.a(libc_a-__call_atexit.o)
 .text.__call_exitprocs
                0x00000000       0xe8 c:/progra~2/armgnu~1/12977f~1.2mp/bin/../lib/gcc/arm-none-eabi/12.2.1/thumb/v6-m/nofp\libg.a(libc_a-__call_atexit.o)
 .text          0x00000000        0x0 c:/progra~2/armgnu~1/12977f~1.2mp/bin/../lib/gcc/arm-none-eabi/12.2.1/thumb/v6-m/nofp\libg.a(libc_a-atexit.o)
 .data          0x00000000        0x0 c:/progra~2/armgnu~1/12977f~1.2mp/bin/../lib/gcc/arm-none-eabi/12.2.1/thumb/v6-m/nofp\libg.a(libc_a-atexit.o)
 .bss           0x00000000        0x0 c:/progra~2/armgnu~1/12977f~1.2mp/bin/../lib/gcc/arm-none-eabi/12.2.1/thumb/v6-m/nofp\libg.a(libc_a-atexit.o)
 .text          0x00000000        0x0 c:/progra~2/armgnu~1/12977f~1.2mp/bin/../lib/gcc/arm-none-eabi/12.2.1/thumb/v6-m/nofp\libg.a(libc_a-freer.o)
 .data          0x00000000        0x0 c:/progra~2/armgnu~1/12977f~1.2mp/bin/../lib/gcc/arm-none-eabi/12.2.1/thumb/v6-m/nofp\libg.a(libc_a-freer.o)
 .bss           0x00000000        0x0 c:/progra~2/armgnu~1/12977f~1.2mp/bin/../lib/gcc/arm-none-eabi/12.2.1/thumb/v6-m/nofp\libg.a(libc_a-freer.o)
 .text._malloc_trim_r
                0x00000000       0xb4 c:/progra~2/armgnu~1/12977f~1.2mp/bin/../lib/gcc/arm-none-eabi/12.2.1/thumb/v6-m/nofp\libg.a(libc_a-freer.o)
 .text._free_r  0x00000000      0x1d4 c:/progra~2/armgnu~1/12977f~1.2mp/bin/../lib/gcc/arm-none-eabi/12.2.1/thumb/v6-m/nofp\libg.a(libc_a-freer.o)
 .debug_frame   0x00000000       0x5c c:/progra~2/armgnu~1/12977f~1.2mp/bin/../lib/gcc/arm-none-eabi/12.2.1/thumb/v6-m/nofp\libg.a(libc_a-freer.o)
 .ARM.attributes
                0x00000000       0x2c c:/progra~2/armgnu~1/12977f~1.2mp/bin/../lib/gcc/arm-none-eabi/12.2.1/thumb/v6-m/nofp\libg.a(libc_a-freer.o)
 .text          0x00000000        0x0 c:/progra~2/armgnu~1/12977f~1.2mp/bin/../lib/gcc/arm-none-eabi/12.2.1/thumb/v6-m/nofp\libg.a(libc_a-mallocr.o)
 .data          0x00000000        0x0 c:/progra~2/armgnu~1/12977f~1.2mp/bin/../lib/gcc/arm-none-eabi/12.2.1/thumb/v6-m/nofp\libg.a(libc_a-mallocr.o)
 .bss           0x00000000        0x0 c:/progra~2/armgnu~1/12977f~1.2mp/bin/../lib/gcc/arm-none-eabi/12.2.1/thumb/v6-m/nofp\libg.a(libc_a-mallocr.o)
 .text._malloc_r
                0x00000000      0x5c4 c:/progra~2/armgnu~1/12977f~1.2mp/bin/../lib/gcc/arm-none-eabi/12.2.1/thumb/v6-m/nofp\libg.a(libc_a-mallocr.o)
 .bss.__malloc_current_mallinfo
                0x00000000       0x28 c:/progra~2/armgnu~1/12977f~1.2mp/bin/../lib/gcc/arm-none-eabi/12.2.1/thumb/v6-m/nofp\libg.a(libc_a-mallocr.o)
 .bss.__malloc_max_total_mem
                0x00000000        0x4 c:/progra~2/armgnu~1/12977f~1.2mp/bin/../lib/gcc/arm-none-eabi/12.2.1/thumb/v6-m/nofp\libg.a(libc_a-mallocr.o)
 .bss.__malloc_max_sbrked_mem
                0x00000000        0x4 c:/progra~2/armgnu~1/12977f~1.2mp/bin/../lib/gcc/arm-none-eabi/12.2.1/thumb/v6-m/nofp\libg.a(libc_a-mallocr.o)
 .data.__malloc_sbrk_base
                0x00000000        0x4 c:/progra~2/armgnu~1/12977f~1.2mp/bin/../lib/gcc/arm-none-eabi/12.2.1/thumb/v6-m/nofp\libg.a(libc_a-mallocr.o)
 .bss.__malloc_top_pad
                0x00000000        0x4 c:/progra~2/armgnu~1/12977f~1.2mp/bin/../lib/gcc/arm-none-eabi/12.2.1/thumb/v6-m/nofp\libg.a(libc_a-mallocr.o)
 .data.__malloc_trim_threshold
                0x00000000        0x4 c:/progra~2/armgnu~1/12977f~1.2mp/bin/../lib/gcc/arm-none-eabi/12.2.1/thumb/v6-m/nofp\libg.a(libc_a-mallocr.o)
 .data.__malloc_av_
                0x00000000      0x408 c:/progra~2/armgnu~1/12977f~1.2mp/bin/../lib/gcc/arm-none-eabi/12.2.1/thumb/v6-m/nofp\libg.a(libc_a-mallocr.o)
 .debug_frame   0x00000000       0x3c c:/progra~2/armgnu~1/12977f~1.2mp/bin/../lib/gcc/arm-none-eabi/12.2.1/thumb/v6-m/nofp\libg.a(libc_a-mallocr.o)
 .ARM.attributes
                0x00000000       0x2c c:/progra~2/armgnu~1/12977f~1.2mp/bin/../lib/gcc/arm-none-eabi/12.2.1/thumb/v6-m/nofp\libg.a(libc_a-mallocr.o)
 .text          0x00000000        0x0 c:/progra~2/armgnu~1/12977f~1.2mp/bin/../lib/gcc/arm-none-eabi/12.2.1/thumb/v6-m/nofp\libg.a(libc_a-mlock.o)
 .data          0x00000000        0x0 c:/progra~2/armgnu~1/12977f~1.2mp/bin/../lib/gcc/arm-none-eabi/12.2.1/thumb/v6-m/nofp\libg.a(libc_a-mlock.o)
 .bss           0x00000000        0x0 c:/progra~2/armgnu~1/12977f~1.2mp/bin/../lib/gcc/arm-none-eabi/12.2.1/thumb/v6-m/nofp\libg.a(libc_a-mlock.o)
 .text.__malloc_lock
                0x00000000       0x10 c:/progra~2/armgnu~1/12977f~1.2mp/bin/../lib/gcc/arm-none-eabi/12.2.1/thumb/v6-m/nofp\libg.a(libc_a-mlock.o)
 .text.__malloc_unlock
                0x00000000       0x10 c:/progra~2/armgnu~1/12977f~1.2mp/bin/../lib/gcc/arm-none-eabi/12.2.1/thumb/v6-m/nofp\libg.a(libc_a-mlock.o)
 .debug_frame   0x00000000       0x40 c:/progra~2/armgnu~1/12977f~1.2mp/bin/../lib/gcc/arm-none-eabi/12.2.1/thumb/v6-m/nofp\libg.a(libc_a-mlock.o)
 .ARM.attributes
                0x00000000       0x2c c:/progra~2/armgnu~1/12977f~1.2mp/bin/../lib/gcc/arm-none-eabi/12.2.1/thumb/v6-m/nofp\libg.a(libc_a-mlock.o)
 .text          0x00000000        0x0 c:/progra~2/armgnu~1/12977f~1.2mp/bin/../lib/gcc/arm-none-eabi/12.2.1/thumb/v6-m/nofp\libg.a(libc_a-fclose.o)
 .data          0x00000000        0x0 c:/progra~2/armgnu~1/12977f~1.2mp/bin/../lib/gcc/arm-none-eabi/12.2.1/thumb/v6-m/nofp\libg.a(libc_a-fclose.o)
 .bss           0x00000000        0x0 c:/progra~2/armgnu~1/12977f~1.2mp/bin/../lib/gcc/arm-none-eabi/12.2.1/thumb/v6-m/nofp\libg.a(libc_a-fclose.o)
 .text._fclose_r
                0x00000000       0xd0 c:/progra~2/armgnu~1/12977f~1.2mp/bin/../lib/gcc/arm-none-eabi/12.2.1/thumb/v6-m/nofp\libg.a(libc_a-fclose.o)
 .text.fclose   0x00000000       0x14 c:/progra~2/armgnu~1/12977f~1.2mp/bin/../lib/gcc/arm-none-eabi/12.2.1/thumb/v6-m/nofp\libg.a(libc_a-fclose.o)
 .debug_frame   0x00000000       0x44 c:/progra~2/armgnu~1/12977f~1.2mp/bin/../lib/gcc/arm-none-eabi/12.2.1/thumb/v6-m/nofp\libg.a(libc_a-fclose.o)
 .ARM.attributes
                0x00000000       0x2c c:/progra~2/armgnu~1/12977f~1.2mp/bin/../lib/gcc/arm-none-eabi/12.2.1/thumb/v6-m/nofp\libg.a(libc_a-fclose.o)
 .text          0x00000000        0x0 c:/progra~2/armgnu~1/12977f~1.2mp/bin/../lib/gcc/arm-none-eabi/12.2.1/thumb/v6-m/nofp\libg.a(libc_a-fflush.o)
 .data          0x00000000        0x0 c:/progra~2/armgnu~1/12977f~1.2mp/bin/../lib/gcc/arm-none-eabi/12.2.1/thumb/v6-m/nofp\libg.a(libc_a-fflush.o)
 .bss           0x00000000        0x0 c:/progra~2/armgnu~1/12977f~1.2mp/bin/../lib/gcc/arm-none-eabi/12.2.1/thumb/v6-m/nofp\libg.a(libc_a-fflush.o)
 .text.__sflush_r
                0x00000000      0x148 c:/progra~2/armgnu~1/12977f~1.2mp/bin/../lib/gcc/arm-none-eabi/12.2.1/thumb/v6-m/nofp\libg.a(libc_a-fflush.o)
 .text._fflush_r
                0x00000000       0x68 c:/progra~2/armgnu~1/12977f~1.2mp/bin/../lib/gcc/arm-none-eabi/12.2.1/thumb/v6-m/nofp\libg.a(libc_a-fflush.o)
 .text.fflush   0x00000000       0x7c c:/progra~2/armgnu~1/12977f~1.2mp/bin/../lib/gcc/arm-none-eabi/12.2.1/thumb/v6-m/nofp\libg.a(libc_a-fflush.o)
 .debug_frame   0x00000000       0x6c c:/progra~2/armgnu~1/12977f~1.2mp/bin/../lib/gcc/arm-none-eabi/12.2.1/thumb/v6-m/nofp\libg.a(libc_a-fflush.o)
 .ARM.attributes
                0x00000000       0x2c c:/progra~2/armgnu~1/12977f~1.2mp/bin/../lib/gcc/arm-none-eabi/12.2.1/thumb/v6-m/nofp\libg.a(libc_a-fflush.o)
 .text          0x00000000        0x0 c:/progra~2/armgnu~1/12977f~1.2mp/bin/../lib/gcc/arm-none-eabi/12.2.1/thumb/v6-m/nofp\libg.a(libc_a-sbrkr.o)
 .data          0x00000000        0x0 c:/progra~2/armgnu~1/12977f~1.2mp/bin/../lib/gcc/arm-none-eabi/12.2.1/thumb/v6-m/nofp\libg.a(libc_a-sbrkr.o)
 .bss           0x00000000        0x0 c:/progra~2/armgnu~1/12977f~1.2mp/bin/../lib/gcc/arm-none-eabi/12.2.1/thumb/v6-m/nofp\libg.a(libc_a-sbrkr.o)
 .text._sbrk_r  0x00000000       0x24 c:/progra~2/armgnu~1/12977f~1.2mp/bin/../lib/gcc/arm-none-eabi/12.2.1/thumb/v6-m/nofp\libg.a(libc_a-sbrkr.o)
 .debug_frame   0x00000000       0x2c c:/progra~2/armgnu~1/12977f~1.2mp/bin/../lib/gcc/arm-none-eabi/12.2.1/thumb/v6-m/nofp\libg.a(libc_a-sbrkr.o)
 .ARM.attributes
                0x00000000       0x2c c:/progra~2/armgnu~1/12977f~1.2mp/bin/../lib/gcc/arm-none-eabi/12.2.1/thumb/v6-m/nofp\libg.a(libc_a-sbrkr.o)
 .text          0x00000000        0x0 c:/progra~2/armgnu~1/12977f~1.2mp/bin/../lib/gcc/arm-none-eabi/12.2.1/thumb/v6-m/nofp\libg.a(libc_a-fini.o)
 .data          0x00000000        0x0 c:/progra~2/armgnu~1/12977f~1.2mp/bin/../lib/gcc/arm-none-eabi/12.2.1/thumb/v6-m/nofp\libg.a(libc_a-fini.o)
 .bss           0x00000000        0x0 c:/progra~2/armgnu~1/12977f~1.2mp/bin/../lib/gcc/arm-none-eabi/12.2.1/thumb/v6-m/nofp\libg.a(libc_a-fini.o)
 .text          0x00000000        0x0 c:/progra~2/armgnu~1/12977f~1.2mp/bin/../lib/gcc/arm-none-eabi/12.2.1/thumb/v6-m/nofp\libg.a(libc_a-sysconf.o)
 .data          0x00000000        0x0 c:/progra~2/armgnu~1/12977f~1.2mp/bin/../lib/gcc/arm-none-eabi/12.2.1/thumb/v6-m/nofp\libg.a(libc_a-sysconf.o)
 .bss           0x00000000        0x0 c:/progra~2/armgnu~1/12977f~1.2mp/bin/../lib/gcc/arm-none-eabi/12.2.1/thumb/v6-m/nofp\libg.a(libc_a-sysconf.o)
 .text.sysconf  0x00000000       0x1c c:/progra~2/armgnu~1/12977f~1.2mp/bin/../lib/gcc/arm-none-eabi/12.2.1/thumb/v6-m/nofp\libg.a(libc_a-sysconf.o)
 .debug_frame   0x00000000       0x28 c:/progra~2/armgnu~1/12977f~1.2mp/bin/../lib/gcc/arm-none-eabi/12.2.1/thumb/v6-m/nofp\libg.a(libc_a-sysconf.o)
 .ARM.attributes
                0x00000000       0x2c c:/progra~2/armgnu~1/12977f~1.2mp/bin/../lib/gcc/arm-none-eabi/12.2.1/thumb/v6-m/nofp\libg.a(libc_a-sysconf.o)
 .text          0x00000000        0x0 c:/progra~2/armgnu~1/12977f~1.2mp/bin/../lib/gcc/arm-none-eabi/12.2.1/thumb/v6-m/nofp\libg.a(libc_a-__atexit.o)
 .data          0x00000000        0x0 c:/progra~2/armgnu~1/12977f~1.2mp/bin/../lib/gcc/arm-none-eabi/12.2.1/thumb/v6-m/nofp\libg.a(libc_a-__atexit.o)
 .bss           0x00000000        0x0 c:/progra~2/armgnu~1/12977f~1.2mp/bin/../lib/gcc/arm-none-eabi/12.2.1/thumb/v6-m/nofp\libg.a(libc_a-__atexit.o)
 .text          0x00000000        0x0 c:/progra~2/armgnu~1/12977f~1.2mp/bin/../lib/gcc/arm-none-eabi/12.2.1/thumb/v6-m/nofp\libg.a(libc_a-errno.o)
 .data          0x00000000        0x0 c:/progra~2/armgnu~1/12977f~1.2mp/bin/../lib/gcc/arm-none-eabi/12.2.1/thumb/v6-m/nofp\libg.a(libc_a-errno.o)
 .bss           0x00000000        0x0 c:/progra~2/armgnu~1/12977f~1.2mp/bin/../lib/gcc/arm-none-eabi/12.2.1/thumb/v6-m/nofp\libg.a(libc_a-errno.o)
 .text.__errno  0x00000000        0xc c:/progra~2/armgnu~1/12977f~1.2mp/bin/../lib/gcc/arm-none-eabi/12.2.1/thumb/v6-m/nofp\libg.a(libc_a-errno.o)
 .debug_frame   0x00000000       0x20 c:/progra~2/armgnu~1/12977f~1.2mp/bin/../lib/gcc/arm-none-eabi/12.2.1/thumb/v6-m/nofp\libg.a(libc_a-errno.o)
 .ARM.attributes
                0x00000000       0x2c c:/progra~2/armgnu~1/12977f~1.2mp/bin/../lib/gcc/arm-none-eabi/12.2.1/thumb/v6-m/nofp\libg.a(libc_a-errno.o)
 .text          0x00000000      0x114 c:/progra~2/armgnu~1/12977f~1.2mp/bin/../lib/gcc/arm-none-eabi/12.2.1/thumb/v6-m/nofp\libgcc.a(_udivsi3.o)
 .data          0x00000000        0x0 c:/progra~2/armgnu~1/12977f~1.2mp/bin/../lib/gcc/arm-none-eabi/12.2.1/thumb/v6-m/nofp\libgcc.a(_udivsi3.o)
 .bss           0x00000000        0x0 c:/progra~2/armgnu~1/12977f~1.2mp/bin/../lib/gcc/arm-none-eabi/12.2.1/thumb/v6-m/nofp\libgcc.a(_udivsi3.o)
 .debug_frame   0x00000000       0x20 c:/progra~2/armgnu~1/12977f~1.2mp/bin/../lib/gcc/arm-none-eabi/12.2.1/thumb/v6-m/nofp\libgcc.a(_udivsi3.o)
 .debug_line_str
                0x00000000       0xd9 c:/progra~2/armgnu~1/12977f~1.2mp/bin/../lib/gcc/arm-none-eabi/12.2.1/thumb/v6-m/nofp\libgcc.a(_udivsi3.o)
 .ARM.attributes
                0x00000000       0x1e c:/progra~2/armgnu~1/12977f~1.2mp/bin/../lib/gcc/arm-none-eabi/12.2.1/thumb/v6-m/nofp\libgcc.a(_udivsi3.o)
 .text          0x00000000        0x4 c:/progra~2/armgnu~1/12977f~1.2mp/bin/../lib/gcc/arm-none-eabi/12.2.1/thumb/v6-m/nofp\libgcc.a(_dvmd_tls.o)
 .data          0x00000000        0x0 c:/progra~2/armgnu~1/12977f~1.2mp/bin/../lib/gcc/arm-none-eabi/12.2.1/thumb/v6-m/nofp\libgcc.a(_dvmd_tls.o)
 .bss           0x00000000        0x0 c:/progra~2/armgnu~1/12977f~1.2mp/bin/../lib/gcc/arm-none-eabi/12.2.1/thumb/v6-m/nofp\libgcc.a(_dvmd_tls.o)
 .debug_line_str
                0x00000000       0xd9 c:/progra~2/armgnu~1/12977f~1.2mp/bin/../lib/gcc/arm-none-eabi/12.2.1/thumb/v6-m/nofp\libgcc.a(_dvmd_tls.o)
 .ARM.attributes
                0x00000000       0x1e c:/progra~2/armgnu~1/12977f~1.2mp/bin/../lib/gcc/arm-none-eabi/12.2.1/thumb/v6-m/nofp\libgcc.a(_dvmd_tls.o)
 .text          0x00000000        0x0 c:/progra~2/armgnu~1/12977f~1.2mp/bin/../lib/gcc/arm-none-eabi/12.2.1/thumb/v6-m/nofp/crtend.o
 .data          0x00000000        0x0 c:/progra~2/armgnu~1/12977f~1.2mp/bin/../lib/gcc/arm-none-eabi/12.2.1/thumb/v6-m/nofp/crtend.o
 .bss           0x00000000        0x0 c:/progra~2/armgnu~1/12977f~1.2mp/bin/../lib/gcc/arm-none-eabi/12.2.1/thumb/v6-m/nofp/crtend.o
 .rodata.all_implied_fbits
                0x00000000       0x24 c:/progra~2/armgnu~1/12977f~1.2mp/bin/../lib/gcc/arm-none-eabi/12.2.1/thumb/v6-m/nofp/crtend.o
 .eh_frame      0x00000000        0x4 c:/progra~2/armgnu~1/12977f~1.2mp/bin/../lib/gcc/arm-none-eabi/12.2.1/thumb/v6-m/nofp/crtend.o
 .text          0x00000000        0x0 c:/progra~2/armgnu~1/12977f~1.2mp/bin/../lib/gcc/arm-none-eabi/12.2.1/thumb/v6-m/nofp/crtn.o
 .data          0x00000000        0x0 c:/progra~2/armgnu~1/12977f~1.2mp/bin/../lib/gcc/arm-none-eabi/12.2.1/thumb/v6-m/nofp/crtn.o
 .bss           0x00000000        0x0 c:/progra~2/armgnu~1/12977f~1.2mp/bin/../lib/gcc/arm-none-eabi/12.2.1/thumb/v6-m/nofp/crtn.o

Memory Configuration

Name             Origin             Length             Attributes
RAM              0x20000000         0x00002000         xrw
FLASH            0x08000000         0x00010000         xr
*default*        0x00000000         0xffffffff

Linker script and memory map

LOAD c:/progra~2/armgnu~1/12977f~1.2mp/bin/../lib/gcc/arm-none-eabi/12.2.1/thumb/v6-m/nofp/crti.o
LOAD c:/progra~2/armgnu~1/12977f~1.2mp/bin/../lib/gcc/arm-none-eabi/12.2.1/thumb/v6-m/nofp/crtbegin.o
LOAD c:/progra~2/armgnu~1/12977f~1.2mp/bin/../lib/gcc/arm-none-eabi/12.2.1/thumb/v6-m/nofp/crt0.o
LOAD CMakeFiles/DZ2.elf.dir/src/BUFFER/buffer.c.obj
LOAD CMakeFiles/DZ2.elf.dir/src/BUTTON/button.c.obj
LOAD CMakeFiles/DZ2.elf.dir/src/DMA/dma.c.obj
LOAD CMakeFiles/DZ2.elf.dir/src/FLASH/flash.c.obj
LOAD CMakeFiles/DZ2.elf.dir/src/GPIO/setup_GPIO.c.obj
LOAD CMakeFiles/DZ2.elf.dir/src/Startup/startup_stm32f051r8tx.s.obj
LOAD CMakeFiles/DZ2.elf.dir/src/USART1/usart1_setup.c.obj
LOAD CMakeFiles/DZ2.elf.dir/src/main.c.obj
START GROUP
LOAD c:/progra~2/armgnu~1/12977f~1.2mp/bin/../lib/gcc/arm-none-eabi/12.2.1/thumb/v6-m/nofp\libgcc.a
LOAD c:/progra~2/armgnu~1/12977f~1.2mp/bin/../lib/gcc/arm-none-eabi/12.2.1/thumb/v6-m/nofp\libg.a
LOAD c:/progra~2/armgnu~1/12977f~1.2mp/bin/../lib/gcc/arm-none-eabi/12.2.1/thumb/v6-m/nofp\libc.a
END GROUP
LOAD c:/progra~2/armgnu~1/12977f~1.2mp/bin/../lib/gcc/arm-none-eabi/12.2.1/thumb/v6-m/nofp/crtend.o
LOAD c:/progra~2/armgnu~1/12977f~1.2mp/bin/../lib/gcc/arm-none-eabi/12.2.1/thumb/v6-m/nofp/crtn.o
                0x20002000                        _estack = (ORIGIN (RAM) + LENGTH (RAM))
                0x00000200                        _Min_Heap_Size = 0x200
                0x00000400                        _Min_Stack_Size = 0x400

.isr_vector     0x08000000       0xc0
                0x08000000                        . = ALIGN (0x4)
 *(.isr_vector)
 .isr_vector    0x08000000       0xc0 CMakeFiles/DZ2.elf.dir/src/Startup/startup_stm32f051r8tx.s.obj
                0x08000000                g_pfnVectors
                0x080000c0                        . = ALIGN (0x4)

.text           0x080000c0      0x684
                0x080000c0                        . = ALIGN (0x4)
 *(.text)
 *(.text*)
 .text.deregister_tm_clones
                0x080000c0       0x20 c:/progra~2/armgnu~1/12977f~1.2mp/bin/../lib/gcc/arm-none-eabi/12.2.1/thumb/v6-m/nofp/crtbegin.o
 .text.register_tm_clones
                0x080000e0       0x28 c:/progra~2/armgnu~1/12977f~1.2mp/bin/../lib/gcc/arm-none-eabi/12.2.1/thumb/v6-m/nofp/crtbegin.o
 .text.__do_global_dtors_aux
                0x08000108       0x2c c:/progra~2/armgnu~1/12977f~1.2mp/bin/../lib/gcc/arm-none-eabi/12.2.1/thumb/v6-m/nofp/crtbegin.o
 .text.frame_dummy
                0x08000134       0x24 c:/progra~2/armgnu~1/12977f~1.2mp/bin/../lib/gcc/arm-none-eabi/12.2.1/thumb/v6-m/nofp/crtbegin.o
 .text.setup_TIM2_CONTACT_BOUNCE
                0x08000158       0x44 CMakeFiles/DZ2.elf.dir/src/BUTTON/button.c.obj
 .text.setup_TIM3_COMMAND_CHOOSE
                0x0800019c       0x4c CMakeFiles/DZ2.elf.dir/src/BUTTON/button.c.obj
 .text.setup_EXTI0_BUTTON_INTERRUPT
                0x080001e8       0x38 CMakeFiles/DZ2.elf.dir/src/BUTTON/button.c.obj
 .text.EXTI0_1_IRQHandler
                0x08000220       0xb8 CMakeFiles/DZ2.elf.dir/src/BUTTON/button.c.obj
                0x08000220                EXTI0_1_IRQHandler
 .text.TIM2_IRQHandler
                0x080002d8       0x68 CMakeFiles/DZ2.elf.dir/src/BUTTON/button.c.obj
                0x080002d8                TIM2_IRQHandler
 .text.TIM3_IRQHandler
                0x08000340       0x78 CMakeFiles/DZ2.elf.dir/src/BUTTON/button.c.obj
                0x08000340                TIM3_IRQHandler
 .text.setup_BUTTON
                0x080003b8       0x20 CMakeFiles/DZ2.elf.dir/src/BUTTON/button.c.obj
                0x080003b8                setup_BUTTON
 .text.setup_DMA_TX
                0x080003d8       0x38 CMakeFiles/DZ2.elf.dir/src/DMA/dma.c.obj
 .text.setup_DMA_RX
                0x08000410       0x38 CMakeFiles/DZ2.elf.dir/src/DMA/dma.c.obj
 .text.setup_DMA_EN
                0x08000448       0x40 CMakeFiles/DZ2.elf.dir/src/DMA/dma.c.obj
 .text.setup_DMA
                0x08000488       0x24 CMakeFiles/DZ2.elf.dir/src/DMA/dma.c.obj
                0x08000488                setup_DMA
 .text.setup_GPIO
                0x080004ac       0x38 CMakeFiles/DZ2.elf.dir/src/GPIO/setup_GPIO.c.obj
                0x080004ac                setup_GPIO
 .text.Reset_Handler
                0x080004e4       0x4c CMakeFiles/DZ2.elf.dir/src/Startup/startup_stm32f051r8tx.s.obj
                0x080004e4                Reset_Handler
 .text.Default_Handler
                0x08000530        0x2 CMakeFiles/DZ2.elf.dir/src/Startup/startup_stm32f051r8tx.s.obj
                0x08000530                TIM1_CC_IRQHandler
                0x08000530                TSC_IRQHandler
                0x08000530                HardFault_Handler
                0x08000530                ADC1_COMP_IRQHandler
                0x08000530                SysTick_Handler
                0x08000530                PVD_IRQHandler
                0x08000530                PendSV_Handler
                0x08000530                NMI_Handler
                0x08000530                I2C1_IRQHandler
                0x08000530                RCC_CRS_IRQHandler
                0x08000530                SPI1_IRQHandler
                0x08000530                TIM6_DAC_IRQHandler
                0x08000530                EXTI2_3_IRQHandler
                0x08000530                I2C2_IRQHandler
                0x08000530                TIM17_IRQHandler
                0x08000530                CEC_CAN_IRQHandler
                0x08000530                RTC_IRQHandler
                0x08000530                TIM16_IRQHandler
                0x08000530                EXTI4_15_IRQHandler
                0x08000530                DMA1_Channel1_IRQHandler
                0x08000530                Default_Handler
                0x08000530                TIM14_IRQHandler
                0x08000530                DMA1_Channel4_5_IRQHandler
                0x08000530                TIM15_IRQHandler
                0x08000530                SPI2_IRQHandler
                0x08000530                SVC_Handler
                0x08000530                WWDG_IRQHandler
                0x08000530                USART2_IRQHandler
                0x08000530                FLASH_IRQHandler
                0x08000530                USART1_IRQHandler
                0x08000530                TIM1_BRK_UP_TRG_COM_IRQHandler
 .text.setup_USART1_GPIO
                0x08000532       0x1a CMakeFiles/DZ2.elf.dir/src/USART1/usart1_setup.c.obj
                0x08000532                setup_USART1_GPIO
 .text.setup_USART1_GENERAL
                0x0800054c       0x28 CMakeFiles/DZ2.elf.dir/src/USART1/usart1_setup.c.obj
                0x0800054c                setup_USART1_GENERAL
 .text.setup_USART1
                0x08000574       0x1c CMakeFiles/DZ2.elf.dir/src/USART1/usart1_setup.c.obj
                0x08000574                setup_USART1
 .text.DMA1_Channel2_3_IRQHandler
                0x08000590       0x2c CMakeFiles/DZ2.elf.dir/src/main.c.obj
                0x08000590                DMA1_Channel2_3_IRQHandler
 .text.setup_PERIPHERALS
                0x080005bc       0x20 CMakeFiles/DZ2.elf.dir/src/main.c.obj
                0x080005bc                setup_PERIPHERALS
 .text.main     0x080005dc        0x8 CMakeFiles/DZ2.elf.dir/src/main.c.obj
                0x080005dc                main
 .text.__libc_init_array
                0x080005e4       0x48 c:/progra~2/armgnu~1/12977f~1.2mp/bin/../lib/gcc/arm-none-eabi/12.2.1/thumb/v6-m/nofp\libg.a(libc_a-init.o)
                0x080005e4                __libc_init_array
 .text.__retarget_lock_acquire_recursive
                0x0800062c        0x4 c:/progra~2/armgnu~1/12977f~1.2mp/bin/../lib/gcc/arm-none-eabi/12.2.1/thumb/v6-m/nofp\libg.a(libc_a-lock.o)
                0x0800062c                __retarget_lock_acquire_recursive
 .text.__retarget_lock_release_recursive
                0x08000630        0x4 c:/progra~2/armgnu~1/12977f~1.2mp/bin/../lib/gcc/arm-none-eabi/12.2.1/thumb/v6-m/nofp\libg.a(libc_a-lock.o)
                0x08000630                __retarget_lock_release_recursive
 .text.startup.register_fini
                0x08000634       0x18 c:/progra~2/armgnu~1/12977f~1.2mp/bin/../lib/gcc/arm-none-eabi/12.2.1/thumb/v6-m/nofp\libg.a(libc_a-__call_atexit.o)
 .text.atexit   0x0800064c       0x10 c:/progra~2/armgnu~1/12977f~1.2mp/bin/../lib/gcc/arm-none-eabi/12.2.1/thumb/v6-m/nofp\libg.a(libc_a-atexit.o)
                0x0800064c                atexit
 .text.__libc_fini_array
                0x0800065c       0x28 c:/progra~2/armgnu~1/12977f~1.2mp/bin/../lib/gcc/arm-none-eabi/12.2.1/thumb/v6-m/nofp\libg.a(libc_a-fini.o)
                0x0800065c                __libc_fini_array
 .text.__register_exitproc
                0x08000684       0xa8 c:/progra~2/armgnu~1/12977f~1.2mp/bin/../lib/gcc/arm-none-eabi/12.2.1/thumb/v6-m/nofp\libg.a(libc_a-__atexit.o)
                0x08000684                __register_exitproc
 *(.glue_7)
 .glue_7        0x0800072c        0x0 linker stubs
 *(.glue_7t)
 .glue_7t       0x0800072c        0x0 linker stubs
 *(.eh_frame)
 .eh_frame      0x0800072c        0x0 c:/progra~2/armgnu~1/12977f~1.2mp/bin/../lib/gcc/arm-none-eabi/12.2.1/thumb/v6-m/nofp/crtbegin.o
 *(.init)
 .init          0x0800072c        0x4 c:/progra~2/armgnu~1/12977f~1.2mp/bin/../lib/gcc/arm-none-eabi/12.2.1/thumb/v6-m/nofp/crti.o
                0x0800072c                _init
 .init          0x08000730        0x8 c:/progra~2/armgnu~1/12977f~1.2mp/bin/../lib/gcc/arm-none-eabi/12.2.1/thumb/v6-m/nofp/crtn.o
 *(.fini)
 .fini          0x08000738        0x4 c:/progra~2/armgnu~1/12977f~1.2mp/bin/../lib/gcc/arm-none-eabi/12.2.1/thumb/v6-m/nofp/crti.o
                0x08000738                _fini
 .fini          0x0800073c        0x8 c:/progra~2/armgnu~1/12977f~1.2mp/bin/../lib/gcc/arm-none-eabi/12.2.1/thumb/v6-m/nofp/crtn.o
                0x08000744                        . = ALIGN (0x4)
                0x08000744                        _etext = .

.vfp11_veneer   0x08000744        0x0
 .vfp11_veneer  0x08000744        0x0 linker stubs

.v4_bx          0x08000744        0x0
 .v4_bx         0x08000744        0x0 linker stubs

.iplt           0x08000744        0x0
 .iplt          0x08000744        0x0 c:/progra~2/armgnu~1/12977f~1.2mp/bin/../lib/gcc/arm-none-eabi/12.2.1/thumb/v6-m/nofp/crtbegin.o

.rel.dyn        0x08000744        0x0
 .rel.iplt      0x08000744        0x0 c:/progra~2/armgnu~1/12977f~1.2mp/bin/../lib/gcc/arm-none-eabi/12.2.1/thumb/v6-m/nofp/crtbegin.o

.rodata         0x08000744        0x0
                0x08000744                        . = ALIGN (0x4)
 *(.rodata)
 *(.rodata*)
                0x08000744                        . = ALIGN (0x4)

.ARM.extab      0x08000744        0x0
                0x08000744                        . = ALIGN (0x4)
 *(.ARM.extab* .gnu.linkonce.armextab.*)
                0x08000744                        . = ALIGN (0x4)

.ARM            0x08000744        0x0
                0x08000744                        . = ALIGN (0x4)
                0x08000744                        __exidx_start = .
 *(.ARM.exidx*)
                0x08000744                        __exidx_end = .
                0x08000744                        . = ALIGN (0x4)

.preinit_array  0x08000744        0x0
                0x08000744                        . = ALIGN (0x4)
                0x08000744                        PROVIDE (__preinit_array_start = .)
 *(.preinit_array*)
                0x08000744                        PROVIDE (__preinit_array_end = .)
                0x08000744                        . = ALIGN (0x4)

.init_array     0x08000744        0x8
                0x08000744                        . = ALIGN (0x4)
                0x08000744                        PROVIDE (__init_array_start = .)
 *(SORT_BY_NAME(.init_array.*))
 .init_array.00000
                0x08000744        0x4 c:/progra~2/armgnu~1/12977f~1.2mp/bin/../lib/gcc/arm-none-eabi/12.2.1/thumb/v6-m/nofp\libg.a(libc_a-__call_atexit.o)
 *(.init_array*)
 .init_array    0x08000748        0x4 c:/progra~2/armgnu~1/12977f~1.2mp/bin/../lib/gcc/arm-none-eabi/12.2.1/thumb/v6-m/nofp/crtbegin.o
                0x0800074c                        PROVIDE (__init_array_end = .)
                0x0800074c                        . = ALIGN (0x4)

.fini_array     0x0800074c        0x4
                0x0800074c                        . = ALIGN (0x4)
                0x0800074c                        PROVIDE (__fini_array_start = .)
 *(SORT_BY_NAME(.fini_array.*))
 *(.fini_array*)
 .fini_array    0x0800074c        0x4 c:/progra~2/armgnu~1/12977f~1.2mp/bin/../lib/gcc/arm-none-eabi/12.2.1/thumb/v6-m/nofp/crtbegin.o
                0x08000750                        PROVIDE (__fini_array_end = .)
                0x08000750                        . = ALIGN (0x4)
                0x08000750                        _sidata = LOADADDR (.data)

.data           0x20000000        0x8 load address 0x08000750
                0x20000000                        . = ALIGN (0x4)
                0x20000000                        _sdata = .
 *(.data)
 *(.data*)
 .data.timer3_init
                0x20000000        0x1 CMakeFiles/DZ2.elf.dir/src/BUTTON/button.c.obj
                0x20000000                timer3_init
 .data.timer2_init
                0x20000001        0x1 CMakeFiles/DZ2.elf.dir/src/BUTTON/button.c.obj
                0x20000001                timer2_init
 *fill*         0x20000002        0x2 
 .data.__atexit_recursive_mutex
                0x20000004        0x4 c:/progra~2/armgnu~1/12977f~1.2mp/bin/../lib/gcc/arm-none-eabi/12.2.1/thumb/v6-m/nofp\libg.a(libc_a-__call_atexit.o)
                0x20000004                __atexit_recursive_mutex
 *(.RamFunc)
 *(.RamFunc*)
                0x20000008                        . = ALIGN (0x4)
                0x20000008                        _edata = .

.tm_clone_table
                0x20000008        0x0 load address 0x08000758
 .tm_clone_table
                0x20000008        0x0 c:/progra~2/armgnu~1/12977f~1.2mp/bin/../lib/gcc/arm-none-eabi/12.2.1/thumb/v6-m/nofp/crtbegin.o
 .tm_clone_table
                0x20000008        0x0 c:/progra~2/armgnu~1/12977f~1.2mp/bin/../lib/gcc/arm-none-eabi/12.2.1/thumb/v6-m/nofp/crtend.o

.igot.plt       0x20000008        0x0 load address 0x08000758
 .igot.plt      0x20000008        0x0 c:/progra~2/armgnu~1/12977f~1.2mp/bin/../lib/gcc/arm-none-eabi/12.2.1/thumb/v6-m/nofp/crtbegin.o
                0x20000008                        . = ALIGN (0x4)

.bss            0x20000008      0x9c8 load address 0x08000758
                0x20000008                        _sbss = .
                0x20000008                        __bss_start__ = _sbss
 *(.bss)
 *(.bss*)
 .bss.completed.1
                0x20000008        0x1 c:/progra~2/armgnu~1/12977f~1.2mp/bin/../lib/gcc/arm-none-eabi/12.2.1/thumb/v6-m/nofp/crtbegin.o
 *fill*         0x20000009        0x3 
 .bss.object.0  0x2000000c       0x18 c:/progra~2/armgnu~1/12977f~1.2mp/bin/../lib/gcc/arm-none-eabi/12.2.1/thumb/v6-m/nofp/crtbegin.o
 .bss.press_counter
                0x20000024        0x1 CMakeFiles/DZ2.elf.dir/src/BUTTON/button.c.obj
                0x20000024                press_counter
 .bss.catch_contact_bounce_flag
                0x20000025        0x1 CMakeFiles/DZ2.elf.dir/src/BUTTON/button.c.obj
                0x20000025                catch_contact_bounce_flag
 .bss.button_release_flag
                0x20000026        0x1 CMakeFiles/DZ2.elf.dir/src/BUTTON/button.c.obj
                0x20000026                button_release_flag
 .bss.state     0x20000027        0x1 CMakeFiles/DZ2.elf.dir/src/BUTTON/button.c.obj
                0x20000027                state
 .bss.rx_buffer
                0x20000028      0x406 CMakeFiles/DZ2.elf.dir/src/main.c.obj
                0x20000028                rx_buffer
 *fill*         0x2000042e        0x2 
 .bss.tx_buffer
                0x20000430      0x406 CMakeFiles/DZ2.elf.dir/src/main.c.obj
                0x20000430                tx_buffer
 *fill*         0x20000836        0x2 
 .bss.__lock___atexit_recursive_mutex
                0x20000838        0x1 c:/progra~2/armgnu~1/12977f~1.2mp/bin/../lib/gcc/arm-none-eabi/12.2.1/thumb/v6-m/nofp\libg.a(libc_a-lock.o)
                0x20000838                __lock___atexit_recursive_mutex
 *fill*         0x20000839        0x3 
 .bss.__atexit  0x2000083c        0x4 c:/progra~2/armgnu~1/12977f~1.2mp/bin/../lib/gcc/arm-none-eabi/12.2.1/thumb/v6-m/nofp\libg.a(libc_a-__call_atexit.o)
                0x2000083c                __atexit
 .bss.__atexit0
                0x20000840      0x190 c:/progra~2/armgnu~1/12977f~1.2mp/bin/../lib/gcc/arm-none-eabi/12.2.1/thumb/v6-m/nofp\libg.a(libc_a-__atexit.o)
                0x20000840                __atexit0
 *(COMMON)
                0x200009d0                        . = ALIGN (0x4)
                0x200009d0                        _ebss = .
                0x200009d0                        __bss_end__ = _ebss

._user_heap_stack
                0x200009d0      0x600 load address 0x08000758
                0x200009d0                        . = ALIGN (0x8)
                [!provide]                        PROVIDE (end = .)
                [!provide]                        PROVIDE (_end = .)
                0x20000bd0                        . = (. + _Min_Heap_Size)
 *fill*         0x200009d0      0x200 
                0x20000fd0                        . = (. + _Min_Stack_Size)
 *fill*         0x20000bd0      0x400 
                0x20000fd0                        . = ALIGN (0x8)

/DISCARD/
 libc.a(*)
 libm.a(*)
 libgcc.a(*)

.ARM.attributes
                0x00000000       0x28
 *(.ARM.attributes)
 .ARM.attributes
                0x00000000       0x1e c:/progra~2/armgnu~1/12977f~1.2mp/bin/../lib/gcc/arm-none-eabi/12.2.1/thumb/v6-m/nofp/crti.o
 .ARM.attributes
                0x0000001e       0x2c c:/progra~2/armgnu~1/12977f~1.2mp/bin/../lib/gcc/arm-none-eabi/12.2.1/thumb/v6-m/nofp/crtbegin.o
 .ARM.attributes
                0x0000004a       0x2c CMakeFiles/DZ2.elf.dir/src/BUTTON/button.c.obj
 .ARM.attributes
                0x00000076       0x2c CMakeFiles/DZ2.elf.dir/src/DMA/dma.c.obj
 .ARM.attributes
                0x000000a2       0x2c CMakeFiles/DZ2.elf.dir/src/GPIO/setup_GPIO.c.obj
 .ARM.attributes
                0x000000ce       0x21 CMakeFiles/DZ2.elf.dir/src/Startup/startup_stm32f051r8tx.s.obj
 .ARM.attributes
                0x000000ef       0x2c CMakeFiles/DZ2.elf.dir/src/USART1/usart1_setup.c.obj
 .ARM.attributes
                0x0000011b       0x2c CMakeFiles/DZ2.elf.dir/src/main.c.obj
 .ARM.attributes
                0x00000147       0x2c c:/progra~2/armgnu~1/12977f~1.2mp/bin/../lib/gcc/arm-none-eabi/12.2.1/thumb/v6-m/nofp\libg.a(libc_a-init.o)
 .ARM.attributes
                0x00000173       0x2c c:/progra~2/armgnu~1/12977f~1.2mp/bin/../lib/gcc/arm-none-eabi/12.2.1/thumb/v6-m/nofp\libg.a(libc_a-lock.o)
 .ARM.attributes
                0x0000019f       0x2c c:/progra~2/armgnu~1/12977f~1.2mp/bin/../lib/gcc/arm-none-eabi/12.2.1/thumb/v6-m/nofp\libg.a(libc_a-__call_atexit.o)
 .ARM.attributes
                0x000001cb       0x2c c:/progra~2/armgnu~1/12977f~1.2mp/bin/../lib/gcc/arm-none-eabi/12.2.1/thumb/v6-m/nofp\libg.a(libc_a-atexit.o)
 .ARM.attributes
                0x000001f7       0x2c c:/progra~2/armgnu~1/12977f~1.2mp/bin/../lib/gcc/arm-none-eabi/12.2.1/thumb/v6-m/nofp\libg.a(libc_a-fini.o)
 .ARM.attributes
                0x00000223       0x2c c:/progra~2/armgnu~1/12977f~1.2mp/bin/../lib/gcc/arm-none-eabi/12.2.1/thumb/v6-m/nofp\libg.a(libc_a-__atexit.o)
 .ARM.attributes
                0x0000024f       0x2c c:/progra~2/armgnu~1/12977f~1.2mp/bin/../lib/gcc/arm-none-eabi/12.2.1/thumb/v6-m/nofp/crtend.o
 .ARM.attributes
                0x0000027b       0x1e c:/progra~2/armgnu~1/12977f~1.2mp/bin/../lib/gcc/arm-none-eabi/12.2.1/thumb/v6-m/nofp/crtn.o
OUTPUT(DZ2.elf elf32-littlearm)
LOAD linker stubs
LOAD c:/progra~2/armgnu~1/12977f~1.2mp/bin/../lib/gcc/arm-none-eabi/12.2.1/thumb/v6-m/nofp\libc.a
LOAD c:/progra~2/armgnu~1/12977f~1.2mp/bin/../lib/gcc/arm-none-eabi/12.2.1/thumb/v6-m/nofp\libm.a
LOAD c:/progra~2/armgnu~1/12977f~1.2mp/bin/../lib/gcc/arm-none-eabi/12.2.1/thumb/v6-m/nofp\libgcc.a

.debug_info     0x00000000     0x181e
 .debug_info    0x00000000      0x8bc CMakeFiles/DZ2.elf.dir/src/BUTTON/button.c.obj
 .debug_info    0x000008bc      0x6a8 CMakeFiles/DZ2.elf.dir/src/DMA/dma.c.obj
 .debug_info    0x00000f64      0x1f8 CMakeFiles/DZ2.elf.dir/src/GPIO/setup_GPIO.c.obj
 .debug_info    0x0000115c       0x30 CMakeFiles/DZ2.elf.dir/src/Startup/startup_stm32f051r8tx.s.obj
 .debug_info    0x0000118c      0x310 CMakeFiles/DZ2.elf.dir/src/USART1/usart1_setup.c.obj
 .debug_info    0x0000149c      0x382 CMakeFiles/DZ2.elf.dir/src/main.c.obj

.debug_abbrev   0x00000000      0x78e
 .debug_abbrev  0x00000000      0x21c CMakeFiles/DZ2.elf.dir/src/BUTTON/button.c.obj
 .debug_abbrev  0x0000021c      0x22f CMakeFiles/DZ2.elf.dir/src/DMA/dma.c.obj
 .debug_abbrev  0x0000044b       0xb3 CMakeFiles/DZ2.elf.dir/src/GPIO/setup_GPIO.c.obj
 .debug_abbrev  0x000004fe       0x24 CMakeFiles/DZ2.elf.dir/src/Startup/startup_stm32f051r8tx.s.obj
 .debug_abbrev  0x00000522       0xd8 CMakeFiles/DZ2.elf.dir/src/USART1/usart1_setup.c.obj
 .debug_abbrev  0x000005fa      0x194 CMakeFiles/DZ2.elf.dir/src/main.c.obj

.debug_loclists
                0x00000000       0xfe
 .debug_loclists
                0x00000000       0x78 CMakeFiles/DZ2.elf.dir/src/BUTTON/button.c.obj
 .debug_loclists
                0x00000078       0x65 CMakeFiles/DZ2.elf.dir/src/DMA/dma.c.obj
 .debug_loclists
                0x000000dd       0x21 CMakeFiles/DZ2.elf.dir/src/main.c.obj

.debug_aranges  0x00000000      0x138
 .debug_aranges
                0x00000000       0x50 CMakeFiles/DZ2.elf.dir/src/BUTTON/button.c.obj
 .debug_aranges
                0x00000050       0x38 CMakeFiles/DZ2.elf.dir/src/DMA/dma.c.obj
 .debug_aranges
                0x00000088       0x20 CMakeFiles/DZ2.elf.dir/src/GPIO/setup_GPIO.c.obj
 .debug_aranges
                0x000000a8       0x28 CMakeFiles/DZ2.elf.dir/src/Startup/startup_stm32f051r8tx.s.obj
 .debug_aranges
                0x000000d0       0x30 CMakeFiles/DZ2.elf.dir/src/USART1/usart1_setup.c.obj
 .debug_aranges
                0x00000100       0x38 CMakeFiles/DZ2.elf.dir/src/main.c.obj

.debug_rnglists
                0x00000000       0xcd
 .debug_rnglists
                0x00000000       0x38 CMakeFiles/DZ2.elf.dir/src/BUTTON/button.c.obj
 .debug_rnglists
                0x00000038       0x25 CMakeFiles/DZ2.elf.dir/src/DMA/dma.c.obj
 .debug_rnglists
                0x0000005d       0x13 CMakeFiles/DZ2.elf.dir/src/GPIO/setup_GPIO.c.obj
 .debug_rnglists
                0x00000070       0x19 CMakeFiles/DZ2.elf.dir/src/Startup/startup_stm32f051r8tx.s.obj
 .debug_rnglists
                0x00000089       0x1f CMakeFiles/DZ2.elf.dir/src/USART1/usart1_setup.c.obj
 .debug_rnglists
                0x000000a8       0x25 CMakeFiles/DZ2.elf.dir/src/main.c.obj

.debug_line     0x00000000     0x10cf
 .debug_line    0x00000000      0x536 CMakeFiles/DZ2.elf.dir/src/BUTTON/button.c.obj
 .debug_line    0x00000536      0x301 CMakeFiles/DZ2.elf.dir/src/DMA/dma.c.obj
 .debug_line    0x00000837      0x1b9 CMakeFiles/DZ2.elf.dir/src/GPIO/setup_GPIO.c.obj
 .debug_line    0x000009f0       0x7a CMakeFiles/DZ2.elf.dir/src/Startup/startup_stm32f051r8tx.s.obj
 .debug_line    0x00000a6a      0x205 CMakeFiles/DZ2.elf.dir/src/USART1/usart1_setup.c.obj
 .debug_line    0x00000c6f      0x460 CMakeFiles/DZ2.elf.dir/src/main.c.obj

.debug_str      0x00000000      0x999
 .debug_str     0x00000000      0x620 CMakeFiles/DZ2.elf.dir/src/BUTTON/button.c.obj
                                0x681 (size before relaxing)
 .debug_str     0x00000620       0xe0 CMakeFiles/DZ2.elf.dir/src/DMA/dma.c.obj
                                0x576 (size before relaxing)
 .debug_str     0x00000700       0x67 CMakeFiles/DZ2.elf.dir/src/GPIO/setup_GPIO.c.obj
                                0x297 (size before relaxing)
 .debug_str     0x00000767       0x86 CMakeFiles/DZ2.elf.dir/src/Startup/startup_stm32f051r8tx.s.obj
                                 0xde (size before relaxing)
 .debug_str     0x000007ed       0x94 CMakeFiles/DZ2.elf.dir/src/USART1/usart1_setup.c.obj
                                0x304 (size before relaxing)
 .debug_str     0x00000881      0x118 CMakeFiles/DZ2.elf.dir/src/main.c.obj
                                0x333 (size before relaxing)

.comment        0x00000000       0x55
 .comment       0x00000000       0x55 CMakeFiles/DZ2.elf.dir/src/BUTTON/button.c.obj
                                 0x56 (size before relaxing)
 .comment       0x00000055       0x56 CMakeFiles/DZ2.elf.dir/src/DMA/dma.c.obj
 .comment       0x00000055       0x56 CMakeFiles/DZ2.elf.dir/src/GPIO/setup_GPIO.c.obj
 .comment       0x00000055       0x56 CMakeFiles/DZ2.elf.dir/src/USART1/usart1_setup.c.obj
 .comment       0x00000055       0x56 CMakeFiles/DZ2.elf.dir/src/main.c.obj

.debug_frame    0x00000000      0x36c
 .debug_frame   0x00000000       0x88 CMakeFiles/DZ2.elf.dir/src/BUTTON/button.c.obj
 .debug_frame   0x00000088       0x58 CMakeFiles/DZ2.elf.dir/src/DMA/dma.c.obj
 .debug_frame   0x000000e0       0x20 CMakeFiles/DZ2.elf.dir/src/GPIO/setup_GPIO.c.obj
 .debug_frame   0x00000100       0x48 CMakeFiles/DZ2.elf.dir/src/USART1/usart1_setup.c.obj
 .debug_frame   0x00000148       0x68 CMakeFiles/DZ2.elf.dir/src/main.c.obj
 .debug_frame   0x000001b0       0x2c c:/progra~2/armgnu~1/12977f~1.2mp/bin/../lib/gcc/arm-none-eabi/12.2.1/thumb/v6-m/nofp\libg.a(libc_a-init.o)
 .debug_frame   0x000001dc       0xb0 c:/progra~2/armgnu~1/12977f~1.2mp/bin/../lib/gcc/arm-none-eabi/12.2.1/thumb/v6-m/nofp\libg.a(libc_a-lock.o)
 .debug_frame   0x0000028c       0x54 c:/progra~2/armgnu~1/12977f~1.2mp/bin/../lib/gcc/arm-none-eabi/12.2.1/thumb/v6-m/nofp\libg.a(libc_a-__call_atexit.o)
 .debug_frame   0x000002e0       0x28 c:/progra~2/armgnu~1/12977f~1.2mp/bin/../lib/gcc/arm-none-eabi/12.2.1/thumb/v6-m/nofp\libg.a(libc_a-atexit.o)
 .debug_frame   0x00000308       0x2c c:/progra~2/armgnu~1/12977f~1.2mp/bin/../lib/gcc/arm-none-eabi/12.2.1/thumb/v6-m/nofp\libg.a(libc_a-fini.o)
 .debug_frame   0x00000334       0x38 c:/progra~2/armgnu~1/12977f~1.2mp/bin/../lib/gcc/arm-none-eabi/12.2.1/thumb/v6-m/nofp\libg.a(libc_a-__atexit.o)

.debug_line_str
                0x00000000       0xc2
 .debug_line_str
                0x00000000       0xc2 CMakeFiles/DZ2.elf.dir/src/Startup/startup_stm32f051r8tx.s.obj
